core_cm3.h:1323:22:NVIC_EnableIRQ	16	static
core_cm3.h:1375:22:NVIC_ClearPendingIRQ	16	static
gpio_17xx_40xx.h:88:20:Chip_GPIO_SetPinState	16	static
gpio_17xx_40xx.h:106:20:Chip_GPIO_WritePortBit	24	static
gpio_17xx_40xx.h:144:20:Chip_GPIO_SetPinDIROutput	16	static
gpio_17xx_40xx.h:156:20:Chip_GPIO_SetPinDIRInput	16	static
gpio_17xx_40xx.h:169:20:Chip_GPIO_SetPinDIR	16	static
gpio_17xx_40xx.h:190:20:Chip_GPIO_WriteDirBit	16	static
timer_17xx_40xx.h:124:20:Chip_TIMER_CapturePending	16	static
timer_17xx_40xx.h:148:20:Chip_TIMER_ClearCapture	16	static
timer_17xx_40xx.h:159:20:Chip_TIMER_Enable	16	static
timer_17xx_40xx.h:204:20:Chip_TIMER_PrescaleSet	16	static
timer_17xx_40xx.h:229:24:Chip_TIMER_ReadCapture	16	static
timer_17xx_40xx.h:344:20:Chip_TIMER_CaptureFallingEdgeEnable	16	static
timer_17xx_40xx.h:370:20:Chip_TIMER_CaptureEnableInt	16	static
freertos_blinky.c:50:13:prvSetupHardware	8	static
freertos_blinky.c:67:13:vLEDTask1	24	static
freertos_blinky.c:81:13:vLEDTask2	24	static
freertos_blinky.c:95:13:vUARTTask	80	static
freertos_blinky.c:136:5:main	16	static
freertos_blinky.c:160:6:TIMER3_IRQHandler	16	static
