Archive member included to satisfy reference by file (symbol)

C:\Users\Juan Diego\Documents\MCUXpressoIDE_11.3.0_5222\workspace\lpc_board_nxp_lpcxpresso_1769\Debug\liblpc_board_nxp_lpcxpresso_1769.a(board.o)
                              ./freertos/src/FreeRTOSCommonHooks.o (Board_UARTPutSTR)
C:\Users\Juan Diego\Documents\MCUXpressoIDE_11.3.0_5222\workspace\lpc_board_nxp_lpcxpresso_1769\Debug\liblpc_board_nxp_lpcxpresso_1769.a(board_sysinit.o)
                              ./example/src/sysinit.o (Board_SystemInit)
C:\Users\Juan Diego\Documents\MCUXpressoIDE_11.3.0_5222\workspace\lpc_chip_175x_6x\Debug\liblpc_chip_175x_6x.a(chip_17xx_40xx.o)
                              ./freertos/src/port.o (SystemCoreClock)
C:\Users\Juan Diego\Documents\MCUXpressoIDE_11.3.0_5222\workspace\lpc_chip_175x_6x\Debug\liblpc_chip_175x_6x.a(clock_17xx_40xx.o)
                              C:\Users\Juan Diego\Documents\MCUXpressoIDE_11.3.0_5222\workspace\lpc_chip_175x_6x\Debug\liblpc_chip_175x_6x.a(chip_17xx_40xx.o) (Chip_Clock_EnablePLL)
C:\Users\Juan Diego\Documents\MCUXpressoIDE_11.3.0_5222\workspace\lpc_chip_175x_6x\Debug\liblpc_chip_175x_6x.a(i2s_17xx_40xx.o)
                              C:\Users\Juan Diego\Documents\MCUXpressoIDE_11.3.0_5222\workspace\lpc_board_nxp_lpcxpresso_1769\Debug\liblpc_board_nxp_lpcxpresso_1769.a(board.o) (Chip_I2S_Init)
C:\Users\Juan Diego\Documents\MCUXpressoIDE_11.3.0_5222\workspace\lpc_chip_175x_6x\Debug\liblpc_chip_175x_6x.a(iocon_17xx_40xx.o)
                              ./example/src/freertos_blinky.o (Chip_IOCON_PinMux)
C:\Users\Juan Diego\Documents\MCUXpressoIDE_11.3.0_5222\workspace\lpc_chip_175x_6x\Debug\liblpc_chip_175x_6x.a(sysinit_17xx_40xx.o)
                              C:\Users\Juan Diego\Documents\MCUXpressoIDE_11.3.0_5222\workspace\lpc_board_nxp_lpcxpresso_1769\Debug\liblpc_board_nxp_lpcxpresso_1769.a(board_sysinit.o) (Chip_SetupXtalClocking)
C:\Users\Juan Diego\Documents\MCUXpressoIDE_11.3.0_5222\workspace\lpc_chip_175x_6x\Debug\liblpc_chip_175x_6x.a(timer_17xx_40xx.o)
                              ./example/src/freertos_blinky.o (Chip_TIMER_Init)
C:\Users\Juan Diego\Documents\MCUXpressoIDE_11.3.0_5222\workspace\lpc_chip_175x_6x\Debug\liblpc_chip_175x_6x.a(uart_17xx_40xx.o)
                              C:\Users\Juan Diego\Documents\MCUXpressoIDE_11.3.0_5222\workspace\lpc_board_nxp_lpcxpresso_1769\Debug\liblpc_board_nxp_lpcxpresso_1769.a(board.o) (Chip_UART_Init)
C:\Users\Juan Diego\Documents\MCUXpressoIDE_11.3.0_5222\workspace\lpc_chip_175x_6x\Debug\liblpc_chip_175x_6x.a(ring_buffer.o)
                              C:\Users\Juan Diego\Documents\MCUXpressoIDE_11.3.0_5222\workspace\lpc_chip_175x_6x\Debug\liblpc_chip_175x_6x.a(uart_17xx_40xx.o) (RingBuffer_Insert)
c:/nxp/mcuxpressoide_11.3.0_5222/ide/plugins/com.nxp.mcuxpresso.tools.win32_11.3.0.202008311133/tools/bin/../lib/gcc/arm-none-eabi/9.3.1/../../../../arm-none-eabi/lib/thumb/v7-m/nofp\libcr_nohost.a(_cr__main.o)
                              ./example/src/cr_startup_lpc175x_6x.o (__main)
c:/nxp/mcuxpressoide_11.3.0_5222/ide/plugins/com.nxp.mcuxpresso.tools.win32_11.3.0.202008311133/tools/bin/../lib/gcc/arm-none-eabi/9.3.1/../../../../arm-none-eabi/lib/thumb/v7-m/nofp\libcr_c.a(memcpy.o)
                              ./freertos/src/queue.o (memcpy)
c:/nxp/mcuxpressoide_11.3.0_5222/ide/plugins/com.nxp.mcuxpresso.tools.win32_11.3.0.202008311133/tools/bin/../lib/gcc/arm-none-eabi/9.3.1/../../../../arm-none-eabi/lib/thumb/v7-m/nofp\libcr_c.a(memset.o)
                              ./freertos/src/stream_buffer.o (memset)
c:/nxp/mcuxpressoide_11.3.0_5222/ide/plugins/com.nxp.mcuxpresso.tools.win32_11.3.0.202008311133/tools/bin/../lib/gcc/arm-none-eabi/9.3.1/../../../../arm-none-eabi/lib/thumb/v7-m/nofp\libcr_c.a(alloc.o)
                              ./freertos/src/heap_3.o (malloc)
c:/nxp/mcuxpressoide_11.3.0_5222/ide/plugins/com.nxp.mcuxpresso.tools.win32_11.3.0.202008311133/tools/bin/../lib/gcc/arm-none-eabi/9.3.1/../../../../arm-none-eabi/lib/thumb/v7-m/nofp\libcr_c.a(fpprintf.o)
                              ./freertos/src/FreeRTOSCommonHooks.o (printf)
c:/nxp/mcuxpressoide_11.3.0_5222/ide/plugins/com.nxp.mcuxpresso.tools.win32_11.3.0.202008311133/tools/bin/../lib/gcc/arm-none-eabi/9.3.1/../../../../arm-none-eabi/lib/thumb/v7-m/nofp\libcr_c.a(initio.o)
                              c:/nxp/mcuxpressoide_11.3.0_5222/ide/plugins/com.nxp.mcuxpresso.tools.win32_11.3.0.202008311133/tools/bin/../lib/gcc/arm-none-eabi/9.3.1/../../../../arm-none-eabi/lib/thumb/v7-m/nofp\libcr_nohost.a(_cr__main.o) (_initio)
c:/nxp/mcuxpressoide_11.3.0_5222/ide/plugins/com.nxp.mcuxpresso.tools.win32_11.3.0.202008311133/tools/bin/../lib/gcc/arm-none-eabi/9.3.1/../../../../arm-none-eabi/lib/thumb/v7-m/nofp\libcr_c.a(printf.o)
[...]
Memory Configuration

Name             Origin             Length             Attributes
MFlash512        0x00000000         0x00080000         xr
RamLoc32         0x10000000         0x00008000         xrw
RamAHB32         0x2007c000         0x00008000         xrw
*default*        0x00000000         0xffffffff

Linker script and memory map

LOAD ./freertos/src/FreeRTOSCommonHooks.o
LOAD ./freertos/src/croutine.o
LOAD ./freertos/src/event_groups.o
LOAD ./freertos/src/heap_3.o
LOAD ./freertos/src/list.o
LOAD ./freertos/src/port.o
LOAD ./freertos/src/queue.o
LOAD ./freertos/src/stream_buffer.o
LOAD ./freertos/src/tasks.o
LOAD ./freertos/src/timers.o
LOAD ./example/src/cr_startup_lpc175x_6x.o
LOAD ./example/src/freertos_blinky.o
LOAD ./example/src/sysinit.o
LOAD C:\Users\Juan Diego\Documents\MCUXpressoIDE_11.3.0_5222\workspace\lpc_board_nxp_lpcxpresso_1769\Debug\liblpc_board_nxp_lpcxpresso_1769.a
LOAD C:\Users\Juan Diego\Documents\MCUXpressoIDE_11.3.0_5222\workspace\lpc_chip_175x_6x\Debug\liblpc_chip_175x_6x.a
START GROUP
LOAD c:/nxp/mcuxpressoide_11.3.0_5222/ide/plugins/com.nxp.mcuxpresso.tools.win32_11.3.0.202008311133/tools/bin/../lib/gcc/arm-none-eabi/9.3.1/../../../../arm-none-eabi/lib/thumb/v7-m/nofp\libcr_nohost.a
LOAD c:/nxp/mcuxpressoide_11.3.0_5222/ide/plugins/com.nxp.mcuxpresso.tools.win32_11.3.0.202008311133/tools/bin/../lib/gcc/arm-none-eabi/9.3.1/../../../../arm-none-eabi/lib/thumb/v7-m/nofp\libcr_c.a
LOAD c:/nxp/mcuxpressoide_11.3.0_5222/ide/plugins/com.nxp.mcuxpresso.tools.win32_11.3.0.202008311133/tools/bin/../lib/gcc/arm-none-eabi/9.3.1/thumb/v7-m/nofp\libcr_eabihelpers.a
LOAD c:/nxp/mcuxpressoide_11.3.0_5222/ide/plugins/com.nxp.mcuxpresso.tools.win32_11.3.0.202008311133/tools/bin/../lib/gcc/arm-none-eabi/9.3.1/thumb/v7-m/nofp\libgcc.a
END GROUP
                0x00000000                __base_MFlash512 = 0x0
                0x00000000                __base_Flash = 0x0
                0x00080000                __top_MFlash512 = 0x80000
                0x00080000                __top_Flash = 0x80000
                0x10000000                __base_RamLoc32 = 0x10000000
                0x10000000                __base_RAM = 0x10000000
                0x10008000                __top_RamLoc32 = 0x10008000
                0x10008000                __top_RAM = 0x10008000
                0x2007c000                __base_RamAHB32 = 0x2007c000
                0x2007c000                __base_RAM2 = 0x2007c000
                0x20084000                __top_RamAHB32 = 0x20084000
                0x20084000                __top_RAM2 = 0x20084000

.text           0x00000000     0x3ad0
 FILL mask 0xff
                0x00000000                __vectors_start__ = ABSOLUTE (.)
 *(.isr_vector)
 .isr_vector    0x00000000       0xcc ./example/src/cr_startup_lpc175x_6x.o
                0x00000000                g_pfnVectors
                0x000000cc                . = ALIGN (0x4)
                0x000000cc                __section_table_start = .
                0x000000cc                __data_section_table = .
                0x000000cc        0x4 LONG 0x3ad0 LOADADDR (.data)
                0x000000d0        0x4 LONG 0x10000000 ADDR (.data)
                0x000000d4        0x4 LONG 0x8 SIZEOF (.data)
                0x000000d8        0x4 LONG 0x3ad0 LOADADDR (.data_RAM2)
                0x000000dc        0x4 LONG 0x2007c000 ADDR (.data_RAM2)
                0x000000e0        0x4 LONG 0x0 SIZEOF (.data_RAM2)
                0x000000e4                __data_section_table_end = .
                0x000000e4                __bss_section_table = .
                0x000000e4        0x4 LONG 0x10000008 ADDR (.bss)
                0x000000e8        0x4 LONG 0x410 SIZEOF (.bss)
                0x000000ec        0x4 LONG 0x2007c000 ADDR (.bss_RAM2)
                0x000000f0        0x4 LONG 0x0 SIZEOF (.bss_RAM2)
                0x000000f4                __bss_section_table_end = .
                0x000000f4                __section_table_end = .
 *(.after_vectors*)
 .after_vectors
                0x000000f4      0x130 ./example/src/cr_startup_lpc175x_6x.o
                0x000000f4                data_init
                0x00000138                bss_init
                0x00000170                ResetISR
                0x000001e8                NMI_Handler
                0x000001ee                HardFault_Handler
                0x000001f4                MemManage_Handler
                0x000001fa                BusFault_Handler
                0x00000200                UsageFault_Handler
                0x0000020c                DebugMon_Handler
                0x0000021e                UART1_IRQHandler
                0x0000021e                I2C1_IRQHandler
                0x0000021e                CANActivity_IRQHandler
                0x0000021e                UART0_IRQHandler
                0x0000021e                USBActivity_IRQHandler
                0x0000021e                EINT3_IRQHandler
                0x0000021e                EINT2_IRQHandler
                0x0000021e                IntDefaultHandler
                0x0000021e                PLL0_IRQHandler
                0x0000021e                CAN_IRQHandler
                0x0000021e                PLL1_IRQHandler
                0x0000021e                I2C0_IRQHandler
                0x0000021e                I2S_IRQHandler
                0x0000021e                I2C2_IRQHandler
                0x0000021e                RTC_IRQHandler
                0x0000021e                TIMER0_IRQHandler
                0x0000021e                SPI_IRQHandler
                0x0000021e                RIT_IRQHandler
                0x0000021e                EINT1_IRQHandler
                0x0000021e                TIMER1_IRQHandler
                0x0000021e                UART2_IRQHandler
                0x0000021e                ADC_IRQHandler
                0x0000021e                SSP1_IRQHandler
                0x0000021e                USB_IRQHandler
                0x0000021e                BOD_IRQHandler
                0x0000021e                PWM1_IRQHandler
                0x0000021e                WDT_IRQHandler
                0x0000021e                QEI_IRQHandler
                0x0000021e                EINT0_IRQHandler
                0x0000021e                ETH_IRQHandler
                0x0000021e                SSP0_IRQHandler
                0x0000021e                DMA_IRQHandler
                0x0000021e                TIMER2_IRQHandler
                0x0000021e                UART3_IRQHandler
                0x0000021e                MCPWM_IRQHandler
 *(.text*)
 .text.vApplicationMallocFailedHook
                0x00000224       0x28 ./freertos/src/FreeRTOSCommonHooks.o
                0x00000224                vApplicationMallocFailedHook
 .text.vApplicationIdleHook
                0x0000024c       0x10 ./freertos/src/FreeRTOSCommonHooks.o
                0x0000024c                vApplicationIdleHook
 .text.pvPortMalloc
                0x0000025c       0x2c ./freertos/src/heap_3.o
                0x0000025c                pvPortMalloc
 .text.vPortFree
                0x00000288       0x24 ./freertos/src/heap_3.o
                0x00000288                vPortFree
 .text.vListInitialise
                0x000002ac       0x3e ./freertos/src/list.o
                0x000002ac                vListInitialise
 .text.vListInitialiseItem
                0x000002ea       0x18 ./freertos/src/list.o
                0x000002ea                vListInitialiseItem
 .text.vListInsert
                0x00000302       0x70 ./freertos/src/list.o
                0x00000302                vListInsert
 .text.uxListRemove
                0x00000372       0x52 ./freertos/src/list.o
                0x00000372                uxListRemove
 .text.pxPortInitialiseStack
                0x000003c4       0x58 ./freertos/src/port.o
                0x000003c4                pxPortInitialiseStack
 .text.prvTaskExitError
                0x0000041c       0x32 ./freertos/src/port.o
 *fill*         0x0000044e        0x2 ff
 .text.SVC_Handler
                0x00000450       0x28 ./freertos/src/port.o
                0x00000450                SVC_Handler
 .text.prvPortStartFirstTask
                0x00000478       0x24 ./freertos/src/port.o
 .text.xPortStartScheduler
                0x0000049c       0x40 ./freertos/src/port.o
                0x0000049c                xPortStartScheduler
 .text.vPortEnterCritical
                0x000004dc       0x34 ./freertos/src/port.o
                0x000004dc                vPortEnterCritical
 .text.vPortExitCritical
                0x00000510       0x34 ./freertos/src/port.o
                0x00000510                vPortExitCritical
 *fill*         0x00000544        0xc ff
 .text.PendSV_Handler
                0x00000550       0x48 ./freertos/src/port.o
                0x00000550                PendSV_Handler
 .text.SysTick_Handler
                0x00000598       0x44 ./freertos/src/port.o
                0x00000598                SysTick_Handler
 .text.vPortSetupTimerInterrupt
                0x000005dc       0x44 ./freertos/src/port.o
                0x000005dc                vPortSetupTimerInterrupt
 .text.xQueueGenericReset
                0x00000620       0xe8 ./freertos/src/queue.o
                0x00000620                xQueueGenericReset
 .text.xQueueGenericCreate
                0x00000708       0x7e ./freertos/src/queue.o
                0x00000708                xQueueGenericCreate
 .text.prvInitialiseNewQueue
                0x00000786       0x46 ./freertos/src/queue.o
 .text.xQueueGenericSend
                0x000007cc      0x154 ./freertos/src/queue.o
                0x000007cc                xQueueGenericSend
 .text.xQueueReceive
                0x00000920      0x144 ./freertos/src/queue.o
                0x00000920                xQueueReceive
 .text.prvCopyDataToQueue
                0x00000a64       0xd4 ./freertos/src/queue.o
 .text.prvCopyDataFromQueue
                0x00000b38       0x4c ./freertos/src/queue.o
 .text.prvUnlockQueue
                0x00000b84       0xa4 ./freertos/src/queue.o
 .text.prvIsQueueEmpty
                0x00000c28       0x2c ./freertos/src/queue.o
 .text.prvIsQueueFull
                0x00000c54       0x30 ./freertos/src/queue.o
 .text.vQueueAddToRegistry
                0x00000c84       0x80 ./freertos/src/queue.o
                0x00000c84                vQueueAddToRegistry
 .text.vQueueWaitForMessageRestricted
                0x00000d04       0x68 ./freertos/src/queue.o
                0x00000d04                vQueueWaitForMessageRestricted
 .text.xTaskCreate
                0x00000d6c       0x8c ./freertos/src/tasks.o
                0x00000d6c                xTaskCreate
 .text.prvInitialiseNewTask
                0x00000df8       0xe0 ./freertos/src/tasks.o
 .text.prvAddNewTaskToReadyList
                0x00000ed8      0x130 ./freertos/src/tasks.o
 .text.vTaskDelay
                0x00001008       0x48 ./freertos/src/tasks.o
                0x00001008                vTaskDelay
 .text.vTaskStartScheduler
                0x00001050       0x84 ./freertos/src/tasks.o
                0x00001050                vTaskStartScheduler
 .text.vTaskSuspendAll
                0x000010d4       0x1c ./freertos/src/tasks.o
                0x000010d4                vTaskSuspendAll
 .text.xTaskResumeAll
                0x000010f0      0x1dc ./freertos/src/tasks.o
                0x000010f0                xTaskResumeAll
 .text.xTaskGetTickCount
                0x000012cc       0x1c ./freertos/src/tasks.o
                0x000012cc                xTaskGetTickCount
 .text.xTaskIncrementTick
                0x000012e8      0x1f4 ./freertos/src/tasks.o
                0x000012e8                xTaskIncrementTick
 .text.vTaskSwitchContext
                0x000014dc       0x9c ./freertos/src/tasks.o
                0x000014dc                vTaskSwitchContext
 .text.vTaskPlaceOnEventList
                0x00001578       0x2c ./freertos/src/tasks.o
                0x00001578                vTaskPlaceOnEventList
 .text.vTaskPlaceOnEventListRestricted
                0x000015a4       0x70 ./freertos/src/tasks.o
                0x000015a4                vTaskPlaceOnEventListRestricted
 .text.xTaskRemoveFromEventList
                0x00001614      0x190 ./freertos/src/tasks.o
                0x00001614                xTaskRemoveFromEventList
 .text.vTaskInternalSetTimeOutState
                0x000017a4       0x2c ./freertos/src/tasks.o
                0x000017a4                vTaskInternalSetTimeOutState
 .text.xTaskCheckForTimeOut
                0x000017d0       0xb4 ./freertos/src/tasks.o
                0x000017d0                xTaskCheckForTimeOut
 .text.vTaskMissedYield
                0x00001884       0x18 ./freertos/src/tasks.o
                0x00001884                vTaskMissedYield
 .text.prvIdleTask
                0x0000189c       0x34 ./freertos/src/tasks.o
 .text.prvInitialiseTaskLists
                0x000018d0       0x80 ./freertos/src/tasks.o
 .text.prvCheckTasksWaitingTermination
                0x00001950       0x5c ./freertos/src/tasks.o
 .text.prvDeleteTCB
                0x000019ac       0x20 ./freertos/src/tasks.o
 .text.prvResetNextTaskUnblockTime
                0x000019cc       0x34 ./freertos/src/tasks.o
 .text.xTaskPriorityDisinherit
                0x00001a00       0xe8 ./freertos/src/tasks.o
                0x00001a00                xTaskPriorityDisinherit
 .text.prvAddCurrentTaskToDelayedList
                0x00001ae8       0xe8 ./freertos/src/tasks.o
 .text.xTimerCreateTimerTask
                0x00001bd0       0x48 ./freertos/src/timers.o
                0x00001bd0                xTimerCreateTimerTask
 .text.prvReloadTimer
                0x00001c18       0x42 ./freertos/src/timers.o
 *fill*         0x00001c5a        0x2 ff
 .text.prvProcessExpiredTimer
                0x00001c5c       0x60 ./freertos/src/timers.o
 .text.prvTimerTask
                0x00001cbc       0x24 ./freertos/src/timers.o
 .text.prvProcessTimerOrBlockTask
                0x00001ce0       0x9c ./freertos/src/timers.o
 .text.prvGetNextExpireTime
                0x00001d7c       0x44 ./freertos/src/timers.o
 .text.prvSampleTimeNow
                0x00001dc0       0x40 ./freertos/src/timers.o
 .text.prvInsertTimerInActiveList
                0x00001e00       0x84 ./freertos/src/timers.o
 .text.prvProcessReceivedCommands
                0x00001e84      0x178 ./freertos/src/timers.o
 .text.prvSwitchTimerLists
                0x00001ffc       0x4c ./freertos/src/timers.o
 .text.prvCheckForValidListAndQueue
                0x00002048       0x6c ./freertos/src/timers.o
 .text.NVIC_EnableIRQ
                0x000020b4       0x30 ./example/src/freertos_blinky.o
 .text.NVIC_ClearPendingIRQ
                0x000020e4       0x34 ./example/src/freertos_blinky.o
 .text.Chip_GPIO_SetPinState
                0x00002118       0x64 ./example/src/freertos_blinky.o
 .text.Chip_GPIO_WritePortBit
                0x0000217c       0x2c ./example/src/freertos_blinky.o
 .text.Chip_GPIO_SetPinDIROutput
                0x000021a8       0x36 ./example/src/freertos_blinky.o
 .text.Chip_GPIO_SetPinDIRInput
                0x000021de       0x3a ./example/src/freertos_blinky.o
 .text.Chip_GPIO_SetPinDIR
                0x00002218       0x42 ./example/src/freertos_blinky.o
 .text.Chip_GPIO_WriteDirBit
                0x0000225a       0x2e ./example/src/freertos_blinky.o
 .text.Chip_TIMER_CapturePending
                0x00002288       0x34 ./example/src/freertos_blinky.o
 .text.Chip_TIMER_ClearCapture
                0x000022bc       0x26 ./example/src/freertos_blinky.o
 .text.Chip_TIMER_Enable
                0x000022e2       0x1e ./example/src/freertos_blinky.o
 .text.Chip_TIMER_PrescaleSet
                0x00002300       0x1a ./example/src/freertos_blinky.o
 .text.Chip_TIMER_ReadCapture
                0x0000231a       0x24 ./example/src/freertos_blinky.o
 .text.Chip_TIMER_CaptureFallingEdgeEnable
                0x0000233e       0x34 ./example/src/freertos_blinky.o
 .text.Chip_TIMER_CaptureEnableInt
                0x00002372       0x34 ./example/src/freertos_blinky.o
 *fill*         0x000023a6        0x2 ff
 .text.prvSetupHardware
                0x000023a8       0x64 ./example/src/freertos_blinky.o
 .text.vLEDTask1
                0x0000240c       0x26 ./example/src/freertos_blinky.o
 *fill*         0x00002432        0x2 ff
 .text.vLEDTask2
                0x00002434       0x2c ./example/src/freertos_blinky.o
 .text.vUARTTask
                0x00002460       0xa0 ./example/src/freertos_blinky.o
 .text.main     0x00002500       0x80 ./example/src/freertos_blinky.o
                0x00002500                main
 .text.TIMER3_IRQHandler
                0x00002580       0x58 ./example/src/freertos_blinky.o
                0x00002580                TIMER3_IRQHandler
 .text.SystemInit
                0x000025d8       0x24 ./example/src/sysinit.o
                0x000025d8                SystemInit
 .text.Chip_IOCON_Init
                0x000025fc       0x16 C:\Users\Juan Diego\Documents\MCUXpressoIDE_11.3.0_5222\workspace\lpc_board_nxp_lpcxpresso_1769\Debug\liblpc_board_nxp_lpcxpresso_1769.a(board.o)
 .text.Chip_GPIO_Init
                0x00002612       0x16 C:\Users\Juan Diego\Documents\MCUXpressoIDE_11.3.0_5222\workspace\lpc_board_nxp_lpcxpresso_1769\Debug\liblpc_board_nxp_lpcxpresso_1769.a(board.o)
 .text.Chip_GPIO_SetPinState
                0x00002628       0x64 C:\Users\Juan Diego\Documents\MCUXpressoIDE_11.3.0_5222\workspace\lpc_board_nxp_lpcxpresso_1769\Debug\liblpc_board_nxp_lpcxpresso_1769.a(board.o)
 .text.Chip_GPIO_WritePortBit
                0x0000268c       0x2c C:\Users\Juan Diego\Documents\MCUXpressoIDE_11.3.0_5222\workspace\lpc_board_nxp_lpcxpresso_1769\Debug\liblpc_board_nxp_lpcxpresso_1769.a(board.o)
 .text.Chip_GPIO_SetPinDIROutput
                0x000026b8       0x36 C:\Users\Juan Diego\Documents\MCUXpressoIDE_11.3.0_5222\workspace\lpc_board_nxp_lpcxpresso_1769\Debug\liblpc_board_nxp_lpcxpresso_1769.a(board.o)
 .text.Chip_GPIO_SetPinDIRInput
                0x000026ee       0x3a C:\Users\Juan Diego\Documents\MCUXpressoIDE_11.3.0_5222\workspace\lpc_board_nxp_lpcxpresso_1769\Debug\liblpc_board_nxp_lpcxpresso_1769.a(board.o)
 .text.Chip_GPIO_SetPinDIR
                0x00002728       0x42 C:\Users\Juan Diego\Documents\MCUXpressoIDE_11.3.0_5222\workspace\lpc_board_nxp_lpcxpresso_1769\Debug\liblpc_board_nxp_lpcxpresso_1769.a(board.o)
 .text.Chip_GPIO_WriteDirBit
                0x0000276a       0x2e C:\Users\Juan Diego\Documents\MCUXpressoIDE_11.3.0_5222\workspace\lpc_board_nxp_lpcxpresso_1769\Debug\liblpc_board_nxp_lpcxpresso_1769.a(board.o)
 .text.Chip_UART_SendByte
                0x00002798       0x1c C:\Users\Juan Diego\Documents\MCUXpressoIDE_11.3.0_5222\workspace\lpc_board_nxp_lpcxpresso_1769\Debug\liblpc_board_nxp_lpcxpresso_1769.a(board.o)
 .text.Chip_UART_ConfigData
                0x000027b4       0x1a C:\Users\Juan Diego\Documents\MCUXpressoIDE_11.3.0_5222\workspace\lpc_board_nxp_lpcxpresso_1769\Debug\liblpc_board_nxp_lpcxpresso_1769.a(board.o)
 .text.Chip_UART_ReadLineStatus
                0x000027ce       0x16 C:\Users\Juan Diego\Documents\MCUXpressoIDE_11.3.0_5222\workspace\lpc_board_nxp_lpcxpresso_1769\Debug\liblpc_board_nxp_lpcxpresso_1769.a(board.o)
 .text.__sys_write
                0x000027e4       0x38 C:\Users\Juan Diego\Documents\MCUXpressoIDE_11.3.0_5222\workspace\lpc_board_nxp_lpcxpresso_1769\Debug\liblpc_board_nxp_lpcxpresso_1769.a(board.o)
                0x000027e4                __sys_write
 .text.Board_LED_Init
                0x0000281c       0x18 C:\Users\Juan Diego\Documents\MCUXpressoIDE_11.3.0_5222\workspace\lpc_board_nxp_lpcxpresso_1769\Debug\liblpc_board_nxp_lpcxpresso_1769.a(board.o)
 .text.Board_UART_Init
                0x00002834       0x12 C:\Users\Juan Diego\Documents\MCUXpressoIDE_11.3.0_5222\workspace\lpc_board_nxp_lpcxpresso_1769\Debug\liblpc_board_nxp_lpcxpresso_1769.a(board.o)
                0x00002834                Board_UART_Init
 *fill*         0x00002846        0x2 ff
 .text.Board_Debug_Init
                0x00002848       0x30 C:\Users\Juan Diego\Documents\MCUXpressoIDE_11.3.0_5222\workspace\lpc_board_nxp_lpcxpresso_1769\Debug\liblpc_board_nxp_lpcxpresso_1769.a(board.o)
                0x00002848                Board_Debug_Init
 .text.Board_UARTPutChar
                0x00002878       0x34 C:\Users\Juan Diego\Documents\MCUXpressoIDE_11.3.0_5222\workspace\lpc_board_nxp_lpcxpresso_1769\Debug\liblpc_board_nxp_lpcxpresso_1769.a(board.o)
                0x00002878                Board_UARTPutChar
 .text.Board_UARTPutSTR
                0x000028ac       0x2a C:\Users\Juan Diego\Documents\MCUXpressoIDE_11.3.0_5222\workspace\lpc_board_nxp_lpcxpresso_1769\Debug\liblpc_board_nxp_lpcxpresso_1769.a(board.o)
                0x000028ac                Board_UARTPutSTR
 *fill*         0x000028d6        0x2 ff
 .text.Board_LED_Set
                0x000028d8       0x30 C:\Users\Juan Diego\Documents\MCUXpressoIDE_11.3.0_5222\workspace\lpc_board_nxp_lpcxpresso_1769\Debug\liblpc_board_nxp_lpcxpresso_1769.a(board.o)
                0x000028d8                Board_LED_Set
 .text.Board_Init
                0x00002908       0x24 C:\Users\Juan Diego\Documents\MCUXpressoIDE_11.3.0_5222\workspace\lpc_board_nxp_lpcxpresso_1769\Debug\liblpc_board_nxp_lpcxpresso_1769.a(board.o)
                0x00002908                Board_Init
 .text.Chip_SYSCTL_SetFLASHAccess
                0x0000292c       0x30 C:\Users\Juan Diego\Documents\MCUXpressoIDE_11.3.0_5222\workspace\lpc_board_nxp_lpcxpresso_1769\Debug\liblpc_board_nxp_lpcxpresso_1769.a(board_sysinit.o)
 .text.Board_SetupMuxing
                0x0000295c       0x1c C:\Users\Juan Diego\Documents\MCUXpressoIDE_11.3.0_5222\workspace\lpc_board_nxp_lpcxpresso_1769\Debug\liblpc_board_nxp_lpcxpresso_1769.a(board_sysinit.o)
                0x0000295c                Board_SetupMuxing
 .text.Board_SetupClocking
                0x00002978       0x12 C:\Users\Juan Diego\Documents\MCUXpressoIDE_11.3.0_5222\workspace\lpc_board_nxp_lpcxpresso_1769\Debug\liblpc_board_nxp_lpcxpresso_1769.a(board_sysinit.o)
                0x00002978                Board_SetupClocking
 .text.Board_SystemInit
                0x0000298a       0x10 C:\Users\Juan Diego\Documents\MCUXpressoIDE_11.3.0_5222\workspace\lpc_board_nxp_lpcxpresso_1769\Debug\liblpc_board_nxp_lpcxpresso_1769.a(board_sysinit.o)
                0x0000298a                Board_SystemInit
 *fill*         0x0000299a        0x2 ff
 .text.SystemCoreClockUpdate
                0x0000299c       0x18 C:\Users\Juan Diego\Documents\MCUXpressoIDE_11.3.0_5222\workspace\lpc_chip_175x_6x\Debug\liblpc_chip_175x_6x.a(chip_17xx_40xx.o)
                0x0000299c                SystemCoreClockUpdate
 .text.Chip_Clock_IsMainPLLEnabled
                0x000029b4       0x24 C:\Users\Juan Diego\Documents\MCUXpressoIDE_11.3.0_5222\workspace\lpc_chip_175x_6x\Debug\liblpc_chip_175x_6x.a(clock_17xx_40xx.o)
 .text.Chip_Clock_IsMainPLLConnected
                0x000029d8       0x24 C:\Users\Juan Diego\Documents\MCUXpressoIDE_11.3.0_5222\workspace\lpc_chip_175x_6x\Debug\liblpc_chip_175x_6x.a(clock_17xx_40xx.o)
 .text.Chip_Clock_FeedPLL
                0x000029fc       0x34 C:\Users\Juan Diego\Documents\MCUXpressoIDE_11.3.0_5222\workspace\lpc_chip_175x_6x\Debug\liblpc_chip_175x_6x.a(clock_17xx_40xx.o)
 .text.Chip_Clock_GetMainPLLSource
                0x00002a30       0x20 C:\Users\Juan Diego\Documents\MCUXpressoIDE_11.3.0_5222\workspace\lpc_chip_175x_6x\Debug\liblpc_chip_175x_6x.a(clock_17xx_40xx.o)
 .text.Chip_Clock_GetMainOscRate
                0x00002a50       0x14 C:\Users\Juan Diego\Documents\MCUXpressoIDE_11.3.0_5222\workspace\lpc_chip_175x_6x\Debug\liblpc_chip_175x_6x.a(clock_17xx_40xx.o)
 .text.Chip_Clock_GetIntOscRate
                0x00002a64       0x14 C:\Users\Juan Diego\Documents\MCUXpressoIDE_11.3.0_5222\workspace\lpc_chip_175x_6x\Debug\liblpc_chip_175x_6x.a(clock_17xx_40xx.o)
 .text.Chip_Clock_GetRTCOscRate
                0x00002a78       0x14 C:\Users\Juan Diego\Documents\MCUXpressoIDE_11.3.0_5222\workspace\lpc_chip_175x_6x\Debug\liblpc_chip_175x_6x.a(clock_17xx_40xx.o)
 .text.Chip_Clock_GetMainPLLInClockRate
                0x00002a8c        0xe C:\Users\Juan Diego\Documents\MCUXpressoIDE_11.3.0_5222\workspace\lpc_chip_175x_6x\Debug\liblpc_chip_175x_6x.a(clock_17xx_40xx.o)
 *fill*         0x00002a9a        0x2 ff
 .text.Chip_Clock_EnablePLL
                0x00002a9c       0x44 C:\Users\Juan Diego\Documents\MCUXpressoIDE_11.3.0_5222\workspace\lpc_chip_175x_6x\Debug\liblpc_chip_175x_6x.a(clock_17xx_40xx.o)
                0x00002a9c                Chip_Clock_EnablePLL
 .text.Chip_Clock_DisablePLL
                0x00002ae0       0x48 C:\Users\Juan Diego\Documents\MCUXpressoIDE_11.3.0_5222\workspace\lpc_chip_175x_6x\Debug\liblpc_chip_175x_6x.a(clock_17xx_40xx.o)
                0x00002ae0                Chip_Clock_DisablePLL
 .text.Chip_Clock_SetupPLL
                0x00002b28       0x5c C:\Users\Juan Diego\Documents\MCUXpressoIDE_11.3.0_5222\workspace\lpc_chip_175x_6x\Debug\liblpc_chip_175x_6x.a(clock_17xx_40xx.o)
                0x00002b28                Chip_Clock_SetupPLL
 .text.Chip_Clock_EnablePeriphClock
                0x00002b84       0x34 C:\Users\Juan Diego\Documents\MCUXpressoIDE_11.3.0_5222\workspace\lpc_chip_175x_6x\Debug\liblpc_chip_175x_6x.a(clock_17xx_40xx.o)
                0x00002b84                Chip_Clock_EnablePeriphClock
 .text.Chip_Clock_GetCPUClockSource
                0x00002bb8       0x24 C:\Users\Juan Diego\Documents\MCUXpressoIDE_11.3.0_5222\workspace\lpc_chip_175x_6x\Debug\liblpc_chip_175x_6x.a(clock_17xx_40xx.o)
                0x00002bb8                Chip_Clock_GetCPUClockSource
 .text.Chip_Clock_SetCPUClockDiv
                0x00002bdc       0x20 C:\Users\Juan Diego\Documents\MCUXpressoIDE_11.3.0_5222\workspace\lpc_chip_175x_6x\Debug\liblpc_chip_175x_6x.a(clock_17xx_40xx.o)
                0x00002bdc                Chip_Clock_SetCPUClockDiv
 .text.Chip_Clock_GetCPUClockDiv
                0x00002bfc       0x1c C:\Users\Juan Diego\Documents\MCUXpressoIDE_11.3.0_5222\workspace\lpc_chip_175x_6x\Debug\liblpc_chip_175x_6x.a(clock_17xx_40xx.o)
                0x00002bfc                Chip_Clock_GetCPUClockDiv
 .text.Chip_Clock_SetPCLKDiv
                0x00002c18       0x64 C:\Users\Juan Diego\Documents\MCUXpressoIDE_11.3.0_5222\workspace\lpc_chip_175x_6x\Debug\liblpc_chip_175x_6x.a(clock_17xx_40xx.o)
                0x00002c18                Chip_Clock_SetPCLKDiv
 .text.Chip_Clock_GetPCLKDiv
                0x00002c7c       0x8c C:\Users\Juan Diego\Documents\MCUXpressoIDE_11.3.0_5222\workspace\lpc_chip_175x_6x\Debug\liblpc_chip_175x_6x.a(clock_17xx_40xx.o)
                0x00002c7c                Chip_Clock_GetPCLKDiv
 .text.Chip_Clock_GetSYSCLKRate
                0x00002d08       0x3a C:\Users\Juan Diego\Documents\MCUXpressoIDE_11.3.0_5222\workspace\lpc_chip_175x_6x\Debug\liblpc_chip_175x_6x.a(clock_17xx_40xx.o)
                0x00002d08                Chip_Clock_GetSYSCLKRate
 *fill*         0x00002d42        0x2 ff
 .text.Chip_Clock_GetMainPLLOutClockRate
                0x00002d44       0x54 C:\Users\Juan Diego\Documents\MCUXpressoIDE_11.3.0_5222\workspace\lpc_chip_175x_6x\Debug\liblpc_chip_175x_6x.a(clock_17xx_40xx.o)
                0x00002d44                Chip_Clock_GetMainPLLOutClockRate
 .text.Chip_Clock_GetMainClockRate
                0x00002d98       0x28 C:\Users\Juan Diego\Documents\MCUXpressoIDE_11.3.0_5222\workspace\lpc_chip_175x_6x\Debug\liblpc_chip_175x_6x.a(clock_17xx_40xx.o)
                0x00002d98                Chip_Clock_GetMainClockRate
 .text.Chip_Clock_GetSystemClockRate
                0x00002dc0       0x18 C:\Users\Juan Diego\Documents\MCUXpressoIDE_11.3.0_5222\workspace\lpc_chip_175x_6x\Debug\liblpc_chip_175x_6x.a(clock_17xx_40xx.o)
                0x00002dc0                Chip_Clock_GetSystemClockRate
 .text.Chip_Clock_GetPeripheralClockRate
                0x00002dd8       0x26 C:\Users\Juan Diego\Documents\MCUXpressoIDE_11.3.0_5222\workspace\lpc_chip_175x_6x\Debug\liblpc_chip_175x_6x.a(clock_17xx_40xx.o)
                0x00002dd8                Chip_Clock_GetPeripheralClockRate
 .text.Chip_IOCON_PinMuxSet
                0x00002dfe       0x36 C:\Users\Juan Diego\Documents\MCUXpressoIDE_11.3.0_5222\workspace\lpc_chip_175x_6x\Debug\liblpc_chip_175x_6x.a(iocon_17xx_40xx.o)
                0x00002dfe                Chip_IOCON_PinMuxSet
 .text.Chip_IOCON_PinMux
                0x00002e34       0x94 C:\Users\Juan Diego\Documents\MCUXpressoIDE_11.3.0_5222\workspace\lpc_chip_175x_6x\Debug\liblpc_chip_175x_6x.a(iocon_17xx_40xx.o)
                0x00002e34                Chip_IOCON_PinMux
 .text.Chip_IOCON_SetPinMuxing
                0x00002ec8       0x64 C:\Users\Juan Diego\Documents\MCUXpressoIDE_11.3.0_5222\workspace\lpc_chip_175x_6x\Debug\liblpc_chip_175x_6x.a(iocon_17xx_40xx.o)
                0x00002ec8                Chip_IOCON_SetPinMuxing
 .text.Chip_Clock_IsMainPLLEnabled
                0x00002f2c       0x24 C:\Users\Juan Diego\Documents\MCUXpressoIDE_11.3.0_5222\workspace\lpc_chip_175x_6x\Debug\liblpc_chip_175x_6x.a(sysinit_17xx_40xx.o)
 .text.Chip_Clock_IsMainPLLLocked
                0x00002f50       0x24 C:\Users\Juan Diego\Documents\MCUXpressoIDE_11.3.0_5222\workspace\lpc_chip_175x_6x\Debug\liblpc_chip_175x_6x.a(sysinit_17xx_40xx.o)
 .text.Chip_Clock_IsMainPLLConnected
                0x00002f74       0x24 C:\Users\Juan Diego\Documents\MCUXpressoIDE_11.3.0_5222\workspace\lpc_chip_175x_6x\Debug\liblpc_chip_175x_6x.a(sysinit_17xx_40xx.o)
 .text.Chip_Clock_EnableCrystal
                0x00002f98       0x20 C:\Users\Juan Diego\Documents\MCUXpressoIDE_11.3.0_5222\workspace\lpc_chip_175x_6x\Debug\liblpc_chip_175x_6x.a(sysinit_17xx_40xx.o)
 .text.Chip_Clock_IsCrystalEnabled
                0x00002fb8       0x24 C:\Users\Juan Diego\Documents\MCUXpressoIDE_11.3.0_5222\workspace\lpc_chip_175x_6x\Debug\liblpc_chip_175x_6x.a(sysinit_17xx_40xx.o)
 .text.Chip_Clock_SetMainPLLSource
                0x00002fdc       0x20 C:\Users\Juan Diego\Documents\MCUXpressoIDE_11.3.0_5222\workspace\lpc_chip_175x_6x\Debug\liblpc_chip_175x_6x.a(sysinit_17xx_40xx.o)
 .text.Chip_SetupXtalClocking
                0x00002ffc       0x90 C:\Users\Juan Diego\Documents\MCUXpressoIDE_11.3.0_5222\workspace\lpc_chip_175x_6x\Debug\liblpc_chip_175x_6x.a(sysinit_17xx_40xx.o)
                0x00002ffc                Chip_SetupXtalClocking
 .text.Chip_Timer_GetClockIndex
                0x0000308c       0x50 C:\Users\Juan Diego\Documents\MCUXpressoIDE_11.3.0_5222\workspace\lpc_chip_175x_6x\Debug\liblpc_chip_175x_6x.a(timer_17xx_40xx.o)
 .text.Chip_TIMER_Init
                0x000030dc       0x1e C:\Users\Juan Diego\Documents\MCUXpressoIDE_11.3.0_5222\workspace\lpc_chip_175x_6x\Debug\liblpc_chip_175x_6x.a(timer_17xx_40xx.o)
                0x000030dc                Chip_TIMER_Init
 .text.Chip_TIMER_Reset
                0x000030fa       0x3a C:\Users\Juan Diego\Documents\MCUXpressoIDE_11.3.0_5222\workspace\lpc_chip_175x_6x\Debug\liblpc_chip_175x_6x.a(timer_17xx_40xx.o)
                0x000030fa                Chip_TIMER_Reset
 .text.Chip_UART_SetupFIFOS
                0x00003134       0x1a C:\Users\Juan Diego\Documents\MCUXpressoIDE_11.3.0_5222\workspace\lpc_chip_175x_6x\Debug\liblpc_chip_175x_6x.a(uart_17xx_40xx.o)
 .text.Chip_UART_ConfigData
                0x0000314e       0x1a C:\Users\Juan Diego\Documents\MCUXpressoIDE_11.3.0_5222\workspace\lpc_chip_175x_6x\Debug\liblpc_chip_175x_6x.a(uart_17xx_40xx.o)
 .text.Chip_UART_EnableDivisorAccess
                0x00003168       0x1e C:\Users\Juan Diego\Documents\MCUXpressoIDE_11.3.0_5222\workspace\lpc_chip_175x_6x\Debug\liblpc_chip_175x_6x.a(uart_17xx_40xx.o)
 .text.Chip_UART_DisableDivisorAccess
                0x00003186       0x1e C:\Users\Juan Diego\Documents\MCUXpressoIDE_11.3.0_5222\workspace\lpc_chip_175x_6x\Debug\liblpc_chip_175x_6x.a(uart_17xx_40xx.o)
 .text.Chip_UART_SetDivisorLatches
                0x000031a4       0x26 C:\Users\Juan Diego\Documents\MCUXpressoIDE_11.3.0_5222\workspace\lpc_chip_175x_6x\Debug\liblpc_chip_175x_6x.a(uart_17xx_40xx.o)
 *fill*         0x000031ca        0x2 ff
 .text.Chip_UART_GetClockIndex
                0x000031cc       0x50 C:\Users\Juan Diego\Documents\MCUXpressoIDE_11.3.0_5222\workspace\lpc_chip_175x_6x\Debug\liblpc_chip_175x_6x.a(uart_17xx_40xx.o)
 .text.Chip_UART_GetClkIndex
                0x0000321c       0x50 C:\Users\Juan Diego\Documents\MCUXpressoIDE_11.3.0_5222\workspace\lpc_chip_175x_6x\Debug\liblpc_chip_175x_6x.a(uart_17xx_40xx.o)
 .text.Chip_UART_Init
                0x0000326c       0x78 C:\Users\Juan Diego\Documents\MCUXpressoIDE_11.3.0_5222\workspace\lpc_chip_175x_6x\Debug\liblpc_chip_175x_6x.a(uart_17xx_40xx.o)
                0x0000326c                Chip_UART_Init
 .text.Chip_UART_TXEnable
                0x000032e4       0x18 C:\Users\Juan Diego\Documents\MCUXpressoIDE_11.3.0_5222\workspace\lpc_chip_175x_6x\Debug\liblpc_chip_175x_6x.a(uart_17xx_40xx.o)
                0x000032e4                Chip_UART_TXEnable
 .text.Chip_UART_TXDisable
                0x000032fc       0x18 C:\Users\Juan Diego\Documents\MCUXpressoIDE_11.3.0_5222\workspace\lpc_chip_175x_6x\Debug\liblpc_chip_175x_6x.a(uart_17xx_40xx.o)
                0x000032fc                Chip_UART_TXDisable
 .text.Chip_UART_SetBaud
                0x00003314       0x62 C:\Users\Juan Diego\Documents\MCUXpressoIDE_11.3.0_5222\workspace\lpc_chip_175x_6x\Debug\liblpc_chip_175x_6x.a(uart_17xx_40xx.o)
                0x00003314                Chip_UART_SetBaud
 .text.__main   0x00003376        0xe c:/nxp/mcuxpressoide_11.3.0_5222/ide/plugins/com.nxp.mcuxpresso.tools.win32_11.3.0.202008311133/tools/bin/../lib/gcc/arm-none-eabi/9.3.1/../../../../arm-none-eabi/lib/thumb/v7-m/nofp\libcr_nohost.a(_cr__main.o)
                0x00003376                __main
 .text.memcpy   0x00003384        0x4 c:/nxp/mcuxpressoide_11.3.0_5222/ide/plugins/com.nxp.mcuxpresso.tools.win32_11.3.0.202008311133/tools/bin/../lib/gcc/arm-none-eabi/9.3.1/../../../../arm-none-eabi/lib/thumb/v7-m/nofp\libcr_c.a(memcpy.o)
                0x00003384                memcpy
 .text.memset   0x00003388        0x4 c:/nxp/mcuxpressoide_11.3.0_5222/ide/plugins/com.nxp.mcuxpresso.tools.win32_11.3.0.202008311133/tools/bin/../lib/gcc/arm-none-eabi/9.3.1/../../../../arm-none-eabi/lib/thumb/v7-m/nofp\libcr_c.a(memset.o)
                0x00003388                memset
 .text.malloc   0x0000338c       0xc8 c:/nxp/mcuxpressoide_11.3.0_5222/ide/plugins/com.nxp.mcuxpresso.tools.win32_11.3.0.202008311133/tools/bin/../lib/gcc/arm-none-eabi/9.3.1/../../../../arm-none-eabi/lib/thumb/v7-m/nofp\libcr_c.a(alloc.o)
                0x0000338c                malloc
 .text.free     0x00003454       0x30 c:/nxp/mcuxpressoide_11.3.0_5222/ide/plugins/com.nxp.mcuxpresso.tools.win32_11.3.0.202008311133/tools/bin/../lib/gcc/arm-none-eabi/9.3.1/../../../../arm-none-eabi/lib/thumb/v7-m/nofp\libcr_c.a(alloc.o)
                0x00003454                free
 .text._initio  0x00003484       0x78 c:/nxp/mcuxpressoide_11.3.0_5222/ide/plugins/com.nxp.mcuxpresso.tools.win32_11.3.0.202008311133/tools/bin/../lib/gcc/arm-none-eabi/9.3.1/../../../../arm-none-eabi/lib/thumb/v7-m/nofp\libcr_c.a(initio.o)
                0x00003484                _initio
 .text.setvbuf  0x000034fc       0x3e c:/nxp/mcuxpressoide_11.3.0_5222/ide/plugins/com.nxp.mcuxpresso.tools.win32_11.3.0.202008311133/tools/bin/../lib/gcc/arm-none-eabi/9.3.1/../../../../arm-none-eabi/lib/thumb/v7-m/nofp\libcr_c.a(setvbuf.o)
                0x000034fc                setvbuf
 .text.strlen   0x0000353a       0x4c c:/nxp/mcuxpressoide_11.3.0_5222/ide/plugins/com.nxp.mcuxpresso.tools.win32_11.3.0.202008311133/tools/bin/../lib/gcc/arm-none-eabi/9.3.1/../../../../arm-none-eabi/lib/thumb/v7-m/nofp\libcr_c.a(strlen.o)
                0x0000353a                strlen
 *fill*         0x00003586        0x2 ff
 .text._sbrk    0x00003588       0x3c c:/nxp/mcuxpressoide_11.3.0_5222/ide/plugins/com.nxp.mcuxpresso.tools.win32_11.3.0.202008311133/tools/bin/../lib/gcc/arm-none-eabi/9.3.1/../../../../arm-none-eabi/lib/thumb/v7-m/nofp\libcr_c.a(_cr_sbrk.o)
                0x00003588                _sbrk
 .text._deferredlazyseek
                0x000035c4       0x40 c:/nxp/mcuxpressoide_11.3.0_5222/ide/plugins/com.nxp.mcuxpresso.tools.win32_11.3.0.202008311133/tools/bin/../lib/gcc/arm-none-eabi/9.3.1/../../../../arm-none-eabi/lib/thumb/v7-m/nofp\libcr_c.a(_deferredlazyseek.o)
                0x000035c4                _deferredlazyseek
 .text._fdopen  0x00003604       0x68 c:/nxp/mcuxpressoide_11.3.0_5222/ide/plugins/com.nxp.mcuxpresso.tools.win32_11.3.0.202008311133/tools/bin/../lib/gcc/arm-none-eabi/9.3.1/../../../../arm-none-eabi/lib/thumb/v7-m/nofp\libcr_c.a(_fdopen.o)
                0x00003604                _fdopen
 .text._fflush  0x0000366c       0x52 c:/nxp/mcuxpressoide_11.3.0_5222/ide/plugins/com.nxp.mcuxpresso.tools.win32_11.3.0.202008311133/tools/bin/../lib/gcc/arm-none-eabi/9.3.1/../../../../arm-none-eabi/lib/thumb/v7-m/nofp\libcr_c.a(_fflush.o)
                0x0000366c                _fflush
 *fill*         0x000036be        0x2 ff
 .text._Cwritebuf
                0x000036c0       0x6c c:/nxp/mcuxpressoide_11.3.0_5222/ide/plugins/com.nxp.mcuxpresso.tools.win32_11.3.0.202008311133/tools/bin/../lib/gcc/arm-none-eabi/9.3.1/../../../../arm-none-eabi/lib/thumb/v7-m/nofp\libcr_c.a(_writebuf.o)
                0x000036c0                _Cwritebuf
 .text.fclose   0x0000372c       0x58 c:/nxp/mcuxpressoide_11.3.0_5222/ide/plugins/com.nxp.mcuxpresso.tools.win32_11.3.0.202008311133/tools/bin/../lib/gcc/arm-none-eabi/9.3.1/../../../../arm-none-eabi/lib/thumb/v7-m/nofp\libcr_c.a(fclose.o)
                0x0000372c                fclose
 .text.fflush   0x00003784       0x44 c:/nxp/mcuxpressoide_11.3.0_5222/ide/plugins/com.nxp.mcuxpresso.tools.win32_11.3.0.202008311133/tools/bin/../lib/gcc/arm-none-eabi/9.3.1/../../../../arm-none-eabi/lib/thumb/v7-m/nofp\libcr_c.a(fflush.o)
                0x00003784                fflush
 .text.fseek    0x000037c8      0x100 c:/nxp/mcuxpressoide_11.3.0_5222/ide/plugins/com.nxp.mcuxpresso.tools.win32_11.3.0.202008311133/tools/bin/../lib/gcc/arm-none-eabi/9.3.1/../../../../arm-none-eabi/lib/thumb/v7-m/nofp\libcr_c.a(fseek.o)
                0x000037c8                fseek
 .text.ftell    0x000038c8       0x44 c:/nxp/mcuxpressoide_11.3.0_5222/ide/plugins/com.nxp.mcuxpresso.tools.win32_11.3.0.202008311133/tools/bin/../lib/gcc/arm-none-eabi/9.3.1/../../../../arm-none-eabi/lib/thumb/v7-m/nofp\libcr_c.a(ftell.o)
                0x000038c8                ftell
 .text.remove   0x0000390c       0x14 c:/nxp/mcuxpressoide_11.3.0_5222/ide/plugins/com.nxp.mcuxpresso.tools.win32_11.3.0.202008311133/tools/bin/../lib/gcc/arm-none-eabi/9.3.1/../../../../arm-none-eabi/lib/thumb/v7-m/nofp\libcr_c.a(remove.o)
                0x0000390c                remove
 .text.__check_heap_overflow
                0x00003920       0x14 c:/nxp/mcuxpressoide_11.3.0_5222/ide/plugins/com.nxp.mcuxpresso.tools.win32_11.3.0.202008311133/tools/bin/../lib/gcc/arm-none-eabi/9.3.1/../../../../arm-none-eabi/lib/thumb/v7-m/nofp\libcr_c.a(_cr_check_heap.o)
                0x00003920                __check_heap_overflow
 .text._do_fflush
                0x00003934       0x40 c:/nxp/mcuxpressoide_11.3.0_5222/ide/plugins/com.nxp.mcuxpresso.tools.win32_11.3.0.202008311133/tools/bin/../lib/gcc/arm-none-eabi/9.3.1/../../../../arm-none-eabi/lib/thumb/v7-m/nofp\libcr_c.a(_do_fflush.o)
                0x00003934                _do_fflush
 .text.__aeabi_memcpy
                0x00003974       0x34 c:/nxp/mcuxpressoide_11.3.0_5222/ide/plugins/com.nxp.mcuxpresso.tools.win32_11.3.0.202008311133/tools/bin/../lib/gcc/arm-none-eabi/9.3.1/thumb/v7-m/nofp\libcr_eabihelpers.a(memcpy.o)
                0x00003974                __aeabi_memcpy
                0x0000397e                __aeabi_memcpy8
                0x0000397e                __aeabi_memcpy4
 .text.__aeabi_memset_lowlevel
                0x000039a8       0x32 c:/nxp/mcuxpressoide_11.3.0_5222/ide/plugins/com.nxp.mcuxpresso.tools.win32_11.3.0.202008311133/tools/bin/../lib/gcc/arm-none-eabi/9.3.1/thumb/v7-m/nofp\libcr_eabihelpers.a(memcpy.o)
                0x000039a8                __aeabi_lowlevel_memset
 .text.__sys_close
                0x000039da        0x6 c:/nxp/mcuxpressoide_11.3.0_5222/ide/plugins/com.nxp.mcuxpresso.tools.win32_11.3.0.202008311133/tools/bin/../lib/gcc/arm-none-eabi/9.3.1/../../../../arm-none-eabi/lib/thumb/v7-m/nofp\libcr_nohost.a(__sys_close.o)
                0x000039da                __sys_close
 .text.__sys_flen
                0x000039e0        0x6 c:/nxp/mcuxpressoide_11.3.0_5222/ide/plugins/com.nxp.mcuxpresso.tools.win32_11.3.0.202008311133/tools/bin/../lib/gcc/arm-none-eabi/9.3.1/../../../../arm-none-eabi/lib/thumb/v7-m/nofp\libcr_nohost.a(__sys_flen.o)
                0x000039e0                __sys_flen
 .text.__sys_istty
                0x000039e6        0x6 c:/nxp/mcuxpressoide_11.3.0_5222/ide/plugins/com.nxp.mcuxpresso.tools.win32_11.3.0.202008311133/tools/bin/../lib/gcc/arm-none-eabi/9.3.1/../../../../arm-none-eabi/lib/thumb/v7-m/nofp\libcr_nohost.a(__sys_istty.o)
                0x000039e6                __sys_istty
 .text.__sys_remove
                0x000039ec        0x6 c:/nxp/mcuxpressoide_11.3.0_5222/ide/plugins/com.nxp.mcuxpresso.tools.win32_11.3.0.202008311133/tools/bin/../lib/gcc/arm-none-eabi/9.3.1/../../../../arm-none-eabi/lib/thumb/v7-m/nofp\libcr_nohost.a(__sys_remove.o)
                0x000039ec                __sys_remove
 .text.__sys_seek
                0x000039f2        0x6 c:/nxp/mcuxpressoide_11.3.0_5222/ide/plugins/com.nxp.mcuxpresso.tools.win32_11.3.0.202008311133/tools/bin/../lib/gcc/arm-none-eabi/9.3.1/../../../../arm-none-eabi/lib/thumb/v7-m/nofp\libcr_nohost.a(__sys_seek.o)
                0x000039f2                __sys_seek
 .text.__sys_tmpnam
                0x000039f8        0x6 c:/nxp/mcuxpressoide_11.3.0_5222/ide/plugins/com.nxp.mcuxpresso.tools.win32_11.3.0.202008311133/tools/bin/../lib/gcc/arm-none-eabi/9.3.1/../../../../arm-none-eabi/lib/thumb/v7-m/nofp\libcr_nohost.a(__sys_tmpnam.o)
                0x000039f8                __sys_tmpnam
 */tasks.o(.rodata*)
 *fill*         0x000039fe        0x2 ff
 .rodata.vTaskStartScheduler.str1.4
                0x00003a00        0x5 ./freertos/src/tasks.o
 *(.rodata .rodata.* .constdata .constdata.*)
 *fill*         0x00003a05        0x3 ff
 .rodata.vApplicationMallocFailedHook.str1.4
                0x00003a08       0x26 ./freertos/src/FreeRTOSCommonHooks.o
 *fill*         0x00003a2e        0x2 ff
 .rodata.xTimerCreateTimerTask.str1.4
                0x00003a30        0x8 ./freertos/src/timers.o
 .rodata.prvCheckForValidListAndQueue.str1.4
                0x00003a38        0x5 ./freertos/src/timers.o
 *fill*         0x00003a3d        0x3 ff
 .rodata.main.str1.4
                0x00003a40       0x22 ./example/src/freertos_blinky.o
 *fill*         0x00003a62        0x2 ff
 .rodata.OscRateIn
                0x00003a64        0x4 C:\Users\Juan Diego\Documents\MCUXpressoIDE_11.3.0_5222\workspace\lpc_board_nxp_lpcxpresso_1769\Debug\liblpc_board_nxp_lpcxpresso_1769.a(board.o)
                0x00003a64                OscRateIn
 .rodata.RTCOscRateIn
                0x00003a68        0x4 C:\Users\Juan Diego\Documents\MCUXpressoIDE_11.3.0_5222\workspace\lpc_board_nxp_lpcxpresso_1769\Debug\liblpc_board_nxp_lpcxpresso_1769.a(board.o)
                0x00003a68                RTCOscRateIn
 .rodata.pinmuxing
                0x00003a6c       0x5c C:\Users\Juan Diego\Documents\MCUXpressoIDE_11.3.0_5222\workspace\lpc_board_nxp_lpcxpresso_1769\Debug\liblpc_board_nxp_lpcxpresso_1769.a(board_sysinit.o)
 .rodata._initio.str1.1
                0x00003ac8        0x4 c:/nxp/mcuxpressoide_11.3.0_5222/ide/plugins/com.nxp.mcuxpresso.tools.win32_11.3.0.202008311133/tools/bin/../lib/gcc/arm-none-eabi/9.3.1/../../../../arm-none-eabi/lib/thumb/v7-m/nofp\libcr_c.a(initio.o)
 .rodata.__num_Ciob_streams
                0x00003acc        0x4 c:/nxp/mcuxpressoide_11.3.0_5222/ide/plugins/com.nxp.mcuxpresso.tools.win32_11.3.0.202008311133/tools/bin/../lib/gcc/arm-none-eabi/9.3.1/../../../../arm-none-eabi/lib/thumb/v7-m/nofp\libcr_nohost.a(__ciob.o)
                0x00003acc                __num_Ciob_streams
                0x00003ad0                . = ALIGN (0x4)

.glue_7         0x00003ad0        0x0
 .glue_7        0x00003ad0        0x0 linker stubs

.glue_7t        0x00003ad0        0x0
 .glue_7t       0x00003ad0        0x0 linker stubs

.vfp11_veneer   0x00003ad0        0x0
 .vfp11_veneer  0x00003ad0        0x0 linker stubs

.v4_bx          0x00003ad0        0x0
 .v4_bx         0x00003ad0        0x0 linker stubs

.iplt           0x00003ad0        0x0
 .iplt          0x00003ad0        0x0 ./freertos/src/FreeRTOSCommonHooks.o

.rel.dyn        0x00003ad0        0x0
 .rel.iplt      0x00003ad0        0x0 ./freertos/src/FreeRTOSCommonHooks.o

.ARM.extab
 *(.ARM.extab* .gnu.linkonce.armextab.*)

.ARM.exidx      0x00003ad0        0x0
                0x00003ad0                __exidx_start = .
 *(.ARM.exidx* .gnu.linkonce.armexidx.*)
                0x00003ad0                __exidx_end = .
                0x00003ad0                _etext = .

.data_RAM2      0x2007c000        0x0 load address 0x00003ad0
 FILL mask 0xff
                [!provide]                PROVIDE (__start_data_RAM2 = .)
                [!provide]                PROVIDE (__start_data_RamAHB32 = .)
 *(.ramfunc.$RAM2)
 *(.ramfunc.$RamAHB32)
 *(.data.$RAM2)
 *(.data.$RamAHB32)
 *(.data.$RAM2.*)
 *(.data.$RamAHB32.*)
                0x2007c000                . = ALIGN (0x4)
                [!provide]                PROVIDE (__end_data_RAM2 = .)
                [!provide]                PROVIDE (__end_data_RamAHB32 = .)

.uninit_RESERVED
                0x10000000        0x0
                0x10000000                _start_uninit_RESERVED = .
 *(.bss.$RESERVED*)
                0x10000000                . = ALIGN (0x4)
                0x10000000                _end_uninit_RESERVED = .

.data           0x10000000        0x8 load address 0x00003ad0
 FILL mask 0xff
                0x10000000                _data = .
                [!provide]                PROVIDE (__start_data_RAM = .)
                [!provide]                PROVIDE (__start_data_RamLoc32 = .)
 *(vtable)
 *(.ramfunc*)
 *(CodeQuickAccess)
 *(DataQuickAccess)
 *(RamFunction)
 *(.data*)
 .data.uxCriticalNesting
                0x10000000        0x4 ./freertos/src/port.o
 .data.uxTopUsedPriority
                0x10000004        0x4 ./freertos/src/tasks.o
                0x10000004                uxTopUsedPriority
                0x10000008                . = ALIGN (0x4)
                0x10000008                _edata = .
                [!provide]                PROVIDE (__end_data_RAM = .)
                [!provide]                PROVIDE (__end_data_RamLoc32 = .)

.igot.plt       0x10000008        0x0 load address 0x00003ad8
 .igot.plt      0x10000008        0x0 ./freertos/src/FreeRTOSCommonHooks.o

.bss_RAM2       0x2007c000        0x0
                [!provide]                PROVIDE (__start_bss_RAM2 = .)
                [!provide]                PROVIDE (__start_bss_RamAHB32 = .)
 *(.bss.$RAM2)
 *(.bss.$RamAHB32)
 *(.bss.$RAM2.*)
 *(.bss.$RamAHB32.*)
                0x2007c000                . = ALIGN ((. != 0x0)?0x4:0x1)
                [!provide]                PROVIDE (__end_bss_RAM2 = .)
                [!provide]                PROVIDE (__end_bss_RamAHB32 = .)

.bss            0x10000008      0x410
                0x10000008                _bss = .
                [!provide]                PROVIDE (__start_bss_RAM = .)
                [!provide]                PROVIDE (__start_bss_RamLoc32 = .)
 *(.bss*)
 .bss.pxCurrentTCB
                0x10000008        0x4 ./freertos/src/tasks.o
                0x10000008                pxCurrentTCB
 .bss.pxReadyTasksLists
                0x1000000c       0xa0 ./freertos/src/tasks.o
 .bss.xDelayedTaskList1
                0x100000ac       0x14 ./freertos/src/tasks.o
 .bss.xDelayedTaskList2
                0x100000c0       0x14 ./freertos/src/tasks.o
 .bss.pxDelayedTaskList
                0x100000d4        0x4 ./freertos/src/tasks.o
 .bss.pxOverflowDelayedTaskList
                0x100000d8        0x4 ./freertos/src/tasks.o
 .bss.xPendingReadyList
                0x100000dc       0x14 ./freertos/src/tasks.o
 .bss.xTasksWaitingTermination
                0x100000f0       0x14 ./freertos/src/tasks.o
 .bss.uxDeletedTasksWaitingCleanUp
                0x10000104        0x4 ./freertos/src/tasks.o
 .bss.xSuspendedTaskList
                0x10000108       0x14 ./freertos/src/tasks.o
 .bss.uxCurrentNumberOfTasks
                0x1000011c        0x4 ./freertos/src/tasks.o
 .bss.xTickCount
                0x10000120        0x4 ./freertos/src/tasks.o
 .bss.uxTopReadyPriority
                0x10000124        0x4 ./freertos/src/tasks.o
 .bss.xSchedulerRunning
                0x10000128        0x4 ./freertos/src/tasks.o
 .bss.xPendedTicks
                0x1000012c        0x4 ./freertos/src/tasks.o
 .bss.xYieldPending
                0x10000130        0x4 ./freertos/src/tasks.o
 .bss.xNumOfOverflows
                0x10000134        0x4 ./freertos/src/tasks.o
 .bss.uxTaskNumber
                0x10000138        0x4 ./freertos/src/tasks.o
 .bss.xNextTaskUnblockTime
                0x1000013c        0x4 ./freertos/src/tasks.o
 .bss.xIdleTaskHandle
                0x10000140        0x4 ./freertos/src/tasks.o
 .bss.uxSchedulerSuspended
                0x10000144        0x4 ./freertos/src/tasks.o
 .bss.xActiveTimerList1
                0x10000148       0x14 ./freertos/src/timers.o
 .bss.xActiveTimerList2
                0x1000015c       0x14 ./freertos/src/timers.o
 .bss.pxCurrentTimerList
                0x10000170        0x4 ./freertos/src/timers.o
 .bss.pxOverflowTimerList
                0x10000174        0x4 ./freertos/src/timers.o
 .bss.xTimerQueue
                0x10000178        0x4 ./freertos/src/timers.o
 .bss.xTimerTaskHandle
                0x1000017c        0x4 ./freertos/src/timers.o
 .bss.xLastTime.8122
                0x10000180        0x4 ./freertos/src/timers.o
 .bss.__end_of_heap
                0x10000184        0x4 c:/nxp/mcuxpressoide_11.3.0_5222/ide/plugins/com.nxp.mcuxpresso.tools.win32_11.3.0.202008311133/tools/bin/../lib/gcc/arm-none-eabi/9.3.1/../../../../arm-none-eabi/lib/thumb/v7-m/nofp\libcr_c.a(__init_alloc.o)
                0x10000184                __end_of_heap
 .bss.__heaps   0x10000188        0x4 c:/nxp/mcuxpressoide_11.3.0_5222/ide/plugins/com.nxp.mcuxpresso.tools.win32_11.3.0.202008311133/tools/bin/../lib/gcc/arm-none-eabi/9.3.1/../../../../arm-none-eabi/lib/thumb/v7-m/nofp\libcr_c.a(__init_alloc.o)
                0x10000188                __heaps
 .bss.errno     0x1000018c        0x4 c:/nxp/mcuxpressoide_11.3.0_5222/ide/plugins/com.nxp.mcuxpresso.tools.win32_11.3.0.202008311133/tools/bin/../lib/gcc/arm-none-eabi/9.3.1/../../../../arm-none-eabi/lib/thumb/v7-m/nofp\libcr_c.a(errno.o)
                0x1000018c                errno
 .bss.__Ciob    0x10000190      0x1e0 c:/nxp/mcuxpressoide_11.3.0_5222/ide/plugins/com.nxp.mcuxpresso.tools.win32_11.3.0.202008311133/tools/bin/../lib/gcc/arm-none-eabi/9.3.1/../../../../arm-none-eabi/lib/thumb/v7-m/nofp\libcr_nohost.a(__ciob.o)
                0x10000190                __Ciob
 *(COMMON)
 COMMON         0x10000370       0xa0 ./freertos/src/queue.o
                0x10000370                xQueueRegistry
 COMMON         0x10000410        0x4 ./example/src/freertos_blinky.o
                0x10000410                xQueueCapture
 COMMON         0x10000414        0x4 C:\Users\Juan Diego\Documents\MCUXpressoIDE_11.3.0_5222\workspace\lpc_chip_175x_6x\Debug\liblpc_chip_175x_6x.a(chip_17xx_40xx.o)
                0x10000414                SystemCoreClock
                0x10000418                . = ALIGN (0x4)
                0x10000418                _ebss = .
                [!provide]                PROVIDE (__end_bss_RAM = .)
                [!provide]                PROVIDE (__end_bss_RamLoc32 = .)
                [!provide]                PROVIDE (end = .)

.noinit_RAM2    0x2007c000        0x0
                [!provide]                PROVIDE (__start_noinit_RAM2 = .)
                [!provide]                PROVIDE (__start_noinit_RamAHB32 = .)
 *(.noinit.$RAM2)
 *(.noinit.$RamAHB32)
 *(.noinit.$RAM2.*)
 *(.noinit.$RamAHB32.*)
                0x2007c000                . = ALIGN (0x4)
                [!provide]                PROVIDE (__end_noinit_RAM2 = .)
                [!provide]                PROVIDE (__end_noinit_RamAHB32 = .)

.noinit         0x10000418        0x0
                0x10000418                _noinit = .
                [!provide]                PROVIDE (__start_noinit_RAM = .)
                [!provide]                PROVIDE (__start_noinit_RamLoc32 = .)
 *(.noinit*)
                0x10000418                . = ALIGN (0x4)
                0x10000418                _end_noinit = .
                [!provide]                PROVIDE (__end_noinit_RAM = .)
                [!provide]                PROVIDE (__end_noinit_RamLoc32 = .)
                0x10000418                PROVIDE (_pvHeapStart = DEFINED (__user_heap_base)?__user_heap_base:.)
                0x10008000                PROVIDE (_vStackTop = DEFINED (__user_stack_top)?__user_stack_top:(__top_RamLoc32 - 0x0))
                [!provide]                PROVIDE (__valid_user_code_checksum = (0x0 - ((((((_vStackTop + (ResetISR + 0x1)) + (NMI_Handler + 0x1)) + (HardFault_Handler + 0x1)) + (DEFINED (MemManage_Handler)?MemManage_Handler:0x0 + 0x1)) + (DEFINED (BusFault_Handler)?BusFault_Handler:0x0 + 0x1)) + (DEFINED (UsageFault_Handler)?UsageFault_Handler:0x0 + 0x1))))
                0x00000000                _image_start = LOADADDR (.text)
                0x00003ad8                _image_end = (LOADADDR (.data) + SIZEOF (.data))
                0x00003ad8                _image_size = (_image_end - _image_start)
OUTPUT(freertos_blinky.axf elf32-littlearm)
LOAD linker stubs

.debug_info     0x00000000     0xb4fb
 .debug_info    0x00000000      0x352 ./freertos/src/FreeRTOSCommonHooks.o
 .debug_info    0x00000352      0x294 ./freertos/src/heap_3.o
 .debug_info    0x000005e6      0x455 ./freertos/src/list.o
 .debug_info    0x00000a3b      0x519 ./freertos/src/port.o
 .debug_info    0x00000f54     0x158c ./freertos/src/queue.o
 .debug_info    0x000024e0     0x238b ./freertos/src/tasks.o
 .debug_info    0x0000486b      0xeda ./freertos/src/timers.o
 .debug_info    0x00005745      0x272 ./example/src/cr_startup_lpc175x_6x.o
 .debug_info    0x000059b7      0xda9 ./example/src/freertos_blinky.o
 .debug_info    0x00006760      0x250 ./example/src/sysinit.o
 .debug_info    0x000069b0     0x164a C:\Users\Juan Diego\Documents\MCUXpressoIDE_11.3.0_5222\workspace\lpc_board_nxp_lpcxpresso_1769\Debug\liblpc_board_nxp_lpcxpresso_1769.a(board.o)
 .debug_info    0x00007ffa      0x71d C:\Users\Juan Diego\Documents\MCUXpressoIDE_11.3.0_5222\workspace\lpc_board_nxp_lpcxpresso_1769\Debug\liblpc_board_nxp_lpcxpresso_1769.a(board_sysinit.o)
 .debug_info    0x00008717      0x591 C:\Users\Juan Diego\Documents\MCUXpressoIDE_11.3.0_5222\workspace\lpc_chip_175x_6x\Debug\liblpc_chip_175x_6x.a(chip_17xx_40xx.o)
 .debug_info    0x00008ca8      0xc2a C:\Users\Juan Diego\Documents\MCUXpressoIDE_11.3.0_5222\workspace\lpc_chip_175x_6x\Debug\liblpc_chip_175x_6x.a(clock_17xx_40xx.o)
 .debug_info    0x000098d2      0x347 C:\Users\Juan Diego\Documents\MCUXpressoIDE_11.3.0_5222\workspace\lpc_chip_175x_6x\Debug\liblpc_chip_175x_6x.a(iocon_17xx_40xx.o)
 .debug_info    0x00009c19      0x4b0 C:\Users\Juan Diego\Documents\MCUXpressoIDE_11.3.0_5222\workspace\lpc_chip_175x_6x\Debug\liblpc_chip_175x_6x.a(sysinit_17xx_40xx.o)
 .debug_info    0x0000a0c9      0x458 C:\Users\Juan Diego\Documents\MCUXpressoIDE_11.3.0_5222\workspace\lpc_chip_175x_6x\Debug\liblpc_chip_175x_6x.a(timer_17xx_40xx.o)
 .debug_info    0x0000a521      0xfda C:\Users\Juan Diego\Documents\MCUXpressoIDE_11.3.0_5222\workspace\lpc_chip_175x_6x\Debug\liblpc_chip_175x_6x.a(uart_17xx_40xx.o)

.debug_abbrev   0x00000000     0x25fe
 .debug_abbrev  0x00000000      0x1a5 ./freertos/src/FreeRTOSCommonHooks.o
 .debug_abbrev  0x000001a5      0x147 ./freertos/src/heap_3.o
 .debug_abbrev  0x000002ec      0x136 ./freertos/src/list.o
 .debug_abbrev  0x00000422      0x26f ./freertos/src/port.o
 .debug_abbrev  0x00000691      0x2b3 ./freertos/src/queue.o
 .debug_abbrev  0x00000944      0x31a ./freertos/src/tasks.o
 .debug_abbrev  0x00000c5e      0x276 ./freertos/src/timers.o
 .debug_abbrev  0x00000ed4      0x117 ./example/src/cr_startup_lpc175x_6x.o
 .debug_abbrev  0x00000feb      0x2b5 ./example/src/freertos_blinky.o
 .debug_abbrev  0x000012a0       0xeb ./example/src/sysinit.o
 .debug_abbrev  0x0000138b      0x420 C:\Users\Juan Diego\Documents\MCUXpressoIDE_11.3.0_5222\workspace\lpc_board_nxp_lpcxpresso_1769\Debug\liblpc_board_nxp_lpcxpresso_1769.a(board.o)
 .debug_abbrev  0x000017ab      0x1a2 C:\Users\Juan Diego\Documents\MCUXpressoIDE_11.3.0_5222\workspace\lpc_board_nxp_lpcxpresso_1769\Debug\liblpc_board_nxp_lpcxpresso_1769.a(board_sysinit.o)
 .debug_abbrev  0x0000194d      0x16d C:\Users\Juan Diego\Documents\MCUXpressoIDE_11.3.0_5222\workspace\lpc_chip_175x_6x\Debug\liblpc_chip_175x_6x.a(chip_17xx_40xx.o)
 .debug_abbrev  0x00001aba      0x34d C:\Users\Juan Diego\Documents\MCUXpressoIDE_11.3.0_5222\workspace\lpc_chip_175x_6x\Debug\liblpc_chip_175x_6x.a(clock_17xx_40xx.o)
 .debug_abbrev  0x00001e07      0x164 C:\Users\Juan Diego\Documents\MCUXpressoIDE_11.3.0_5222\workspace\lpc_chip_175x_6x\Debug\liblpc_chip_175x_6x.a(iocon_17xx_40xx.o)
 .debug_abbrev  0x00001f6b      0x1b0 C:\Users\Juan Diego\Documents\MCUXpressoIDE_11.3.0_5222\workspace\lpc_chip_175x_6x\Debug\liblpc_chip_175x_6x.a(sysinit_17xx_40xx.o)
 .debug_abbrev  0x0000211b      0x18f C:\Users\Juan Diego\Documents\MCUXpressoIDE_11.3.0_5222\workspace\lpc_chip_175x_6x\Debug\liblpc_chip_175x_6x.a(timer_17xx_40xx.o)
 .debug_abbrev  0x000022aa      0x354 C:\Users\Juan Diego\Documents\MCUXpressoIDE_11.3.0_5222\workspace\lpc_chip_175x_6x\Debug\liblpc_chip_175x_6x.a(uart_17xx_40xx.o)

.debug_aranges  0x00000000      0xbc0
 .debug_aranges
                0x00000000       0x40 ./freertos/src/FreeRTOSCommonHooks.o
 .debug_aranges
                0x00000040       0x28 ./freertos/src/heap_3.o
 .debug_aranges
                0x00000068       0x40 ./freertos/src/list.o
 .debug_aranges
                0x000000a8       0x70 ./freertos/src/port.o
 .debug_aranges
                0x00000118      0x140 ./freertos/src/queue.o
 .debug_aranges
                0x00000258      0x228 ./freertos/src/tasks.o
 .debug_aranges
                0x00000480       0xf8 ./freertos/src/timers.o
 .debug_aranges
                0x00000578       0x80 ./example/src/cr_startup_lpc175x_6x.o
 .debug_aranges
                0x000005f8       0xc0 ./example/src/freertos_blinky.o
 .debug_aranges
                0x000006b8       0x20 ./example/src/sysinit.o
 .debug_aranges
                0x000006d8      0x160 C:\Users\Juan Diego\Documents\MCUXpressoIDE_11.3.0_5222\workspace\lpc_board_nxp_lpcxpresso_1769\Debug\liblpc_board_nxp_lpcxpresso_1769.a(board.o)
 .debug_aranges
                0x00000838       0x38 C:\Users\Juan Diego\Documents\MCUXpressoIDE_11.3.0_5222\workspace\lpc_board_nxp_lpcxpresso_1769\Debug\liblpc_board_nxp_lpcxpresso_1769.a(board_sysinit.o)
 .debug_aranges
                0x00000870       0x38 C:\Users\Juan Diego\Documents\MCUXpressoIDE_11.3.0_5222\workspace\lpc_chip_175x_6x\Debug\liblpc_chip_175x_6x.a(chip_17xx_40xx.o)
 .debug_aranges
                0x000008a8      0x120 C:\Users\Juan Diego\Documents\MCUXpressoIDE_11.3.0_5222\workspace\lpc_chip_175x_6x\Debug\liblpc_chip_175x_6x.a(clock_17xx_40xx.o)
 .debug_aranges
                0x000009c8       0x30 C:\Users\Juan Diego\Documents\MCUXpressoIDE_11.3.0_5222\workspace\lpc_chip_175x_6x\Debug\liblpc_chip_175x_6x.a(iocon_17xx_40xx.o)
 .debug_aranges
                0x000009f8       0x60 C:\Users\Juan Diego\Documents\MCUXpressoIDE_11.3.0_5222\workspace\lpc_chip_175x_6x\Debug\liblpc_chip_175x_6x.a(sysinit_17xx_40xx.o)
 .debug_aranges
                0x00000a58       0x40 C:\Users\Juan Diego\Documents\MCUXpressoIDE_11.3.0_5222\workspace\lpc_chip_175x_6x\Debug\liblpc_chip_175x_6x.a(timer_17xx_40xx.o)
 .debug_aranges
                0x00000a98      0x128 C:\Users\Juan Diego\Documents\MCUXpressoIDE_11.3.0_5222\workspace\lpc_chip_175x_6x\Debug\liblpc_chip_175x_6x.a(uart_17xx_40xx.o)

.debug_ranges   0x00000000      0xaa0
 .debug_ranges  0x00000000       0x30 ./freertos/src/FreeRTOSCommonHooks.o
 .debug_ranges  0x00000030       0x18 ./freertos/src/heap_3.o
 .debug_ranges  0x00000048       0x30 ./freertos/src/list.o
 .debug_ranges  0x00000078       0x60 ./freertos/src/port.o
 .debug_ranges  0x000000d8      0x130 ./freertos/src/queue.o
 .debug_ranges  0x00000208      0x218 ./freertos/src/tasks.o
 .debug_ranges  0x00000420       0xe8 ./freertos/src/timers.o
 .debug_ranges  0x00000508       0x70 ./example/src/cr_startup_lpc175x_6x.o
 .debug_ranges  0x00000578       0xb0 ./example/src/freertos_blinky.o
 .debug_ranges  0x00000628       0x10 ./example/src/sysinit.o
 .debug_ranges  0x00000638      0x150 C:\Users\Juan Diego\Documents\MCUXpressoIDE_11.3.0_5222\workspace\lpc_board_nxp_lpcxpresso_1769\Debug\liblpc_board_nxp_lpcxpresso_1769.a(board.o)
 .debug_ranges  0x00000788       0x28 C:\Users\Juan Diego\Documents\MCUXpressoIDE_11.3.0_5222\workspace\lpc_board_nxp_lpcxpresso_1769\Debug\liblpc_board_nxp_lpcxpresso_1769.a(board_sysinit.o)
 .debug_ranges  0x000007b0       0x28 C:\Users\Juan Diego\Documents\MCUXpressoIDE_11.3.0_5222\workspace\lpc_chip_175x_6x\Debug\liblpc_chip_175x_6x.a(chip_17xx_40xx.o)
 .debug_ranges  0x000007d8      0x110 C:\Users\Juan Diego\Documents\MCUXpressoIDE_11.3.0_5222\workspace\lpc_chip_175x_6x\Debug\liblpc_chip_175x_6x.a(clock_17xx_40xx.o)
 .debug_ranges  0x000008e8       0x20 C:\Users\Juan Diego\Documents\MCUXpressoIDE_11.3.0_5222\workspace\lpc_chip_175x_6x\Debug\liblpc_chip_175x_6x.a(iocon_17xx_40xx.o)
 .debug_ranges  0x00000908       0x50 C:\Users\Juan Diego\Documents\MCUXpressoIDE_11.3.0_5222\workspace\lpc_chip_175x_6x\Debug\liblpc_chip_175x_6x.a(sysinit_17xx_40xx.o)
 .debug_ranges  0x00000958       0x30 C:\Users\Juan Diego\Documents\MCUXpressoIDE_11.3.0_5222\workspace\lpc_chip_175x_6x\Debug\liblpc_chip_175x_6x.a(timer_17xx_40xx.o)
 .debug_ranges  0x00000988      0x118 C:\Users\Juan Diego\Documents\MCUXpressoIDE_11.3.0_5222\workspace\lpc_chip_175x_6x\Debug\liblpc_chip_175x_6x.a(uart_17xx_40xx.o)

.debug_macro    0x00000000     0x718d
 .debug_macro   0x00000000      0x2a3 ./freertos/src/FreeRTOSCommonHooks.o
 .debug_macro   0x000002a3      0xaa8 ./freertos/src/FreeRTOSCommonHooks.o
 .debug_macro   0x00000d4b       0x10 ./freertos/src/FreeRTOSCommonHooks.o
 .debug_macro   0x00000d5b      0x12e ./freertos/src/FreeRTOSCommonHooks.o
 .debug_macro   0x00000e89       0x16 ./freertos/src/FreeRTOSCommonHooks.o
 .debug_macro   0x00000e9f      0x5b3 ./freertos/src/FreeRTOSCommonHooks.o
 .debug_macro   0x00001452       0x22 ./freertos/src/FreeRTOSCommonHooks.o
 .debug_macro   0x00001474       0x74 ./freertos/src/FreeRTOSCommonHooks.o
 .debug_macro   0x000014e8       0x10 ./freertos/src/FreeRTOSCommonHooks.o
 .debug_macro   0x000014f8       0x2d ./freertos/src/FreeRTOSCommonHooks.o
 .debug_macro   0x00001525       0x3a ./freertos/src/FreeRTOSCommonHooks.o
 .debug_macro   0x0000155f       0x2d ./freertos/src/FreeRTOSCommonHooks.o
 .debug_macro   0x0000158c      0xbb1 ./freertos/src/FreeRTOSCommonHooks.o
 .debug_macro   0x0000213d      0x22c ./freertos/src/FreeRTOSCommonHooks.o
 .debug_macro   0x00002369       0x42 ./freertos/src/FreeRTOSCommonHooks.o
 .debug_macro   0x000023ab       0x52 ./freertos/src/FreeRTOSCommonHooks.o
 .debug_macro   0x000023fd       0x78 ./freertos/src/FreeRTOSCommonHooks.o
 .debug_macro   0x00002475       0x82 ./freertos/src/FreeRTOSCommonHooks.o
 .debug_macro   0x000024f7      0x48c ./freertos/src/FreeRTOSCommonHooks.o
 .debug_macro   0x00002983       0x34 ./freertos/src/FreeRTOSCommonHooks.o
 .debug_macro   0x000029b7      0x4c5 ./freertos/src/FreeRTOSCommonHooks.o
 .debug_macro   0x00002e7c      0x1b7 ./freertos/src/FreeRTOSCommonHooks.o
 .debug_macro   0x00003033       0x10 ./freertos/src/FreeRTOSCommonHooks.o
 .debug_macro   0x00003043      0x21b ./freertos/src/FreeRTOSCommonHooks.o
 .debug_macro   0x0000325e      0x1b9 ./freertos/src/FreeRTOSCommonHooks.o
 .debug_macro   0x00003417       0x40 ./freertos/src/FreeRTOSCommonHooks.o
 .debug_macro   0x00003457       0x22 ./freertos/src/FreeRTOSCommonHooks.o
 .debug_macro   0x00003479      0x162 ./freertos/src/FreeRTOSCommonHooks.o
 .debug_macro   0x000035db       0x94 ./freertos/src/FreeRTOSCommonHooks.o
 .debug_macro   0x0000366f       0xb8 ./freertos/src/FreeRTOSCommonHooks.o
 .debug_macro   0x00003727       0x4c ./freertos/src/FreeRTOSCommonHooks.o
 .debug_macro   0x00003773       0x16 ./freertos/src/FreeRTOSCommonHooks.o
 .debug_macro   0x00003789      0x328 ./freertos/src/FreeRTOSCommonHooks.o
 .debug_macro   0x00003ab1       0x49 ./freertos/src/FreeRTOSCommonHooks.o
 .debug_macro   0x00003afa       0x16 ./freertos/src/FreeRTOSCommonHooks.o
 .debug_macro   0x00003b10       0xca ./freertos/src/FreeRTOSCommonHooks.o
 .debug_macro   0x00003bda       0x11 ./freertos/src/FreeRTOSCommonHooks.o
 .debug_macro   0x00003beb       0x70 ./freertos/src/FreeRTOSCommonHooks.o
 .debug_macro   0x00003c5b       0x9a ./freertos/src/FreeRTOSCommonHooks.o
 .debug_macro   0x00003cf5       0x20 ./freertos/src/FreeRTOSCommonHooks.o
 .debug_macro   0x00003d15       0x28 ./freertos/src/FreeRTOSCommonHooks.o
 .debug_macro   0x00003d3d      0x153 ./freertos/src/FreeRTOSCommonHooks.o
 .debug_macro   0x00003e90      0x15a ./freertos/src/FreeRTOSCommonHooks.o
 .debug_macro   0x00003fea       0xc8 ./freertos/src/FreeRTOSCommonHooks.o
 .debug_macro   0x000040b2       0x28 ./freertos/src/FreeRTOSCommonHooks.o
 .debug_macro   0x000040da       0x1f ./freertos/src/FreeRTOSCommonHooks.o
 .debug_macro   0x000040f9       0x12 ./freertos/src/FreeRTOSCommonHooks.o
 .debug_macro   0x0000410b      0x4f5 ./freertos/src/FreeRTOSCommonHooks.o
 .debug_macro   0x00004600       0xc3 ./freertos/src/FreeRTOSCommonHooks.o
 .debug_macro   0x000046c3      0x120 ./freertos/src/FreeRTOSCommonHooks.o
 .debug_macro   0x000047e3      0x2b9 ./freertos/src/heap_3.o
 .debug_macro   0x00004a9c      0x2aa ./freertos/src/list.o
 .debug_macro   0x00004d46      0x347 ./freertos/src/port.o
 .debug_macro   0x0000508d      0x31f ./freertos/src/queue.o
 .debug_macro   0x000053ac       0x80 ./freertos/src/queue.o
 .debug_macro   0x0000542c      0x374 ./freertos/src/tasks.o
 .debug_macro   0x000057a0       0x17 ./freertos/src/tasks.o
 .debug_macro   0x000057b7      0x2f9 ./freertos/src/timers.o
 .debug_macro   0x00005ab0       0x97 ./freertos/src/timers.o
 .debug_macro   0x00005b47       0x1d ./example/src/cr_startup_lpc175x_6x.o
 .debug_macro   0x00005b64      0x2a6 ./example/src/freertos_blinky.o
 .debug_macro   0x00005e0a       0x7b ./example/src/freertos_blinky.o
 .debug_macro   0x00005e85       0x18 ./example/src/freertos_blinky.o
 .debug_macro   0x00005e9d      0x159 ./example/src/freertos_blinky.o
 .debug_macro   0x00005ff6      0x217 ./example/src/sysinit.o
 .debug_macro   0x0000620d      0x289 C:\Users\Juan Diego\Documents\MCUXpressoIDE_11.3.0_5222\workspace\lpc_board_nxp_lpcxpresso_1769\Debug\liblpc_board_nxp_lpcxpresso_1769.a(board.o)
 .debug_macro   0x00006496       0x12 C:\Users\Juan Diego\Documents\MCUXpressoIDE_11.3.0_5222\workspace\lpc_board_nxp_lpcxpresso_1769\Debug\liblpc_board_nxp_lpcxpresso_1769.a(board.o)
 .debug_macro   0x000064a8      0x217 C:\Users\Juan Diego\Documents\MCUXpressoIDE_11.3.0_5222\workspace\lpc_board_nxp_lpcxpresso_1769\Debug\liblpc_board_nxp_lpcxpresso_1769.a(board_sysinit.o)
 .debug_macro   0x000066bf      0x1cd C:\Users\Juan Diego\Documents\MCUXpressoIDE_11.3.0_5222\workspace\lpc_chip_175x_6x\Debug\liblpc_chip_175x_6x.a(chip_17xx_40xx.o)
 .debug_macro   0x0000688c      0x1cd C:\Users\Juan Diego\Documents\MCUXpressoIDE_11.3.0_5222\workspace\lpc_chip_175x_6x\Debug\liblpc_chip_175x_6x.a(clock_17xx_40xx.o)
 .debug_macro   0x00006a59      0x1cd C:\Users\Juan Diego\Documents\MCUXpressoIDE_11.3.0_5222\workspace\lpc_chip_175x_6x\Debug\liblpc_chip_175x_6x.a(iocon_17xx_40xx.o)
 .debug_macro   0x00006c26      0x1cd C:\Users\Juan Diego\Documents\MCUXpressoIDE_11.3.0_5222\workspace\lpc_chip_175x_6x\Debug\liblpc_chip_175x_6x.a(sysinit_17xx_40xx.o)
 .debug_macro   0x00006df3      0x1cd C:\Users\Juan Diego\Documents\MCUXpressoIDE_11.3.0_5222\workspace\lpc_chip_175x_6x\Debug\liblpc_chip_175x_6x.a(timer_17xx_40xx.o)
 .debug_macro   0x00006fc0      0x1cd C:\Users\Juan Diego\Documents\MCUXpressoIDE_11.3.0_5222\workspace\lpc_chip_175x_6x\Debug\liblpc_chip_175x_6x.a(uart_17xx_40xx.o)

.debug_line     0x00000000     0xa0c9
 .debug_line    0x00000000      0x737 ./freertos/src/FreeRTOSCommonHooks.o
 .debug_line    0x00000737      0x6b8 ./freertos/src/heap_3.o
 .debug_line    0x00000def      0x781 ./freertos/src/list.o
 .debug_line    0x00001570      0x835 ./freertos/src/port.o
 .debug_line    0x00001da5     0x11a6 ./freertos/src/queue.o
 .debug_line    0x00002f4b     0x1bdc ./freertos/src/tasks.o
 .debug_line    0x00004b27      0xbcf ./freertos/src/timers.o
 .debug_line    0x000056f6      0x168 ./example/src/cr_startup_lpc175x_6x.o
 .debug_line    0x0000585e      0x970 ./example/src/freertos_blinky.o
 .debug_line    0x000061ce      0x530 ./example/src/sysinit.o
 .debug_line    0x000066fe      0xaaa C:\Users\Juan Diego\Documents\MCUXpressoIDE_11.3.0_5222\workspace\lpc_board_nxp_lpcxpresso_1769\Debug\liblpc_board_nxp_lpcxpresso_1769.a(board.o)
 .debug_line    0x000071a8      0x581 C:\Users\Juan Diego\Documents\MCUXpressoIDE_11.3.0_5222\workspace\lpc_board_nxp_lpcxpresso_1769\Debug\liblpc_board_nxp_lpcxpresso_1769.a(board_sysinit.o)
 .debug_line    0x00007729      0x526 C:\Users\Juan Diego\Documents\MCUXpressoIDE_11.3.0_5222\workspace\lpc_chip_175x_6x\Debug\liblpc_chip_175x_6x.a(chip_17xx_40xx.o)
 .debug_line    0x00007c4f      0x98d C:\Users\Juan Diego\Documents\MCUXpressoIDE_11.3.0_5222\workspace\lpc_chip_175x_6x\Debug\liblpc_chip_175x_6x.a(clock_17xx_40xx.o)
 .debug_line    0x000085dc      0x542 C:\Users\Juan Diego\Documents\MCUXpressoIDE_11.3.0_5222\workspace\lpc_chip_175x_6x\Debug\liblpc_chip_175x_6x.a(iocon_17xx_40xx.o)
 .debug_line    0x00008b1e      0x5ff C:\Users\Juan Diego\Documents\MCUXpressoIDE_11.3.0_5222\workspace\lpc_chip_175x_6x\Debug\liblpc_chip_175x_6x.a(sysinit_17xx_40xx.o)
 .debug_line    0x0000911d      0x545 C:\Users\Juan Diego\Documents\MCUXpressoIDE_11.3.0_5222\workspace\lpc_chip_175x_6x\Debug\liblpc_chip_175x_6x.a(timer_17xx_40xx.o)
 .debug_line    0x00009662      0xa67 C:\Users\Juan Diego\Documents\MCUXpressoIDE_11.3.0_5222\workspace\lpc_chip_175x_6x\Debug\liblpc_chip_175x_6x.a(uart_17xx_40xx.o)

.debug_str      0x00000000    0x1c5e0
 .debug_str     0x00000000    0x1626b ./freertos/src/FreeRTOSCommonHooks.o
                              0x1636f (size before relaxing)
 .debug_str     0x0001626b       0xe5 ./freertos/src/heap_3.o
                              0x1636e (size before relaxing)
 .debug_str     0x00016350      0x12d ./freertos/src/list.o
                              0x151f9 (size before relaxing)
 .debug_str     0x0001647d      0x841 ./freertos/src/port.o
                              0x16b1b (size before relaxing)
 .debug_str     0x00016cbe     0x1241 ./freertos/src/queue.o
                              0x1787d (size before relaxing)
 .debug_str     0x00017eff     0x1c2a ./freertos/src/tasks.o
                              0x183b9 (size before relaxing)
 .debug_str     0x00019b29      0x604 ./freertos/src/timers.o
                              0x17b34 (size before relaxing)
 .debug_str     0x0001a12d      0x1b3 ./example/src/cr_startup_lpc175x_6x.o
                               0x2fa8 (size before relaxing)
 .debug_str     0x0001a2e0      0x7c3 ./example/src/freertos_blinky.o
                              0x17364 (size before relaxing)
 .debug_str     0x0001aaa3       0x23 ./example/src/sysinit.o
                              0x1138a (size before relaxing)
 .debug_str     0x0001aac6      0xc17 C:\Users\Juan Diego\Documents\MCUXpressoIDE_11.3.0_5222\workspace\lpc_board_nxp_lpcxpresso_1769\Debug\liblpc_board_nxp_lpcxpresso_1769.a(board.o)
                              0x1225e (size before relaxing)
 .debug_str     0x0001b6dd      0x22d C:\Users\Juan Diego\Documents\MCUXpressoIDE_11.3.0_5222\workspace\lpc_board_nxp_lpcxpresso_1769\Debug\liblpc_board_nxp_lpcxpresso_1769.a(board_sysinit.o)
                              0x11798 (size before relaxing)
 .debug_str     0x0001b90a       0xcc C:\Users\Juan Diego\Documents\MCUXpressoIDE_11.3.0_5222\workspace\lpc_chip_175x_6x\Debug\liblpc_chip_175x_6x.a(chip_17xx_40xx.o)
                              0x113e8 (size before relaxing)
 .debug_str     0x0001b9d6      0x5d3 C:\Users\Juan Diego\Documents\MCUXpressoIDE_11.3.0_5222\workspace\lpc_chip_175x_6x\Debug\liblpc_chip_175x_6x.a(clock_17xx_40xx.o)
                              0x11a66 (size before relaxing)
 .debug_str     0x0001bfa9       0x79 C:\Users\Juan Diego\Documents\MCUXpressoIDE_11.3.0_5222\workspace\lpc_chip_175x_6x\Debug\liblpc_chip_175x_6x.a(iocon_17xx_40xx.o)
                              0x10ee3 (size before relaxing)
 .debug_str     0x0001c022       0xc4 C:\Users\Juan Diego\Documents\MCUXpressoIDE_11.3.0_5222\workspace\lpc_chip_175x_6x\Debug\liblpc_chip_175x_6x.a(sysinit_17xx_40xx.o)
                              0x110cb (size before relaxing)
 .debug_str     0x0001c0e6      0x13a C:\Users\Juan Diego\Documents\MCUXpressoIDE_11.3.0_5222\workspace\lpc_chip_175x_6x\Debug\liblpc_chip_175x_6x.a(timer_17xx_40xx.o)
                              0x11214 (size before relaxing)
 .debug_str     0x0001c220      0x3c0 C:\Users\Juan Diego\Documents\MCUXpressoIDE_11.3.0_5222\workspace\lpc_chip_175x_6x\Debug\liblpc_chip_175x_6x.a(uart_17xx_40xx.o)
                              0x1193b (size before relaxing)

.comment        0x00000000       0x4c
 .comment       0x00000000       0x4c ./freertos/src/FreeRTOSCommonHooks.o
                                 0x4d (size before relaxing)
 .comment       0x0000004c       0x4d ./freertos/src/heap_3.o
 .comment       0x0000004c       0x4d ./freertos/src/list.o
 .comment       0x0000004c       0x4d ./freertos/src/port.o
 .comment       0x0000004c       0x4d ./freertos/src/queue.o
 .comment       0x0000004c       0x4d ./freertos/src/tasks.o
 .comment       0x0000004c       0x4d ./freertos/src/timers.o
 .comment       0x0000004c       0x4d ./example/src/cr_startup_lpc175x_6x.o
 .comment       0x0000004c       0x4d ./example/src/freertos_blinky.o
 .comment       0x0000004c       0x4d ./example/src/sysinit.o
 .comment       0x0000004c       0x4d C:\Users\Juan Diego\Documents\MCUXpressoIDE_11.3.0_5222\workspace\lpc_board_nxp_lpcxpresso_1769\Debug\liblpc_board_nxp_lpcxpresso_1769.a(board.o)
 .comment       0x0000004c       0x4d C:\Users\Juan Diego\Documents\MCUXpressoIDE_11.3.0_5222\workspace\lpc_board_nxp_lpcxpresso_1769\Debug\liblpc_board_nxp_lpcxpresso_1769.a(board_sysinit.o)
 .comment       0x0000004c       0x4d C:\Users\Juan Diego\Documents\MCUXpressoIDE_11.3.0_5222\workspace\lpc_chip_175x_6x\Debug\liblpc_chip_175x_6x.a(chip_17xx_40xx.o)
 .comment       0x0000004c       0x4d C:\Users\Juan Diego\Documents\MCUXpressoIDE_11.3.0_5222\workspace\lpc_chip_175x_6x\Debug\liblpc_chip_175x_6x.a(clock_17xx_40xx.o)
 .comment       0x0000004c       0x4d C:\Users\Juan Diego\Documents\MCUXpressoIDE_11.3.0_5222\workspace\lpc_chip_175x_6x\Debug\liblpc_chip_175x_6x.a(iocon_17xx_40xx.o)
 .comment       0x0000004c       0x4d C:\Users\Juan Diego\Documents\MCUXpressoIDE_11.3.0_5222\workspace\lpc_chip_175x_6x\Debug\liblpc_chip_175x_6x.a(sysinit_17xx_40xx.o)
 .comment       0x0000004c       0x4d C:\Users\Juan Diego\Documents\MCUXpressoIDE_11.3.0_5222\workspace\lpc_chip_175x_6x\Debug\liblpc_chip_175x_6x.a(timer_17xx_40xx.o)
 .comment       0x0000004c       0x4d C:\Users\Juan Diego\Documents\MCUXpressoIDE_11.3.0_5222\workspace\lpc_chip_175x_6x\Debug\liblpc_chip_175x_6x.a(uart_17xx_40xx.o)
 .comment       0x0000004c       0x4d c:/nxp/mcuxpressoide_11.3.0_5222/ide/plugins/com.nxp.mcuxpresso.tools.win32_11.3.0.202008311133/tools/bin/../lib/gcc/arm-none-eabi/9.3.1/../../../../arm-none-eabi/lib/thumb/v7-m/nofp\libcr_nohost.a(_cr__main.o)
 .comment       0x0000004c       0x4d c:/nxp/mcuxpressoide_11.3.0_5222/ide/plugins/com.nxp.mcuxpresso.tools.win32_11.3.0.202008311133/tools/bin/../lib/gcc/arm-none-eabi/9.3.1/../../../../arm-none-eabi/lib/thumb/v7-m/nofp\libcr_c.a(memcpy.o)
 .comment       0x0000004c       0x4d c:/nxp/mcuxpressoide_11.3.0_5222/ide/plugins/com.nxp.mcuxpresso.tools.win32_11.3.0.202008311133/tools/bin/../lib/gcc/arm-none-eabi/9.3.1/../../../../arm-none-eabi/lib/thumb/v7-m/nofp\libcr_c.a(memset.o)
 .comment       0x0000004c       0x4d c:/nxp/mcuxpressoide_11.3.0_5222/ide/plugins/com.nxp.mcuxpresso.tools.win32_11.3.0.202008311133/tools/bin/../lib/gcc/arm-none-eabi/9.3.1/../../../../arm-none-eabi/lib/thumb/v7-m/nofp\libcr_c.a(alloc.o)
 .comment       0x0000004c       0x4d c:/nxp/mcuxpressoide_11.3.0_5222/ide/plugins/com.nxp.mcuxpresso.tools.win32_11.3.0.202008311133/tools/bin/../lib/gcc/arm-none-eabi/9.3.1/../../../../arm-none-eabi/lib/thumb/v7-m/nofp\libcr_c.a(initio.o)
 .comment       0x0000004c       0x4d c:/nxp/mcuxpressoide_11.3.0_5222/ide/plugins/com.nxp.mcuxpresso.tools.win32_11.3.0.202008311133/tools/bin/../lib/gcc/arm-none-eabi/9.3.1/../../../../arm-none-eabi/lib/thumb/v7-m/nofp\libcr_c.a(setvbuf.o)
 .comment       0x0000004c       0x4d c:/nxp/mcuxpressoide_11.3.0_5222/ide/plugins/com.nxp.mcuxpresso.tools.win32_11.3.0.202008311133/tools/bin/../lib/gcc/arm-none-eabi/9.3.1/../../../../arm-none-eabi/lib/thumb/v7-m/nofp\libcr_c.a(strlen.o)
 .comment       0x0000004c       0x4d c:/nxp/mcuxpressoide_11.3.0_5222/ide/plugins/com.nxp.mcuxpresso.tools.win32_11.3.0.202008311133/tools/bin/../lib/gcc/arm-none-eabi/9.3.1/../../../../arm-none-eabi/lib/thumb/v7-m/nofp\libcr_c.a(__init_alloc.o)
 .comment       0x0000004c       0x4d c:/nxp/mcuxpressoide_11.3.0_5222/ide/plugins/com.nxp.mcuxpresso.tools.win32_11.3.0.202008311133/tools/bin/../lib/gcc/arm-none-eabi/9.3.1/../../../../arm-none-eabi/lib/thumb/v7-m/nofp\libcr_c.a(_cr_sbrk.o)
 .comment       0x0000004c       0x4d c:/nxp/mcuxpressoide_11.3.0_5222/ide/plugins/com.nxp.mcuxpresso.tools.win32_11.3.0.202008311133/tools/bin/../lib/gcc/arm-none-eabi/9.3.1/../../../../arm-none-eabi/lib/thumb/v7-m/nofp\libcr_c.a(_deferredlazyseek.o)
 .comment       0x0000004c       0x4d c:/nxp/mcuxpressoide_11.3.0_5222/ide/plugins/com.nxp.mcuxpresso.tools.win32_11.3.0.202008311133/tools/bin/../lib/gcc/arm-none-eabi/9.3.1/../../../../arm-none-eabi/lib/thumb/v7-m/nofp\libcr_c.a(_fdopen.o)
 .comment       0x0000004c       0x4d c:/nxp/mcuxpressoide_11.3.0_5222/ide/plugins/com.nxp.mcuxpresso.tools.win32_11.3.0.202008311133/tools/bin/../lib/gcc/arm-none-eabi/9.3.1/../../../../arm-none-eabi/lib/thumb/v7-m/nofp\libcr_c.a(_fflush.o)
 .comment       0x0000004c       0x4d c:/nxp/mcuxpressoide_11.3.0_5222/ide/plugins/com.nxp.mcuxpresso.tools.win32_11.3.0.202008311133/tools/bin/../lib/gcc/arm-none-eabi/9.3.1/../../../../arm-none-eabi/lib/thumb/v7-m/nofp\libcr_c.a(_writebuf.o)
 .comment       0x0000004c       0x4d c:/nxp/mcuxpressoide_11.3.0_5222/ide/plugins/com.nxp.mcuxpresso.tools.win32_11.3.0.202008311133/tools/bin/../lib/gcc/arm-none-eabi/9.3.1/../../../../arm-none-eabi/lib/thumb/v7-m/nofp\libcr_c.a(errno.o)
 .comment       0x0000004c       0x4d c:/nxp/mcuxpressoide_11.3.0_5222/ide/plugins/com.nxp.mcuxpresso.tools.win32_11.3.0.202008311133/tools/bin/../lib/gcc/arm-none-eabi/9.3.1/../../../../arm-none-eabi/lib/thumb/v7-m/nofp\libcr_c.a(fclose.o)
 .comment       0x0000004c       0x4d c:/nxp/mcuxpressoide_11.3.0_5222/ide/plugins/com.nxp.mcuxpresso.tools.win32_11.3.0.202008311133/tools/bin/../lib/gcc/arm-none-eabi/9.3.1/../../../../arm-none-eabi/lib/thumb/v7-m/nofp\libcr_c.a(fflush.o)
 .comment       0x0000004c       0x4d c:/nxp/mcuxpressoide_11.3.0_5222/ide/plugins/com.nxp.mcuxpresso.tools.win32_11.3.0.202008311133/tools/bin/../lib/gcc/arm-none-eabi/9.3.1/../../../../arm-none-eabi/lib/thumb/v7-m/nofp\libcr_c.a(fseek.o)
 .comment       0x0000004c       0x4d c:/nxp/mcuxpressoide_11.3.0_5222/ide/plugins/com.nxp.mcuxpresso.tools.win32_11.3.0.202008311133/tools/bin/../lib/gcc/arm-none-eabi/9.3.1/../../../../arm-none-eabi/lib/thumb/v7-m/nofp\libcr_c.a(ftell.o)
 .comment       0x0000004c       0x4d c:/nxp/mcuxpressoide_11.3.0_5222/ide/plugins/com.nxp.mcuxpresso.tools.win32_11.3.0.202008311133/tools/bin/../lib/gcc/arm-none-eabi/9.3.1/../../../../arm-none-eabi/lib/thumb/v7-m/nofp\libcr_c.a(remove.o)
 .comment       0x0000004c       0x4d c:/nxp/mcuxpressoide_11.3.0_5222/ide/plugins/com.nxp.mcuxpresso.tools.win32_11.3.0.202008311133/tools/bin/../lib/gcc/arm-none-eabi/9.3.1/../../../../arm-none-eabi/lib/thumb/v7-m/nofp\libcr_c.a(_cr_check_heap.o)
 .comment       0x0000004c       0x4d c:/nxp/mcuxpressoide_11.3.0_5222/ide/plugins/com.nxp.mcuxpresso.tools.win32_11.3.0.202008311133/tools/bin/../lib/gcc/arm-none-eabi/9.3.1/../../../../arm-none-eabi/lib/thumb/v7-m/nofp\libcr_c.a(_do_fflush.o)
 .comment       0x0000004c       0x4d c:/nxp/mcuxpressoide_11.3.0_5222/ide/plugins/com.nxp.mcuxpresso.tools.win32_11.3.0.202008311133/tools/bin/../lib/gcc/arm-none-eabi/9.3.1/../../../../arm-none-eabi/lib/thumb/v7-m/nofp\libcr_nohost.a(__ciob.o)
 .comment       0x0000004c       0x4d c:/nxp/mcuxpressoide_11.3.0_5222/ide/plugins/com.nxp.mcuxpresso.tools.win32_11.3.0.202008311133/tools/bin/../lib/gcc/arm-none-eabi/9.3.1/../../../../arm-none-eabi/lib/thumb/v7-m/nofp\libcr_nohost.a(__sys_close.o)
 .comment       0x0000004c       0x4d c:/nxp/mcuxpressoide_11.3.0_5222/ide/plugins/com.nxp.mcuxpresso.tools.win32_11.3.0.202008311133/tools/bin/../lib/gcc/arm-none-eabi/9.3.1/../../../../arm-none-eabi/lib/thumb/v7-m/nofp\libcr_nohost.a(__sys_flen.o)
 .comment       0x0000004c       0x4d c:/nxp/mcuxpressoide_11.3.0_5222/ide/plugins/com.nxp.mcuxpresso.tools.win32_11.3.0.202008311133/tools/bin/../lib/gcc/arm-none-eabi/9.3.1/../../../../arm-none-eabi/lib/thumb/v7-m/nofp\libcr_nohost.a(__sys_istty.o)
 .comment       0x0000004c       0x4d c:/nxp/mcuxpressoide_11.3.0_5222/ide/plugins/com.nxp.mcuxpresso.tools.win32_11.3.0.202008311133/tools/bin/../lib/gcc/arm-none-eabi/9.3.1/../../../../arm-none-eabi/lib/thumb/v7-m/nofp\libcr_nohost.a(__sys_remove.o)
 .comment       0x0000004c       0x4d c:/nxp/mcuxpressoide_11.3.0_5222/ide/plugins/com.nxp.mcuxpresso.tools.win32_11.3.0.202008311133/tools/bin/../lib/gcc/arm-none-eabi/9.3.1/../../../../arm-none-eabi/lib/thumb/v7-m/nofp\libcr_nohost.a(__sys_seek.o)
 .comment       0x0000004c       0x4d c:/nxp/mcuxpressoide_11.3.0_5222/ide/plugins/com.nxp.mcuxpresso.tools.win32_11.3.0.202008311133/tools/bin/../lib/gcc/arm-none-eabi/9.3.1/../../../../arm-none-eabi/lib/thumb/v7-m/nofp\libcr_nohost.a(__sys_tmpnam.o)

.ARM.attributes
                0x00000000       0x2b
 .ARM.attributes
                0x00000000       0x2d ./freertos/src/FreeRTOSCommonHooks.o
 .ARM.attributes
                0x0000002d       0x2d ./freertos/src/heap_3.o
 .ARM.attributes
                0x0000005a       0x2d ./freertos/src/list.o
 .ARM.attributes
                0x00000087       0x2d ./freertos/src/port.o
 .ARM.attributes
                0x000000b4       0x2d ./freertos/src/queue.o
 .ARM.attributes
                0x000000e1       0x2d ./freertos/src/tasks.o
 .ARM.attributes
                0x0000010e       0x2d ./freertos/src/timers.o
 .ARM.attributes
                0x0000013b       0x2d ./example/src/cr_startup_lpc175x_6x.o
 .ARM.attributes
                0x00000168       0x2d ./example/src/freertos_blinky.o
 .ARM.attributes
                0x00000195       0x2d ./example/src/sysinit.o
 .ARM.attributes
                0x000001c2       0x2d C:\Users\Juan Diego\Documents\MCUXpressoIDE_11.3.0_5222\workspace\lpc_board_nxp_lpcxpresso_1769\Debug\liblpc_board_nxp_lpcxpresso_1769.a(board.o)
 .ARM.attributes
                0x000001ef       0x2d C:\Users\Juan Diego\Documents\MCUXpressoIDE_11.3.0_5222\workspace\lpc_board_nxp_lpcxpresso_1769\Debug\liblpc_board_nxp_lpcxpresso_1769.a(board_sysinit.o)
 .ARM.attributes
                0x0000021c       0x2d C:\Users\Juan Diego\Documents\MCUXpressoIDE_11.3.0_5222\workspace\lpc_chip_175x_6x\Debug\liblpc_chip_175x_6x.a(chip_17xx_40xx.o)
 .ARM.attributes
                0x00000249       0x2d C:\Users\Juan Diego\Documents\MCUXpressoIDE_11.3.0_5222\workspace\lpc_chip_175x_6x\Debug\liblpc_chip_175x_6x.a(clock_17xx_40xx.o)
 .ARM.attributes
                0x00000276       0x2d C:\Users\Juan Diego\Documents\MCUXpressoIDE_11.3.0_5222\workspace\lpc_chip_175x_6x\Debug\liblpc_chip_175x_6x.a(iocon_17xx_40xx.o)
 .ARM.attributes
                0x000002a3       0x2d C:\Users\Juan Diego\Documents\MCUXpressoIDE_11.3.0_5222\workspace\lpc_chip_175x_6x\Debug\liblpc_chip_175x_6x.a(sysinit_17xx_40xx.o)
 .ARM.attributes
                0x000002d0       0x2d C:\Users\Juan Diego\Documents\MCUXpressoIDE_11.3.0_5222\workspace\lpc_chip_175x_6x\Debug\liblpc_chip_175x_6x.a(timer_17xx_40xx.o)
 .ARM.attributes
                0x000002fd       0x2d C:\Users\Juan Diego\Documents\MCUXpressoIDE_11.3.0_5222\workspace\lpc_chip_175x_6x\Debug\liblpc_chip_175x_6x.a(uart_17xx_40xx.o)
 .ARM.attributes
                0x0000032a       0x2d c:/nxp/mcuxpressoide_11.3.0_5222/ide/plugins/com.nxp.mcuxpresso.tools.win32_11.3.0.202008311133/tools/bin/../lib/gcc/arm-none-eabi/9.3.1/../../../../arm-none-eabi/lib/thumb/v7-m/nofp\libcr_nohost.a(_cr__main.o)
 .ARM.attributes
                0x00000357       0x2d c:/nxp/mcuxpressoide_11.3.0_5222/ide/plugins/com.nxp.mcuxpresso.tools.win32_11.3.0.202008311133/tools/bin/../lib/gcc/arm-none-eabi/9.3.1/../../../../arm-none-eabi/lib/thumb/v7-m/nofp\libcr_c.a(memcpy.o)
 .ARM.attributes
                0x00000384       0x2d c:/nxp/mcuxpressoide_11.3.0_5222/ide/plugins/com.nxp.mcuxpresso.tools.win32_11.3.0.202008311133/tools/bin/../lib/gcc/arm-none-eabi/9.3.1/../../../../arm-none-eabi/lib/thumb/v7-m/nofp\libcr_c.a(memset.o)
 .ARM.attributes
                0x000003b1       0x2d c:/nxp/mcuxpressoide_11.3.0_5222/ide/plugins/com.nxp.mcuxpresso.tools.win32_11.3.0.202008311133/tools/bin/../lib/gcc/arm-none-eabi/9.3.1/../../../../arm-none-eabi/lib/thumb/v7-m/nofp\libcr_c.a(alloc.o)
 .ARM.attributes
                0x000003de       0x2d c:/nxp/mcuxpressoide_11.3.0_5222/ide/plugins/com.nxp.mcuxpresso.tools.win32_11.3.0.202008311133/tools/bin/../lib/gcc/arm-none-eabi/9.3.1/../../../../arm-none-eabi/lib/thumb/v7-m/nofp\libcr_c.a(initio.o)
 .ARM.attributes
                0x0000040b       0x2d c:/nxp/mcuxpressoide_11.3.0_5222/ide/plugins/com.nxp.mcuxpresso.tools.win32_11.3.0.202008311133/tools/bin/../lib/gcc/arm-none-eabi/9.3.1/../../../../arm-none-eabi/lib/thumb/v7-m/nofp\libcr_c.a(setvbuf.o)
 .ARM.attributes
                0x00000438       0x2d c:/nxp/mcuxpressoide_11.3.0_5222/ide/plugins/com.nxp.mcuxpresso.tools.win32_11.3.0.202008311133/tools/bin/../lib/gcc/arm-none-eabi/9.3.1/../../../../arm-none-eabi/lib/thumb/v7-m/nofp\libcr_c.a(strlen.o)
 .ARM.attributes
                0x00000465       0x2d c:/nxp/mcuxpressoide_11.3.0_5222/ide/plugins/com.nxp.mcuxpresso.tools.win32_11.3.0.202008311133/tools/bin/../lib/gcc/arm-none-eabi/9.3.1/../../../../arm-none-eabi/lib/thumb/v7-m/nofp\libcr_c.a(__init_alloc.o)
 .ARM.attributes
                0x00000492       0x2d c:/nxp/mcuxpressoide_11.3.0_5222/ide/plugins/com.nxp.mcuxpresso.tools.win32_11.3.0.202008311133/tools/bin/../lib/gcc/arm-none-eabi/9.3.1/../../../../arm-none-eabi/lib/thumb/v7-m/nofp\libcr_c.a(_cr_sbrk.o)
 .ARM.attributes
                0x000004bf       0x2d c:/nxp/mcuxpressoide_11.3.0_5222/ide/plugins/com.nxp.mcuxpresso.tools.win32_11.3.0.202008311133/tools/bin/../lib/gcc/arm-none-eabi/9.3.1/../../../../arm-none-eabi/lib/thumb/v7-m/nofp\libcr_c.a(_deferredlazyseek.o)
 .ARM.attributes
                0x000004ec       0x2d c:/nxp/mcuxpressoide_11.3.0_5222/ide/plugins/com.nxp.mcuxpresso.tools.win32_11.3.0.202008311133/tools/bin/../lib/gcc/arm-none-eabi/9.3.1/../../../../arm-none-eabi/lib/thumb/v7-m/nofp\libcr_c.a(_fdopen.o)
 .ARM.attributes
                0x00000519       0x2d c:/nxp/mcuxpressoide_11.3.0_5222/ide/plugins/com.nxp.mcuxpresso.tools.win32_11.3.0.202008311133/tools/bin/../lib/gcc/arm-none-eabi/9.3.1/../../../../arm-none-eabi/lib/thumb/v7-m/nofp\libcr_c.a(_fflush.o)
 .ARM.attributes
                0x00000546       0x2d c:/nxp/mcuxpressoide_11.3.0_5222/ide/plugins/com.nxp.mcuxpresso.tools.win32_11.3.0.202008311133/tools/bin/../lib/gcc/arm-none-eabi/9.3.1/../../../../arm-none-eabi/lib/thumb/v7-m/nofp\libcr_c.a(_writebuf.o)
 .ARM.attributes
                0x00000573       0x33 c:/nxp/mcuxpressoide_11.3.0_5222/ide/plugins/com.nxp.mcuxpresso.tools.win32_11.3.0.202008311133/tools/bin/../lib/gcc/arm-none-eabi/9.3.1/../../../../arm-none-eabi/lib/thumb/v7-m/nofp\libcr_c.a(errno.o)
 .ARM.attributes
                0x000005a6       0x2d c:/nxp/mcuxpressoide_11.3.0_5222/ide/plugins/com.nxp.mcuxpresso.tools.win32_11.3.0.202008311133/tools/bin/../lib/gcc/arm-none-eabi/9.3.1/../../../../arm-none-eabi/lib/thumb/v7-m/nofp\libcr_c.a(fclose.o)
 .ARM.attributes
                0x000005d3       0x2d c:/nxp/mcuxpressoide_11.3.0_5222/ide/plugins/com.nxp.mcuxpresso.tools.win32_11.3.0.202008311133/tools/bin/../lib/gcc/arm-none-eabi/9.3.1/../../../../arm-none-eabi/lib/thumb/v7-m/nofp\libcr_c.a(fflush.o)
 .ARM.attributes
                0x00000600       0x2d c:/nxp/mcuxpressoide_11.3.0_5222/ide/plugins/com.nxp.mcuxpresso.tools.win32_11.3.0.202008311133/tools/bin/../lib/gcc/arm-none-eabi/9.3.1/../../../../arm-none-eabi/lib/thumb/v7-m/nofp\libcr_c.a(fseek.o)
 .ARM.attributes
                0x0000062d       0x2d c:/nxp/mcuxpressoide_11.3.0_5222/ide/plugins/com.nxp.mcuxpresso.tools.win32_11.3.0.202008311133/tools/bin/../lib/gcc/arm-none-eabi/9.3.1/../../../../arm-none-eabi/lib/thumb/v7-m/nofp\libcr_c.a(ftell.o)
 .ARM.attributes
                0x0000065a       0x2d c:/nxp/mcuxpressoide_11.3.0_5222/ide/plugins/com.nxp.mcuxpresso.tools.win32_11.3.0.202008311133/tools/bin/../lib/gcc/arm-none-eabi/9.3.1/../../../../arm-none-eabi/lib/thumb/v7-m/nofp\libcr_c.a(remove.o)
 .ARM.attributes
                0x00000687       0x2d c:/nxp/mcuxpressoide_11.3.0_5222/ide/plugins/com.nxp.mcuxpresso.tools.win32_11.3.0.202008311133/tools/bin/../lib/gcc/arm-none-eabi/9.3.1/../../../../arm-none-eabi/lib/thumb/v7-m/nofp\libcr_c.a(_cr_check_heap.o)
 .ARM.attributes
                0x000006b4       0x2d c:/nxp/mcuxpressoide_11.3.0_5222/ide/plugins/com.nxp.mcuxpresso.tools.win32_11.3.0.202008311133/tools/bin/../lib/gcc/arm-none-eabi/9.3.1/../../../../arm-none-eabi/lib/thumb/v7-m/nofp\libcr_c.a(_do_fflush.o)
 .ARM.attributes
                0x000006e1       0x1b c:/nxp/mcuxpressoide_11.3.0_5222/ide/plugins/com.nxp.mcuxpresso.tools.win32_11.3.0.202008311133/tools/bin/../lib/gcc/arm-none-eabi/9.3.1/thumb/v7-m/nofp\libcr_eabihelpers.a(memcpy.o)
 .ARM.attributes
                0x000006fc       0x33 c:/nxp/mcuxpressoide_11.3.0_5222/ide/plugins/com.nxp.mcuxpresso.tools.win32_11.3.0.202008311133/tools/bin/../lib/gcc/arm-none-eabi/9.3.1/../../../../arm-none-eabi/lib/thumb/v7-m/nofp\libcr_nohost.a(__ciob.o)
 .ARM.attributes
                0x0000072f       0x2d c:/nxp/mcuxpressoide_11.3.0_5222/ide/plugins/com.nxp.mcuxpresso.tools.win32_11.3.0.202008311133/tools/bin/../lib/gcc/arm-none-eabi/9.3.1/../../../../arm-none-eabi/lib/thumb/v7-m/nofp\libcr_nohost.a(__sys_close.o)
 .ARM.attributes
                0x0000075c       0x2d c:/nxp/mcuxpressoide_11.3.0_5222/ide/plugins/com.nxp.mcuxpresso.tools.win32_11.3.0.202008311133/tools/bin/../lib/gcc/arm-none-eabi/9.3.1/../../../../arm-none-eabi/lib/thumb/v7-m/nofp\libcr_nohost.a(__sys_flen.o)
 .ARM.attributes
                0x00000789       0x2d c:/nxp/mcuxpressoide_11.3.0_5222/ide/plugins/com.nxp.mcuxpresso.tools.win32_11.3.0.202008311133/tools/bin/../lib/gcc/arm-none-eabi/9.3.1/../../../../arm-none-eabi/lib/thumb/v7-m/nofp\libcr_nohost.a(__sys_istty.o)
 .ARM.attributes
                0x000007b6       0x2d c:/nxp/mcuxpressoide_11.3.0_5222/ide/plugins/com.nxp.mcuxpresso.tools.win32_11.3.0.202008311133/tools/bin/../lib/gcc/arm-none-eabi/9.3.1/../../../../arm-none-eabi/lib/thumb/v7-m/nofp\libcr_nohost.a(__sys_remove.o)
 .ARM.attributes
                0x000007e3       0x2d c:/nxp/mcuxpressoide_11.3.0_5222/ide/plugins/com.nxp.mcuxpresso.tools.win32_11.3.0.202008311133/tools/bin/../lib/gcc/arm-none-eabi/9.3.1/../../../../arm-none-eabi/lib/thumb/v7-m/nofp\libcr_nohost.a(__sys_seek.o)
 .ARM.attributes
                0x00000810       0x2d c:/nxp/mcuxpressoide_11.3.0_5222/ide/plugins/com.nxp.mcuxpresso.tools.win32_11.3.0.202008311133/tools/bin/../lib/gcc/arm-none-eabi/9.3.1/../../../../arm-none-eabi/lib/thumb/v7-m/nofp\libcr_nohost.a(__sys_tmpnam.o)

.debug_frame    0x00000000     0x2e34
 .debug_frame   0x00000000       0xb4 ./freertos/src/FreeRTOSCommonHooks.o
 .debug_frame   0x000000b4       0x58 ./freertos/src/heap_3.o
 .debug_frame   0x0000010c       0xd8 ./freertos/src/list.o
 .debug_frame   0x000001e4      0x160 ./freertos/src/port.o
 .debug_frame   0x00000344      0x578 ./freertos/src/queue.o
 .debug_frame   0x000008bc      0x988 ./freertos/src/tasks.o
 .debug_frame   0x00001244      0x408 ./freertos/src/timers.o
 .debug_frame   0x0000164c      0x170 ./example/src/cr_startup_lpc175x_6x.o
 .debug_frame   0x000017bc      0x320 ./example/src/freertos_blinky.o
 .debug_frame   0x00001adc       0x34 ./example/src/sysinit.o
 .debug_frame   0x00001b10      0x5d4 C:\Users\Juan Diego\Documents\MCUXpressoIDE_11.3.0_5222\workspace\lpc_board_nxp_lpcxpresso_1769\Debug\liblpc_board_nxp_lpcxpresso_1769.a(board.o)
 .debug_frame   0x000020e4       0x8c C:\Users\Juan Diego\Documents\MCUXpressoIDE_11.3.0_5222\workspace\lpc_board_nxp_lpcxpresso_1769\Debug\liblpc_board_nxp_lpcxpresso_1769.a(board_sysinit.o)
 .debug_frame   0x00002170       0x88 C:\Users\Juan Diego\Documents\MCUXpressoIDE_11.3.0_5222\workspace\lpc_chip_175x_6x\Debug\liblpc_chip_175x_6x.a(chip_17xx_40xx.o)