C:\Users\Juan Diego\OneDrive - UTN.BA\5to_-_TDIII\FRA\workspace\TDIII_Parcial\sources\inc/lcd1602_i2c.h:80:20:lcd_char	16	static
../sources/src/lcd1602_i2c.c:18:6:i2c_write_byte	16	static
../sources/src/lcd1602_i2c.c:23:6:lcd_toggle_enable	32	static
../sources/src/lcd1602_i2c.c:41:6:lcd_send_byte	24	static
../sources/src/lcd1602_i2c.c:51:6:lcd_clear	8	static
../sources/src/lcd1602_i2c.c:56:6:lcd_set_cursor	24	static
../sources/src/lcd1602_i2c.c:61:6:lcd_string	16	static
../sources/src/lcd1602_i2c.c:72:6:lcd_init	16	static
