core_cm3.h:1323:22:NVIC_EnableIRQ	16	static
core_cm3.h:1335:22:NVIC_DisableIRQ	16	static
core_cm3.h:1375:22:NVIC_ClearPendingIRQ	16	static
gpio_17xx_40xx.h:89:20:Chip_GPIO_SetPinState	16	static
gpio_17xx_40xx.h:151:20:Chip_GPIO_SetPinDIROutput	16	static
gpio_17xx_40xx.h:164:20:Chip_GPIO_SetPinDIRInput	16	static
gpio_17xx_40xx.h:178:20:Chip_GPIO_SetPinDIR	16	static
gpio_17xx_40xx.h:245:20:Chip_GPIO_SetDir	24	static
gpioint_17xx_40xx.h:80:20:Chip_GPIOINT_Init	16	static
gpioint_17xx_40xx.h:106:20:Chip_GPIOINT_SetIntFalling	24	static
gpioint_17xx_40xx.h:168:24:Chip_GPIOINT_GetStatusFalling	16	static
gpioint_17xx_40xx.h:199:20:Chip_GPIOINT_ClearIntStatus	24	static
timer_17xx_40xx.h:124:20:Chip_TIMER_CapturePending	16	static
timer_17xx_40xx.h:148:20:Chip_TIMER_ClearCapture	16	static
timer_17xx_40xx.h:159:20:Chip_TIMER_Enable	16	static
timer_17xx_40xx.h:204:20:Chip_TIMER_PrescaleSet	16	static
timer_17xx_40xx.h:229:24:Chip_TIMER_ReadCapture	16	static
timer_17xx_40xx.h:344:20:Chip_TIMER_CaptureFallingEdgeEnable	16	static
timer_17xx_40xx.h:370:20:Chip_TIMER_CaptureEnableInt	16	static
main.c:80:13:prvSetupHardware	8	static
main.c:92:14:actualizarVelocidad	32	static
main.c:105:13:vGiro_Task	88	static
main.c:310:13:vPulsos_Task	184	static
main.c:376:13:vLCD_Task	32	static
main.c:402:13:vPulsadores_Task	24	static
main.c:434:5:main	16	static
main.c:457:6:TIMER3_IRQHandler	16	static
main.c:475:6:EINT3_IRQHandler	24	static
