C:\Users\Juan\OneDrive - UTN.BA\5to_-_TDIII\FRA\workspace\lpc_chip_175x_6x\inc/core_cm3.h:1323:22:NVIC_EnableIRQ	16	static
C:\Users\Juan\OneDrive - UTN.BA\5to_-_TDIII\FRA\workspace\lpc_chip_175x_6x\inc/core_cm3.h:1335:22:NVIC_DisableIRQ	16	static
C:\Users\Juan\OneDrive - UTN.BA\5to_-_TDIII\FRA\workspace\lpc_chip_175x_6x\inc/core_cm3.h:1375:22:NVIC_ClearPendingIRQ	16	static
C:\Users\Juan\OneDrive - UTN.BA\5to_-_TDIII\FRA\workspace\lpc_chip_175x_6x\inc/gpio_17xx_40xx.h:89:20:Chip_GPIO_SetPinState	16	static
C:\Users\Juan\OneDrive - UTN.BA\5to_-_TDIII\FRA\workspace\lpc_chip_175x_6x\inc/gpio_17xx_40xx.h:151:20:Chip_GPIO_SetPinDIROutput	16	static
C:\Users\Juan\OneDrive - UTN.BA\5to_-_TDIII\FRA\workspace\lpc_chip_175x_6x\inc/gpio_17xx_40xx.h:164:20:Chip_GPIO_SetPinDIRInput	16	static
C:\Users\Juan\OneDrive - UTN.BA\5to_-_TDIII\FRA\workspace\lpc_chip_175x_6x\inc/gpio_17xx_40xx.h:178:20:Chip_GPIO_SetPinDIR	16	static
C:\Users\Juan\OneDrive - UTN.BA\5to_-_TDIII\FRA\workspace\lpc_chip_175x_6x\inc/gpio_17xx_40xx.h:245:20:Chip_GPIO_SetDir	24	static
C:\Users\Juan\OneDrive - UTN.BA\5to_-_TDIII\FRA\workspace\lpc_chip_175x_6x\inc/timer_17xx_40xx.h:124:20:Chip_TIMER_CapturePending	16	static
C:\Users\Juan\OneDrive - UTN.BA\5to_-_TDIII\FRA\workspace\lpc_chip_175x_6x\inc/timer_17xx_40xx.h:148:20:Chip_TIMER_ClearCapture	16	static
C:\Users\Juan\OneDrive - UTN.BA\5to_-_TDIII\FRA\workspace\lpc_chip_175x_6x\inc/timer_17xx_40xx.h:159:20:Chip_TIMER_Enable	16	static
C:\Users\Juan\OneDrive - UTN.BA\5to_-_TDIII\FRA\workspace\lpc_chip_175x_6x\inc/timer_17xx_40xx.h:204:20:Chip_TIMER_PrescaleSet	16	static
C:\Users\Juan\OneDrive - UTN.BA\5to_-_TDIII\FRA\workspace\lpc_chip_175x_6x\inc/timer_17xx_40xx.h:229:24:Chip_TIMER_ReadCapture	16	static
C:\Users\Juan\OneDrive - UTN.BA\5to_-_TDIII\FRA\workspace\lpc_chip_175x_6x\inc/timer_17xx_40xx.h:344:20:Chip_TIMER_CaptureFallingEdgeEnable	16	static
C:\Users\Juan\OneDrive - UTN.BA\5to_-_TDIII\FRA\workspace\lpc_chip_175x_6x\inc/timer_17xx_40xx.h:370:20:Chip_TIMER_CaptureEnableInt	16	static
../sources/src/main.c:61:13:prvSetupHardware	8	static
../sources/src/main.c:73:14:actualizarVelocidad	32	static
../sources/src/main.c:91:13:vGiro_Task	88	static
../sources/src/main.c:292:13:vPulsos_Task	160	static
../sources/src/main.c:352:13:vLCD_Task	32	static
../sources/src/main.c:378:13:vPulsadores_Task	24	static
../sources/src/main.c:399:5:main	16	static
../sources/src/main.c:424:6:TIMER3_IRQHandler	16	static
