Archive member included to satisfy reference by file (symbol)

C:\Users\Juan Diego\OneDrive - UTN.BA\5to_-_TDIII\FRA\workspace\lpc_board_nxp_lpcxpresso_1769\Debug\liblpc_board_nxp_lpcxpresso_1769.a(board.o)
                              ./freertos/src/FreeRTOSCommonHooks.o (Board_UARTPutSTR)
C:\Users\Juan Diego\OneDrive - UTN.BA\5to_-_TDIII\FRA\workspace\lpc_board_nxp_lpcxpresso_1769\Debug\liblpc_board_nxp_lpcxpresso_1769.a(board_sysinit.o)
                              ./sources/src/sysinit.o (Board_SystemInit)
C:\Users\Juan Diego\OneDrive - UTN.BA\5to_-_TDIII\FRA\workspace\lpc_chip_175x_6x\Debug\liblpc_chip_175x_6x.a(chip_17xx_40xx.o)
                              ./freertos/src/port.o (SystemCoreClock)
C:\Users\Juan Diego\OneDrive - UTN.BA\5to_-_TDIII\FRA\workspace\lpc_chip_175x_6x\Debug\liblpc_chip_175x_6x.a(clock_17xx_40xx.o)
                              C:\Users\Juan Diego\OneDrive - UTN.BA\5to_-_TDIII\FRA\workspace\lpc_chip_175x_6x\Debug\liblpc_chip_175x_6x.a(chip_17xx_40xx.o) (Chip_Clock_EnablePLL)
C:\Users\Juan Diego\OneDrive - UTN.BA\5to_-_TDIII\FRA\workspace\lpc_chip_175x_6x\Debug\liblpc_chip_175x_6x.a(i2c_17xx_40xx.o)
                              ./sources/src/main.o (Chip_I2C_EventHandlerPolling)
C:\Users\Juan Diego\OneDrive - UTN.BA\5to_-_TDIII\FRA\workspace\lpc_chip_175x_6x\Debug\liblpc_chip_175x_6x.a(i2s_17xx_40xx.o)
                              C:\Users\Juan Diego\OneDrive - UTN.BA\5to_-_TDIII\FRA\workspace\lpc_board_nxp_lpcxpresso_1769\Debug\liblpc_board_nxp_lpcxpresso_1769.a(board.o) (Chip_I2S_Init)
C:\Users\Juan Diego\OneDrive - UTN.BA\5to_-_TDIII\FRA\workspace\lpc_chip_175x_6x\Debug\liblpc_chip_175x_6x.a(iocon_17xx_40xx.o)
                              ./sources/src/main.o (Chip_IOCON_PinMuxSet)
C:\Users\Juan Diego\OneDrive - UTN.BA\5to_-_TDIII\FRA\workspace\lpc_chip_175x_6x\Debug\liblpc_chip_175x_6x.a(sysinit_17xx_40xx.o)
                              C:\Users\Juan Diego\OneDrive - UTN.BA\5to_-_TDIII\FRA\workspace\lpc_board_nxp_lpcxpresso_1769\Debug\liblpc_board_nxp_lpcxpresso_1769.a(board_sysinit.o) (Chip_SetupXtalClocking)
C:\Users\Juan Diego\OneDrive - UTN.BA\5to_-_TDIII\FRA\workspace\lpc_chip_175x_6x\Debug\liblpc_chip_175x_6x.a(uart_17xx_40xx.o)
                              C:\Users\Juan Diego\OneDrive - UTN.BA\5to_-_TDIII\FRA\workspace\lpc_board_nxp_lpcxpresso_1769\Debug\liblpc_board_nxp_lpcxpresso_1769.a(board.o) (Chip_UART_Init)
C:\Users\Juan Diego\OneDrive - UTN.BA\5to_-_TDIII\FRA\workspace\lpc_chip_175x_6x\Debug\liblpc_chip_175x_6x.a(ring_buffer.o)
                              C:\Users\Juan Diego\OneDrive - UTN.BA\5to_-_TDIII\FRA\workspace\lpc_chip_175x_6x\Debug\liblpc_chip_175x_6x.a(uart_17xx_40xx.o) (RingBuffer_Insert)
c:/nxp/mcuxpressoide_11.7.1_9221/ide/plugins/com.nxp.mcuxpresso.tools.win32_11.7.1.202301190959/tools/bin/../lib/gcc/arm-none-eabi/10.3.1/../../../../arm-none-eabi/lib/thumb/v7-m/nofp\libcr_nohost.a(_cr__main.o)
                              ./sources/src/cr_startup_lpc175x_6x.o (__main)
c:/nxp/mcuxpressoide_11.7.1_9221/ide/plugins/com.nxp.mcuxpresso.tools.win32_11.7.1.202301190959/tools/bin/../lib/gcc/arm-none-eabi/10.3.1/../../../../arm-none-eabi/lib/thumb/v7-m/nofp\libcr_c.a(memcpy.o)
                              ./freertos/src/queue.o (memcpy)
c:/nxp/mcuxpressoide_11.7.1_9221/ide/plugins/com.nxp.mcuxpresso.tools.win32_11.7.1.202301190959/tools/bin/../lib/gcc/arm-none-eabi/10.3.1/../../../../arm-none-eabi/lib/thumb/v7-m/nofp\libcr_c.a(memset.o)
                              ./freertos/src/tasks.o (memset)
c:/nxp/mcuxpressoide_11.7.1_9221/ide/plugins/com.nxp.mcuxpresso.tools.win32_11.7.1.202301190959/tools/bin/../lib/gcc/arm-none-eabi/10.3.1/../../../../arm-none-eabi/lib/thumb/v7-m/nofp\libcr_c.a(alloc.o)
                              ./freertos/src/heap_3.o (malloc)
c:/nxp/mcuxpressoide_11.7.1_9221/ide/plugins/com.nxp.mcuxpresso.tools.win32_11.7.1.202301190959/tools/bin/../lib/gcc/arm-none-eabi/10.3.1/../../../../arm-none-eabi/lib/thumb/v7-m/nofp\libcr_c.a(fpprintf.o)
                              ./freertos/src/FreeRTOSCommonHooks.o (printf)
c:/nxp/mcuxpressoide_11.7.1_9221/ide/plugins/com.nxp.mcuxpresso.tools.win32_11.7.1.202301190959/tools/bin/../lib/gcc/arm-none-eabi/10.3.1/../../../../arm-none-eabi/lib/thumb/v7-m/nofp\libcr_c.a(initio.o)
                              c:/nxp/mcuxpressoide_11.7.1_9221/ide/plugins/com.nxp.mcuxpresso.tools.win32_11.7.1.202301190959/tools/bin/../lib/gcc/arm-none-eabi/10.3.1/../../../../arm-none-eabi/lib/thumb/v7-m/nofp\libcr_nohost.a(_cr__main.o) (_initio)
c:/nxp/mcuxpressoide_11.7.1_9221/ide/plugins/com.nxp.mcuxpresso.tools.win32_11.7.1.202301190959/tools/bin/../lib/gcc/arm-none-eabi/10.3.1/../../../../arm-none-eabi/lib/thumb/v7-m/nofp\libcr_c.a(itoa.o)
                              ./sources/src/main.o (itoa)
c:/nxp/mcuxpressoide_11.7.1_9221/ide/plugins/com.nxp.mcuxpresso.tools.win32_11.7.1.202301190959/tools/bin/../lib/gcc/arm-none-eabi/10.3.1/../../../../arm-none-eabi/lib/thumb/v7-m/nofp\libcr_c.a(printf.o)
[...]
Memory Configuration

Name             Origin             Length             Attributes
MFlash512        0x00000000         0x00080000         xr
RamLoc32         0x10000000         0x00008000         xrw
RamAHB32         0x2007c000         0x00008000         xrw
*default*        0x00000000         0xffffffff

Linker script and memory map

LOAD ./sources/src/cr_startup_lpc175x_6x.o
LOAD ./sources/src/lcd1602_i2c.o
LOAD ./sources/src/main.o
LOAD ./sources/src/sysinit.o
LOAD ./freertos/src/FreeRTOSCommonHooks.o
LOAD ./freertos/src/heap_3.o
LOAD ./freertos/src/list.o
LOAD ./freertos/src/port.o
LOAD ./freertos/src/queue.o
LOAD ./freertos/src/tasks.o
LOAD C:\Users\Juan Diego\OneDrive - UTN.BA\5to_-_TDIII\FRA\workspace\lpc_board_nxp_lpcxpresso_1769\Debug\liblpc_board_nxp_lpcxpresso_1769.a
LOAD C:\Users\Juan Diego\OneDrive - UTN.BA\5to_-_TDIII\FRA\workspace\lpc_chip_175x_6x\Debug\liblpc_chip_175x_6x.a
START GROUP
LOAD c:/nxp/mcuxpressoide_11.7.1_9221/ide/plugins/com.nxp.mcuxpresso.tools.win32_11.7.1.202301190959/tools/bin/../lib/gcc/arm-none-eabi/10.3.1/../../../../arm-none-eabi/lib/thumb/v7-m/nofp\libcr_nohost.a
LOAD c:/nxp/mcuxpressoide_11.7.1_9221/ide/plugins/com.nxp.mcuxpresso.tools.win32_11.7.1.202301190959/tools/bin/../lib/gcc/arm-none-eabi/10.3.1/../../../../arm-none-eabi/lib/thumb/v7-m/nofp\libcr_c.a
LOAD c:/nxp/mcuxpressoide_11.7.1_9221/ide/plugins/com.nxp.mcuxpresso.tools.win32_11.7.1.202301190959/tools/bin/../lib/gcc/arm-none-eabi/10.3.1/thumb/v7-m/nofp\libcr_eabihelpers.a
LOAD c:/nxp/mcuxpressoide_11.7.1_9221/ide/plugins/com.nxp.mcuxpresso.tools.win32_11.7.1.202301190959/tools/bin/../lib/gcc/arm-none-eabi/10.3.1/thumb/v7-m/nofp\libgcc.a
END GROUP
                0x00000000                __base_MFlash512 = 0x0
                0x00000000                __base_Flash = 0x0
                0x00080000                __top_MFlash512 = 0x80000
                0x00080000                __top_Flash = 0x80000
                0x10000000                __base_RamLoc32 = 0x10000000
                0x10000000                __base_RAM = 0x10000000
                0x10008000                __top_RamLoc32 = 0x10008000
                0x10008000                __top_RAM = 0x10008000
                0x2007c000                __base_RamAHB32 = 0x2007c000
                0x2007c000                __base_RAM2 = 0x2007c000
                0x20084000                __top_RamAHB32 = 0x20084000
                0x20084000                __top_RAM2 = 0x20084000

.text           0x00000000     0x3c48
 FILL mask 0xff
                0x00000000                __vectors_start__ = ABSOLUTE (.)
 *(.isr_vector)
 .isr_vector    0x00000000       0xcc ./sources/src/cr_startup_lpc175x_6x.o
                0x00000000                g_pfnVectors
                0x000000cc                . = ALIGN (0x4)
                0x000000cc                __section_table_start = .
                0x000000cc                __data_section_table = .
                0x000000cc        0x4 LONG 0x3c48 LOADADDR (.data)
                0x000000d0        0x4 LONG 0x10000000 ADDR (.data)
                0x000000d4        0x4 LONG 0x5c SIZEOF (.data)
                0x000000d8        0x4 LONG 0x3c48 LOADADDR (.data_RAM2)
                0x000000dc        0x4 LONG 0x2007c000 ADDR (.data_RAM2)
                0x000000e0        0x4 LONG 0x0 SIZEOF (.data_RAM2)
                0x000000e4                __data_section_table_end = .
                0x000000e4                __bss_section_table = .
                0x000000e4        0x4 LONG 0x1000005c ADDR (.bss)
                0x000000e8        0x4 LONG 0x348 SIZEOF (.bss)
                0x000000ec        0x4 LONG 0x2007c000 ADDR (.bss_RAM2)
                0x000000f0        0x4 LONG 0x0 SIZEOF (.bss_RAM2)
                0x000000f4                __bss_section_table_end = .
                0x000000f4                __section_table_end = .
 *(.after_vectors*)
 .after_vectors
                0x000000f4      0x130 ./sources/src/cr_startup_lpc175x_6x.o
                0x000000f4                data_init
                0x00000138                bss_init
                0x00000170                ResetISR
                0x000001e8                NMI_Handler
                0x000001ee                HardFault_Handler
                0x000001f4                MemManage_Handler
                0x000001fa                BusFault_Handler
                0x00000200                UsageFault_Handler
                0x0000020c                DebugMon_Handler
                0x0000021e                UART1_IRQHandler
                0x0000021e                I2C1_IRQHandler
                0x0000021e                TIMER3_IRQHandler
                0x0000021e                UART0_IRQHandler
                0x0000021e                USBActivity_IRQHandler
                0x0000021e                CANActivity_IRQHandler
                0x0000021e                EINT2_IRQHandler
                0x0000021e                IntDefaultHandler
                0x0000021e                PLL0_IRQHandler
                0x0000021e                CAN_IRQHandler
                0x0000021e                PLL1_IRQHandler
                0x0000021e                I2C0_IRQHandler
                0x0000021e                I2S_IRQHandler
                0x0000021e                I2C2_IRQHandler
                0x0000021e                RTC_IRQHandler
                0x0000021e                TIMER0_IRQHandler
                0x0000021e                SPI_IRQHandler
                0x0000021e                RIT_IRQHandler
                0x0000021e                EINT1_IRQHandler
                0x0000021e                TIMER1_IRQHandler
                0x0000021e                UART2_IRQHandler
                0x0000021e                ADC_IRQHandler
                0x0000021e                SSP1_IRQHandler
                0x0000021e                USB_IRQHandler
                0x0000021e                BOD_IRQHandler
                0x0000021e                PWM1_IRQHandler
                0x0000021e                WDT_IRQHandler
                0x0000021e                QEI_IRQHandler
                0x0000021e                EINT0_IRQHandler
                0x0000021e                ETH_IRQHandler
                0x0000021e                SSP0_IRQHandler
                0x0000021e                DMA_IRQHandler
                0x0000021e                TIMER2_IRQHandler
                0x0000021e                UART3_IRQHandler
                0x0000021e                MCPWM_IRQHandler
 *(.text*)
 .text.lcd_char
                0x00000224       0x1c ./sources/src/lcd1602_i2c.o
 .text.i2c_write_byte
                0x00000240       0x24 ./sources/src/lcd1602_i2c.o
                0x00000240                i2c_write_byte
 .text.lcd_toggle_enable
                0x00000264       0x72 ./sources/src/lcd1602_i2c.o
                0x00000264                lcd_toggle_enable
 .text.lcd_send_byte
                0x000002d6       0x64 ./sources/src/lcd1602_i2c.o
                0x000002d6                lcd_send_byte
 .text.lcd_clear
                0x0000033a       0x10 ./sources/src/lcd1602_i2c.o
                0x0000033a                lcd_clear
 .text.lcd_set_cursor
                0x0000034a       0x30 ./sources/src/lcd1602_i2c.o
                0x0000034a                lcd_set_cursor
 .text.lcd_string
                0x0000037a       0x2a ./sources/src/lcd1602_i2c.o
                0x0000037a                lcd_string
 .text.lcd_init
                0x000003a4       0x58 ./sources/src/lcd1602_i2c.o
                0x000003a4                lcd_init
 .text.NVIC_EnableIRQ
                0x000003fc       0x30 ./sources/src/main.o
 .text.NVIC_DisableIRQ
                0x0000042c       0x34 ./sources/src/main.o
 .text.NVIC_ClearPendingIRQ
                0x00000460       0x34 ./sources/src/main.o
 .text.Chip_GPIO_SetPinDIRInput
                0x00000494       0x3a ./sources/src/main.o
 .text.Chip_GPIOINT_Init
                0x000004ce       0x16 ./sources/src/main.o
 .text.Chip_GPIOINT_SetIntFalling
                0x000004e4       0x2c ./sources/src/main.o
 .text.Chip_GPIOINT_ClearIntStatus
                0x00000510       0x2c ./sources/src/main.o
 .text.prvSetupHardware
                0x0000053c       0x38 ./sources/src/main.o
 .text.vMensaje_Task
                0x00000574       0x4c ./sources/src/main.o
 .text.vPulsos_Task
                0x000005c0       0xe0 ./sources/src/main.o
 .text.vLCD_Task
                0x000006a0       0x94 ./sources/src/main.o
 .text.main     0x00000734       0xb4 ./sources/src/main.o
                0x00000734                main
 .text.EINT3_IRQHandler
                0x000007e8       0x40 ./sources/src/main.o
                0x000007e8                EINT3_IRQHandler
 .text.SystemInit
                0x00000828       0x24 ./sources/src/sysinit.o
                0x00000828                SystemInit
 .text.vApplicationIdleHook
                0x0000084c       0x10 ./freertos/src/FreeRTOSCommonHooks.o
                0x0000084c                vApplicationIdleHook
 .text.pvPortMalloc
                0x0000085c       0x22 ./freertos/src/heap_3.o
                0x0000085c                pvPortMalloc
 .text.vPortFree
                0x0000087e       0x24 ./freertos/src/heap_3.o
                0x0000087e                vPortFree
 .text.vListInitialise
                0x000008a2       0x3e ./freertos/src/list.o
                0x000008a2                vListInitialise
 .text.vListInitialiseItem
                0x000008e0       0x18 ./freertos/src/list.o
                0x000008e0                vListInitialiseItem
 .text.vListInsertEnd
                0x000008f8       0x46 ./freertos/src/list.o
                0x000008f8                vListInsertEnd
 .text.vListInsert
                0x0000093e       0x70 ./freertos/src/list.o
                0x0000093e                vListInsert
 .text.uxListRemove
                0x000009ae       0x52 ./freertos/src/list.o
                0x000009ae                uxListRemove
 .text.pxPortInitialiseStack
                0x00000a00       0x54 ./freertos/src/port.o
                0x00000a00                pxPortInitialiseStack
 .text.prvTaskExitError
                0x00000a54        0xa ./freertos/src/port.o
 *fill*         0x00000a5e        0x2 ff
 .text.SVC_Handler
                0x00000a60       0x24 ./freertos/src/port.o
                0x00000a60                SVC_Handler
 .text.prvPortStartFirstTask
                0x00000a84       0x18 ./freertos/src/port.o
 .text.xPortStartScheduler
                0x00000a9c       0x38 ./freertos/src/port.o
                0x00000a9c                xPortStartScheduler
 .text.vPortYield
                0x00000ad4       0x20 ./freertos/src/port.o
                0x00000ad4                vPortYield
 .text.vPortEnterCritical
                0x00000af4       0x24 ./freertos/src/port.o
                0x00000af4                vPortEnterCritical
 .text.vPortExitCritical
                0x00000b18       0x24 ./freertos/src/port.o
                0x00000b18                vPortExitCritical
 .text.ulPortSetInterruptMask
                0x00000b3c       0x12 ./freertos/src/port.o
                0x00000b3c                ulPortSetInterruptMask
 .text.vPortClearInterruptMask
                0x00000b4e        0x8 ./freertos/src/port.o
                0x00000b4e                vPortClearInterruptMask
 *fill*         0x00000b56        0x2 ff
 .text.PendSV_Handler
                0x00000b58       0x40 ./freertos/src/port.o
                0x00000b58                PendSV_Handler
 .text.SysTick_Handler
                0x00000b98       0x28 ./freertos/src/port.o
                0x00000b98                SysTick_Handler
 .text.vPortSuppressTicksAndSleep
                0x00000bc0      0x15c ./freertos/src/port.o
                0x00000bc0                vPortSuppressTicksAndSleep
 .text.vPortSetupTimerInterrupt
                0x00000d1c       0x68 ./freertos/src/port.o
                0x00000d1c                vPortSetupTimerInterrupt
 .text.xQueueGenericReset
                0x00000d84       0xa4 ./freertos/src/queue.o
                0x00000d84                xQueueGenericReset
 .text.xQueueGenericCreate
                0x00000e28       0x78 ./freertos/src/queue.o
                0x00000e28                xQueueGenericCreate
 .text.xQueueCreateCountingSemaphore
                0x00000ea0       0x2c ./freertos/src/queue.o
                0x00000ea0                xQueueCreateCountingSemaphore
 .text.xQueueGenericSend
                0x00000ecc      0x110 ./freertos/src/queue.o
                0x00000ecc                xQueueGenericSend
 .text.xQueueGenericSendFromISR
                0x00000fdc       0x88 ./freertos/src/queue.o
                0x00000fdc                xQueueGenericSendFromISR
 .text.xQueueGenericReceive
                0x00001064      0x16c ./freertos/src/queue.o
                0x00001064                xQueueGenericReceive
 .text.prvCopyDataToQueue
                0x000011d0       0xce ./freertos/src/queue.o
 .text.prvCopyDataFromQueue
                0x0000129e       0x4c ./freertos/src/queue.o
 .text.prvUnlockQueue
                0x000012ea       0x98 ./freertos/src/queue.o
 .text.prvIsQueueEmpty
                0x00001382       0x2c ./freertos/src/queue.o
 .text.prvIsQueueFull
                0x000013ae       0x30 ./freertos/src/queue.o
 *fill*         0x000013de        0x2 ff
 .text.xTaskGenericCreate
                0x000013e0      0x140 ./freertos/src/tasks.o
                0x000013e0                xTaskGenericCreate
 .text.vTaskDelayUntil
                0x00001520       0x98 ./freertos/src/tasks.o
                0x00001520                vTaskDelayUntil
 .text.vTaskDelay
                0x000015b8       0x54 ./freertos/src/tasks.o
                0x000015b8                vTaskDelay
 .text.vTaskStartScheduler
                0x0000160c       0x58 ./freertos/src/tasks.o
                0x0000160c                vTaskStartScheduler
 .text.vTaskSuspendAll
                0x00001664       0x1c ./freertos/src/tasks.o
                0x00001664                vTaskSuspendAll
 .text.prvGetExpectedIdleTime
                0x00001680       0x4c ./freertos/src/tasks.o
 .text.xTaskResumeAll
                0x000016cc       0xfc ./freertos/src/tasks.o
                0x000016cc                xTaskResumeAll
 .text.xTaskGetTickCount
                0x000017c8       0x24 ./freertos/src/tasks.o
                0x000017c8                xTaskGetTickCount
 .text.vTaskStepTick
                0x000017ec       0x24 ./freertos/src/tasks.o
                0x000017ec                vTaskStepTick
 .text.xTaskIncrementTick
                0x00001810      0x18c ./freertos/src/tasks.o
                0x00001810                xTaskIncrementTick
 .text.vTaskSwitchContext
                0x0000199c       0x98 ./freertos/src/tasks.o
                0x0000199c                vTaskSwitchContext
 .text.vTaskPlaceOnEventList
                0x00001a34       0x60 ./freertos/src/tasks.o
                0x00001a34                vTaskPlaceOnEventList
 .text.xTaskRemoveFromEventList
                0x00001a94       0xac ./freertos/src/tasks.o
                0x00001a94                xTaskRemoveFromEventList
 .text.vTaskSetTimeOutState
                0x00001b40       0x2c ./freertos/src/tasks.o
                0x00001b40                vTaskSetTimeOutState
 .text.xTaskCheckForTimeOut
                0x00001b6c       0x88 ./freertos/src/tasks.o
                0x00001b6c                xTaskCheckForTimeOut
 .text.vTaskMissedYield
                0x00001bf4       0x18 ./freertos/src/tasks.o
                0x00001bf4                vTaskMissedYield
 .text.prvIdleTask
                0x00001c0c       0x48 ./freertos/src/tasks.o
 .text.eTaskConfirmSleepModeStatus
                0x00001c54       0x5c ./freertos/src/tasks.o
                0x00001c54                eTaskConfirmSleepModeStatus
 .text.prvInitialiseTCBVariables
                0x00001cb0       0x98 ./freertos/src/tasks.o
 .text.prvInitialiseTaskLists
                0x00001d48       0x80 ./freertos/src/tasks.o
 .text.prvCheckTasksWaitingTermination
                0x00001dc8       0x78 ./freertos/src/tasks.o
 .text.prvAddCurrentTaskToDelayedList
                0x00001e40       0x6c ./freertos/src/tasks.o
 .text.prvAllocateTCBAndStack
                0x00001eac       0x62 ./freertos/src/tasks.o
 .text.prvDeleteTCB
                0x00001f0e       0x20 ./freertos/src/tasks.o
 *fill*         0x00001f2e        0x2 ff
 .text.xTaskGetCurrentTaskHandle
                0x00001f30       0x1c ./freertos/src/tasks.o
                0x00001f30                xTaskGetCurrentTaskHandle
 .text.vTaskPriorityInherit
                0x00001f4c       0xb4 ./freertos/src/tasks.o
                0x00001f4c                vTaskPriorityInherit
 .text.vTaskPriorityDisinherit
                0x00002000       0x7c ./freertos/src/tasks.o
                0x00002000                vTaskPriorityDisinherit
 .text.Chip_IOCON_Init
                0x0000207c       0x16 C:\Users\Juan Diego\OneDrive - UTN.BA\5to_-_TDIII\FRA\workspace\lpc_board_nxp_lpcxpresso_1769\Debug\liblpc_board_nxp_lpcxpresso_1769.a(board.o)
 .text.Chip_IOCON_EnableOD
                0x00002092       0x38 C:\Users\Juan Diego\OneDrive - UTN.BA\5to_-_TDIII\FRA\workspace\lpc_board_nxp_lpcxpresso_1769\Debug\liblpc_board_nxp_lpcxpresso_1769.a(board.o)
 .text.Chip_IOCON_SetI2CPad
                0x000020ca       0x1c C:\Users\Juan Diego\OneDrive - UTN.BA\5to_-_TDIII\FRA\workspace\lpc_board_nxp_lpcxpresso_1769\Debug\liblpc_board_nxp_lpcxpresso_1769.a(board.o)
 .text.Chip_GPIO_Init
                0x000020e6       0x16 C:\Users\Juan Diego\OneDrive - UTN.BA\5to_-_TDIII\FRA\workspace\lpc_board_nxp_lpcxpresso_1769\Debug\liblpc_board_nxp_lpcxpresso_1769.a(board.o)
 .text.Chip_GPIO_SetPinState
                0x000020fc       0x64 C:\Users\Juan Diego\OneDrive - UTN.BA\5to_-_TDIII\FRA\workspace\lpc_board_nxp_lpcxpresso_1769\Debug\liblpc_board_nxp_lpcxpresso_1769.a(board.o)
 .text.Chip_GPIO_WritePortBit
                0x00002160       0x2c C:\Users\Juan Diego\OneDrive - UTN.BA\5to_-_TDIII\FRA\workspace\lpc_board_nxp_lpcxpresso_1769\Debug\liblpc_board_nxp_lpcxpresso_1769.a(board.o)
 .text.Chip_GPIO_SetPinDIROutput
                0x0000218c       0x36 C:\Users\Juan Diego\OneDrive - UTN.BA\5to_-_TDIII\FRA\workspace\lpc_board_nxp_lpcxpresso_1769\Debug\liblpc_board_nxp_lpcxpresso_1769.a(board.o)
 .text.Chip_GPIO_SetPinDIRInput
                0x000021c2       0x3a C:\Users\Juan Diego\OneDrive - UTN.BA\5to_-_TDIII\FRA\workspace\lpc_board_nxp_lpcxpresso_1769\Debug\liblpc_board_nxp_lpcxpresso_1769.a(board.o)
 .text.Chip_GPIO_SetPinDIR
                0x000021fc       0x42 C:\Users\Juan Diego\OneDrive - UTN.BA\5to_-_TDIII\FRA\workspace\lpc_board_nxp_lpcxpresso_1769\Debug\liblpc_board_nxp_lpcxpresso_1769.a(board.o)
 .text.Chip_GPIO_WriteDirBit
                0x0000223e       0x2e C:\Users\Juan Diego\OneDrive - UTN.BA\5to_-_TDIII\FRA\workspace\lpc_board_nxp_lpcxpresso_1769\Debug\liblpc_board_nxp_lpcxpresso_1769.a(board.o)
 .text.Chip_UART_SendByte
                0x0000226c       0x1c C:\Users\Juan Diego\OneDrive - UTN.BA\5to_-_TDIII\FRA\workspace\lpc_board_nxp_lpcxpresso_1769\Debug\liblpc_board_nxp_lpcxpresso_1769.a(board.o)
 .text.Chip_UART_ConfigData
                0x00002288       0x1a C:\Users\Juan Diego\OneDrive - UTN.BA\5to_-_TDIII\FRA\workspace\lpc_board_nxp_lpcxpresso_1769\Debug\liblpc_board_nxp_lpcxpresso_1769.a(board.o)
 .text.Chip_UART_ReadLineStatus
                0x000022a2       0x16 C:\Users\Juan Diego\OneDrive - UTN.BA\5to_-_TDIII\FRA\workspace\lpc_board_nxp_lpcxpresso_1769\Debug\liblpc_board_nxp_lpcxpresso_1769.a(board.o)
 .text.__sys_write
                0x000022b8       0x38 C:\Users\Juan Diego\OneDrive - UTN.BA\5to_-_TDIII\FRA\workspace\lpc_board_nxp_lpcxpresso_1769\Debug\liblpc_board_nxp_lpcxpresso_1769.a(board.o)
                0x000022b8                __sys_write
 .text.Board_LED_Init
                0x000022f0       0x54 C:\Users\Juan Diego\OneDrive - UTN.BA\5to_-_TDIII\FRA\workspace\lpc_board_nxp_lpcxpresso_1769\Debug\liblpc_board_nxp_lpcxpresso_1769.a(board.o)
 .text.Board_UART_Init
                0x00002344       0x12 C:\Users\Juan Diego\OneDrive - UTN.BA\5to_-_TDIII\FRA\workspace\lpc_board_nxp_lpcxpresso_1769\Debug\liblpc_board_nxp_lpcxpresso_1769.a(board.o)
                0x00002344                Board_UART_Init
 *fill*         0x00002356        0x2 ff
 .text.Board_Debug_Init
                0x00002358       0x30 C:\Users\Juan Diego\OneDrive - UTN.BA\5to_-_TDIII\FRA\workspace\lpc_board_nxp_lpcxpresso_1769\Debug\liblpc_board_nxp_lpcxpresso_1769.a(board.o)
                0x00002358                Board_Debug_Init
 .text.Board_UARTPutChar
                0x00002388       0x34 C:\Users\Juan Diego\OneDrive - UTN.BA\5to_-_TDIII\FRA\workspace\lpc_board_nxp_lpcxpresso_1769\Debug\liblpc_board_nxp_lpcxpresso_1769.a(board.o)
                0x00002388                Board_UARTPutChar
 .text.Board_LED_Set
                0x000023bc       0x54 C:\Users\Juan Diego\OneDrive - UTN.BA\5to_-_TDIII\FRA\workspace\lpc_board_nxp_lpcxpresso_1769\Debug\liblpc_board_nxp_lpcxpresso_1769.a(board.o)
                0x000023bc                Board_LED_Set
 .text.Board_Init
                0x00002410       0x24 C:\Users\Juan Diego\OneDrive - UTN.BA\5to_-_TDIII\FRA\workspace\lpc_board_nxp_lpcxpresso_1769\Debug\liblpc_board_nxp_lpcxpresso_1769.a(board.o)
                0x00002410                Board_Init
 .text.Board_I2C_Init
                0x00002434       0xc0 C:\Users\Juan Diego\OneDrive - UTN.BA\5to_-_TDIII\FRA\workspace\lpc_board_nxp_lpcxpresso_1769\Debug\liblpc_board_nxp_lpcxpresso_1769.a(board.o)
                0x00002434                Board_I2C_Init
 .text.Chip_SYSCTL_SetFLASHAccess
                0x000024f4       0x30 C:\Users\Juan Diego\OneDrive - UTN.BA\5to_-_TDIII\FRA\workspace\lpc_board_nxp_lpcxpresso_1769\Debug\liblpc_board_nxp_lpcxpresso_1769.a(board_sysinit.o)
 .text.Board_SetupMuxing
                0x00002524       0x1c C:\Users\Juan Diego\OneDrive - UTN.BA\5to_-_TDIII\FRA\workspace\lpc_board_nxp_lpcxpresso_1769\Debug\liblpc_board_nxp_lpcxpresso_1769.a(board_sysinit.o)
                0x00002524                Board_SetupMuxing
 .text.Board_SetupClocking
                0x00002540       0x12 C:\Users\Juan Diego\OneDrive - UTN.BA\5to_-_TDIII\FRA\workspace\lpc_board_nxp_lpcxpresso_1769\Debug\liblpc_board_nxp_lpcxpresso_1769.a(board_sysinit.o)
                0x00002540                Board_SetupClocking
 .text.Board_SystemInit
                0x00002552       0x10 C:\Users\Juan Diego\OneDrive - UTN.BA\5to_-_TDIII\FRA\workspace\lpc_board_nxp_lpcxpresso_1769\Debug\liblpc_board_nxp_lpcxpresso_1769.a(board_sysinit.o)
                0x00002552                Board_SystemInit
 *fill*         0x00002562        0x2 ff
 .text.SystemCoreClockUpdate
                0x00002564       0x18 C:\Users\Juan Diego\OneDrive - UTN.BA\5to_-_TDIII\FRA\workspace\lpc_chip_175x_6x\Debug\liblpc_chip_175x_6x.a(chip_17xx_40xx.o)
                0x00002564                SystemCoreClockUpdate
 .text.Chip_Clock_IsMainPLLEnabled
                0x0000257c       0x24 C:\Users\Juan Diego\OneDrive - UTN.BA\5to_-_TDIII\FRA\workspace\lpc_chip_175x_6x\Debug\liblpc_chip_175x_6x.a(clock_17xx_40xx.o)
 .text.Chip_Clock_IsMainPLLConnected
                0x000025a0       0x24 C:\Users\Juan Diego\OneDrive - UTN.BA\5to_-_TDIII\FRA\workspace\lpc_chip_175x_6x\Debug\liblpc_chip_175x_6x.a(clock_17xx_40xx.o)
 .text.Chip_Clock_FeedPLL
                0x000025c4       0x34 C:\Users\Juan Diego\OneDrive - UTN.BA\5to_-_TDIII\FRA\workspace\lpc_chip_175x_6x\Debug\liblpc_chip_175x_6x.a(clock_17xx_40xx.o)
 .text.Chip_Clock_GetMainPLLSource
                0x000025f8       0x20 C:\Users\Juan Diego\OneDrive - UTN.BA\5to_-_TDIII\FRA\workspace\lpc_chip_175x_6x\Debug\liblpc_chip_175x_6x.a(clock_17xx_40xx.o)
 .text.Chip_Clock_GetMainOscRate
                0x00002618       0x14 C:\Users\Juan Diego\OneDrive - UTN.BA\5to_-_TDIII\FRA\workspace\lpc_chip_175x_6x\Debug\liblpc_chip_175x_6x.a(clock_17xx_40xx.o)
 .text.Chip_Clock_GetIntOscRate
                0x0000262c       0x14 C:\Users\Juan Diego\OneDrive - UTN.BA\5to_-_TDIII\FRA\workspace\lpc_chip_175x_6x\Debug\liblpc_chip_175x_6x.a(clock_17xx_40xx.o)
 .text.Chip_Clock_GetRTCOscRate
                0x00002640       0x14 C:\Users\Juan Diego\OneDrive - UTN.BA\5to_-_TDIII\FRA\workspace\lpc_chip_175x_6x\Debug\liblpc_chip_175x_6x.a(clock_17xx_40xx.o)
 .text.Chip_Clock_GetMainPLLInClockRate
                0x00002654        0xe C:\Users\Juan Diego\OneDrive - UTN.BA\5to_-_TDIII\FRA\workspace\lpc_chip_175x_6x\Debug\liblpc_chip_175x_6x.a(clock_17xx_40xx.o)
 *fill*         0x00002662        0x2 ff
 .text.Chip_Clock_EnablePLL
                0x00002664       0x44 C:\Users\Juan Diego\OneDrive - UTN.BA\5to_-_TDIII\FRA\workspace\lpc_chip_175x_6x\Debug\liblpc_chip_175x_6x.a(clock_17xx_40xx.o)
                0x00002664                Chip_Clock_EnablePLL
 .text.Chip_Clock_DisablePLL
                0x000026a8       0x48 C:\Users\Juan Diego\OneDrive - UTN.BA\5to_-_TDIII\FRA\workspace\lpc_chip_175x_6x\Debug\liblpc_chip_175x_6x.a(clock_17xx_40xx.o)
                0x000026a8                Chip_Clock_DisablePLL
 .text.Chip_Clock_SetupPLL
                0x000026f0       0x5c C:\Users\Juan Diego\OneDrive - UTN.BA\5to_-_TDIII\FRA\workspace\lpc_chip_175x_6x\Debug\liblpc_chip_175x_6x.a(clock_17xx_40xx.o)
                0x000026f0                Chip_Clock_SetupPLL
 .text.Chip_Clock_EnablePeriphClock
                0x0000274c       0x34 C:\Users\Juan Diego\OneDrive - UTN.BA\5to_-_TDIII\FRA\workspace\lpc_chip_175x_6x\Debug\liblpc_chip_175x_6x.a(clock_17xx_40xx.o)
                0x0000274c                Chip_Clock_EnablePeriphClock
 .text.Chip_Clock_GetCPUClockSource
                0x00002780       0x24 C:\Users\Juan Diego\OneDrive - UTN.BA\5to_-_TDIII\FRA\workspace\lpc_chip_175x_6x\Debug\liblpc_chip_175x_6x.a(clock_17xx_40xx.o)
                0x00002780                Chip_Clock_GetCPUClockSource
 .text.Chip_Clock_SetCPUClockDiv
                0x000027a4       0x20 C:\Users\Juan Diego\OneDrive - UTN.BA\5to_-_TDIII\FRA\workspace\lpc_chip_175x_6x\Debug\liblpc_chip_175x_6x.a(clock_17xx_40xx.o)
                0x000027a4                Chip_Clock_SetCPUClockDiv
 .text.Chip_Clock_GetCPUClockDiv
                0x000027c4       0x1c C:\Users\Juan Diego\OneDrive - UTN.BA\5to_-_TDIII\FRA\workspace\lpc_chip_175x_6x\Debug\liblpc_chip_175x_6x.a(clock_17xx_40xx.o)
                0x000027c4                Chip_Clock_GetCPUClockDiv
 .text.Chip_Clock_GetPCLKDiv
                0x000027e0       0x8c C:\Users\Juan Diego\OneDrive - UTN.BA\5to_-_TDIII\FRA\workspace\lpc_chip_175x_6x\Debug\liblpc_chip_175x_6x.a(clock_17xx_40xx.o)
                0x000027e0                Chip_Clock_GetPCLKDiv
 .text.Chip_Clock_GetSYSCLKRate
                0x0000286c       0x3a C:\Users\Juan Diego\OneDrive - UTN.BA\5to_-_TDIII\FRA\workspace\lpc_chip_175x_6x\Debug\liblpc_chip_175x_6x.a(clock_17xx_40xx.o)
                0x0000286c                Chip_Clock_GetSYSCLKRate
 *fill*         0x000028a6        0x2 ff
 .text.Chip_Clock_GetMainPLLOutClockRate
                0x000028a8       0x54 C:\Users\Juan Diego\OneDrive - UTN.BA\5to_-_TDIII\FRA\workspace\lpc_chip_175x_6x\Debug\liblpc_chip_175x_6x.a(clock_17xx_40xx.o)
                0x000028a8                Chip_Clock_GetMainPLLOutClockRate
 .text.Chip_Clock_GetMainClockRate
                0x000028fc       0x28 C:\Users\Juan Diego\OneDrive - UTN.BA\5to_-_TDIII\FRA\workspace\lpc_chip_175x_6x\Debug\liblpc_chip_175x_6x.a(clock_17xx_40xx.o)
                0x000028fc                Chip_Clock_GetMainClockRate
 .text.Chip_Clock_GetSystemClockRate
                0x00002924       0x18 C:\Users\Juan Diego\OneDrive - UTN.BA\5to_-_TDIII\FRA\workspace\lpc_chip_175x_6x\Debug\liblpc_chip_175x_6x.a(clock_17xx_40xx.o)
                0x00002924                Chip_Clock_GetSystemClockRate
 .text.Chip_Clock_GetPeripheralClockRate
                0x0000293c       0x26 C:\Users\Juan Diego\OneDrive - UTN.BA\5to_-_TDIII\FRA\workspace\lpc_chip_175x_6x\Debug\liblpc_chip_175x_6x.a(clock_17xx_40xx.o)
                0x0000293c                Chip_Clock_GetPeripheralClockRate
 *fill*         0x00002962        0x2 ff
 .text.enableClk
                0x00002964       0x30 C:\Users\Juan Diego\OneDrive - UTN.BA\5to_-_TDIII\FRA\workspace\lpc_chip_175x_6x\Debug\liblpc_chip_175x_6x.a(i2c_17xx_40xx.o)
 .text.getClkRate
                0x00002994       0x24 C:\Users\Juan Diego\OneDrive - UTN.BA\5to_-_TDIII\FRA\workspace\lpc_chip_175x_6x\Debug\liblpc_chip_175x_6x.a(i2c_17xx_40xx.o)
 .text.startMasterXfer
                0x000029b8       0x1e C:\Users\Juan Diego\OneDrive - UTN.BA\5to_-_TDIII\FRA\workspace\lpc_chip_175x_6x\Debug\liblpc_chip_175x_6x.a(i2c_17xx_40xx.o)
 .text.startSlaverXfer
                0x000029d6       0x1e C:\Users\Juan Diego\OneDrive - UTN.BA\5to_-_TDIII\FRA\workspace\lpc_chip_175x_6x\Debug\liblpc_chip_175x_6x.a(i2c_17xx_40xx.o)
 .text.isI2CBusFree
                0x000029f4       0x24 C:\Users\Juan Diego\OneDrive - UTN.BA\5to_-_TDIII\FRA\workspace\lpc_chip_175x_6x\Debug\liblpc_chip_175x_6x.a(i2c_17xx_40xx.o)
 .text.getCurState
                0x00002a18       0x1a C:\Users\Juan Diego\OneDrive - UTN.BA\5to_-_TDIII\FRA\workspace\lpc_chip_175x_6x\Debug\liblpc_chip_175x_6x.a(i2c_17xx_40xx.o)
 *fill*         0x00002a32        0x2 ff
 .text.handleMasterXferState
                0x00002a34      0x284 C:\Users\Juan Diego\OneDrive - UTN.BA\5to_-_TDIII\FRA\workspace\lpc_chip_175x_6x\Debug\liblpc_chip_175x_6x.a(i2c_17xx_40xx.o)
                0x00002a34                handleMasterXferState
 .text.Chip_I2C_EventHandler
                0x00002cb8       0x4c C:\Users\Juan Diego\OneDrive - UTN.BA\5to_-_TDIII\FRA\workspace\lpc_chip_175x_6x\Debug\liblpc_chip_175x_6x.a(i2c_17xx_40xx.o)
                0x00002cb8                Chip_I2C_EventHandler
 .text.Chip_I2C_EventHandlerPolling
                0x00002d04       0x60 C:\Users\Juan Diego\OneDrive - UTN.BA\5to_-_TDIII\FRA\workspace\lpc_chip_175x_6x\Debug\liblpc_chip_175x_6x.a(i2c_17xx_40xx.o)
                0x00002d04                Chip_I2C_EventHandlerPolling
 .text.Chip_I2C_Init
                0x00002d64       0x34 C:\Users\Juan Diego\OneDrive - UTN.BA\5to_-_TDIII\FRA\workspace\lpc_chip_175x_6x\Debug\liblpc_chip_175x_6x.a(i2c_17xx_40xx.o)
                0x00002d64                Chip_I2C_Init
 .text.Chip_I2C_SetClockRate
                0x00002d98       0x68 C:\Users\Juan Diego\OneDrive - UTN.BA\5to_-_TDIII\FRA\workspace\lpc_chip_175x_6x\Debug\liblpc_chip_175x_6x.a(i2c_17xx_40xx.o)
                0x00002d98                Chip_I2C_SetClockRate
 .text.Chip_I2C_SetMasterEventHandler
                0x00002e00       0x48 C:\Users\Juan Diego\OneDrive - UTN.BA\5to_-_TDIII\FRA\workspace\lpc_chip_175x_6x\Debug\liblpc_chip_175x_6x.a(i2c_17xx_40xx.o)
                0x00002e00                Chip_I2C_SetMasterEventHandler
 .text.Chip_I2C_MasterTransfer
                0x00002e48       0x9c C:\Users\Juan Diego\OneDrive - UTN.BA\5to_-_TDIII\FRA\workspace\lpc_chip_175x_6x\Debug\liblpc_chip_175x_6x.a(i2c_17xx_40xx.o)
                0x00002e48                Chip_I2C_MasterTransfer
 .text.Chip_I2C_MasterSend
                0x00002ee4       0x58 C:\Users\Juan Diego\OneDrive - UTN.BA\5to_-_TDIII\FRA\workspace\lpc_chip_175x_6x\Debug\liblpc_chip_175x_6x.a(i2c_17xx_40xx.o)
                0x00002ee4                Chip_I2C_MasterSend
 .text.Chip_I2C_MasterStateHandler
                0x00002f3c       0x60 C:\Users\Juan Diego\OneDrive - UTN.BA\5to_-_TDIII\FRA\workspace\lpc_chip_175x_6x\Debug\liblpc_chip_175x_6x.a(i2c_17xx_40xx.o)
                0x00002f3c                Chip_I2C_MasterStateHandler
 .text.Chip_I2C_IsStateChanged
                0x00002f9c       0x38 C:\Users\Juan Diego\OneDrive - UTN.BA\5to_-_TDIII\FRA\workspace\lpc_chip_175x_6x\Debug\liblpc_chip_175x_6x.a(i2c_17xx_40xx.o)
                0x00002f9c                Chip_I2C_IsStateChanged
 .text.Chip_IOCON_PinMuxSet
                0x00002fd4       0x36 C:\Users\Juan Diego\OneDrive - UTN.BA\5to_-_TDIII\FRA\workspace\lpc_chip_175x_6x\Debug\liblpc_chip_175x_6x.a(iocon_17xx_40xx.o)
                0x00002fd4                Chip_IOCON_PinMuxSet
 .text.Chip_IOCON_PinMux
                0x0000300a       0x94 C:\Users\Juan Diego\OneDrive - UTN.BA\5to_-_TDIII\FRA\workspace\lpc_chip_175x_6x\Debug\liblpc_chip_175x_6x.a(iocon_17xx_40xx.o)
                0x0000300a                Chip_IOCON_PinMux
 .text.Chip_IOCON_SetPinMuxing
                0x0000309e       0x64 C:\Users\Juan Diego\OneDrive - UTN.BA\5to_-_TDIII\FRA\workspace\lpc_chip_175x_6x\Debug\liblpc_chip_175x_6x.a(iocon_17xx_40xx.o)
                0x0000309e                Chip_IOCON_SetPinMuxing
 *fill*         0x00003102        0x2 ff
 .text.Chip_Clock_IsMainPLLEnabled
                0x00003104       0x24 C:\Users\Juan Diego\OneDrive - UTN.BA\5to_-_TDIII\FRA\workspace\lpc_chip_175x_6x\Debug\liblpc_chip_175x_6x.a(sysinit_17xx_40xx.o)
 .text.Chip_Clock_IsMainPLLLocked
                0x00003128       0x24 C:\Users\Juan Diego\OneDrive - UTN.BA\5to_-_TDIII\FRA\workspace\lpc_chip_175x_6x\Debug\liblpc_chip_175x_6x.a(sysinit_17xx_40xx.o)
 .text.Chip_Clock_IsMainPLLConnected
                0x0000314c       0x24 C:\Users\Juan Diego\OneDrive - UTN.BA\5to_-_TDIII\FRA\workspace\lpc_chip_175x_6x\Debug\liblpc_chip_175x_6x.a(sysinit_17xx_40xx.o)
 .text.Chip_Clock_EnableCrystal
                0x00003170       0x20 C:\Users\Juan Diego\OneDrive - UTN.BA\5to_-_TDIII\FRA\workspace\lpc_chip_175x_6x\Debug\liblpc_chip_175x_6x.a(sysinit_17xx_40xx.o)
 .text.Chip_Clock_IsCrystalEnabled
                0x00003190       0x24 C:\Users\Juan Diego\OneDrive - UTN.BA\5to_-_TDIII\FRA\workspace\lpc_chip_175x_6x\Debug\liblpc_chip_175x_6x.a(sysinit_17xx_40xx.o)
 .text.Chip_Clock_SetMainPLLSource
                0x000031b4       0x20 C:\Users\Juan Diego\OneDrive - UTN.BA\5to_-_TDIII\FRA\workspace\lpc_chip_175x_6x\Debug\liblpc_chip_175x_6x.a(sysinit_17xx_40xx.o)
 .text.Chip_SetupXtalClocking
                0x000031d4       0x90 C:\Users\Juan Diego\OneDrive - UTN.BA\5to_-_TDIII\FRA\workspace\lpc_chip_175x_6x\Debug\liblpc_chip_175x_6x.a(sysinit_17xx_40xx.o)
                0x000031d4                Chip_SetupXtalClocking
 .text.Chip_UART_SetupFIFOS
                0x00003264       0x1a C:\Users\Juan Diego\OneDrive - UTN.BA\5to_-_TDIII\FRA\workspace\lpc_chip_175x_6x\Debug\liblpc_chip_175x_6x.a(uart_17xx_40xx.o)
 .text.Chip_UART_ConfigData
                0x0000327e       0x1a C:\Users\Juan Diego\OneDrive - UTN.BA\5to_-_TDIII\FRA\workspace\lpc_chip_175x_6x\Debug\liblpc_chip_175x_6x.a(uart_17xx_40xx.o)
 .text.Chip_UART_EnableDivisorAccess
                0x00003298       0x1e C:\Users\Juan Diego\OneDrive - UTN.BA\5to_-_TDIII\FRA\workspace\lpc_chip_175x_6x\Debug\liblpc_chip_175x_6x.a(uart_17xx_40xx.o)
 .text.Chip_UART_DisableDivisorAccess
                0x000032b6       0x1e C:\Users\Juan Diego\OneDrive - UTN.BA\5to_-_TDIII\FRA\workspace\lpc_chip_175x_6x\Debug\liblpc_chip_175x_6x.a(uart_17xx_40xx.o)
 .text.Chip_UART_SetDivisorLatches
                0x000032d4       0x26 C:\Users\Juan Diego\OneDrive - UTN.BA\5to_-_TDIII\FRA\workspace\lpc_chip_175x_6x\Debug\liblpc_chip_175x_6x.a(uart_17xx_40xx.o)
 *fill*         0x000032fa        0x2 ff
 .text.Chip_UART_GetClockIndex
                0x000032fc       0x50 C:\Users\Juan Diego\OneDrive - UTN.BA\5to_-_TDIII\FRA\workspace\lpc_chip_175x_6x\Debug\liblpc_chip_175x_6x.a(uart_17xx_40xx.o)
 .text.Chip_UART_GetClkIndex
                0x0000334c       0x50 C:\Users\Juan Diego\OneDrive - UTN.BA\5to_-_TDIII\FRA\workspace\lpc_chip_175x_6x\Debug\liblpc_chip_175x_6x.a(uart_17xx_40xx.o)
 .text.Chip_UART_Init
                0x0000339c       0x78 C:\Users\Juan Diego\OneDrive - UTN.BA\5to_-_TDIII\FRA\workspace\lpc_chip_175x_6x\Debug\liblpc_chip_175x_6x.a(uart_17xx_40xx.o)
                0x0000339c                Chip_UART_Init
 .text.Chip_UART_TXEnable
                0x00003414       0x18 C:\Users\Juan Diego\OneDrive - UTN.BA\5to_-_TDIII\FRA\workspace\lpc_chip_175x_6x\Debug\liblpc_chip_175x_6x.a(uart_17xx_40xx.o)
                0x00003414                Chip_UART_TXEnable
 .text.Chip_UART_TXDisable
                0x0000342c       0x18 C:\Users\Juan Diego\OneDrive - UTN.BA\5to_-_TDIII\FRA\workspace\lpc_chip_175x_6x\Debug\liblpc_chip_175x_6x.a(uart_17xx_40xx.o)
                0x0000342c                Chip_UART_TXDisable
 .text.Chip_UART_SetBaud
                0x00003444       0x62 C:\Users\Juan Diego\OneDrive - UTN.BA\5to_-_TDIII\FRA\workspace\lpc_chip_175x_6x\Debug\liblpc_chip_175x_6x.a(uart_17xx_40xx.o)
                0x00003444                Chip_UART_SetBaud
 .text.__main   0x000034a6        0xe c:/nxp/mcuxpressoide_11.7.1_9221/ide/plugins/com.nxp.mcuxpresso.tools.win32_11.7.1.202301190959/tools/bin/../lib/gcc/arm-none-eabi/10.3.1/../../../../arm-none-eabi/lib/thumb/v7-m/nofp\libcr_nohost.a(_cr__main.o)
                0x000034a6                __main
 .text.memcpy   0x000034b4        0x4 c:/nxp/mcuxpressoide_11.7.1_9221/ide/plugins/com.nxp.mcuxpresso.tools.win32_11.7.1.202301190959/tools/bin/../lib/gcc/arm-none-eabi/10.3.1/../../../../arm-none-eabi/lib/thumb/v7-m/nofp\libcr_c.a(memcpy.o)
                0x000034b4                memcpy
 .text.memset   0x000034b8        0x4 c:/nxp/mcuxpressoide_11.7.1_9221/ide/plugins/com.nxp.mcuxpresso.tools.win32_11.7.1.202301190959/tools/bin/../lib/gcc/arm-none-eabi/10.3.1/../../../../arm-none-eabi/lib/thumb/v7-m/nofp\libcr_c.a(memset.o)
                0x000034b8                memset
 .text.malloc   0x000034bc       0xc8 c:/nxp/mcuxpressoide_11.7.1_9221/ide/plugins/com.nxp.mcuxpresso.tools.win32_11.7.1.202301190959/tools/bin/../lib/gcc/arm-none-eabi/10.3.1/../../../../arm-none-eabi/lib/thumb/v7-m/nofp\libcr_c.a(alloc.o)
                0x000034bc                malloc
 .text.free     0x00003584       0x30 c:/nxp/mcuxpressoide_11.7.1_9221/ide/plugins/com.nxp.mcuxpresso.tools.win32_11.7.1.202301190959/tools/bin/../lib/gcc/arm-none-eabi/10.3.1/../../../../arm-none-eabi/lib/thumb/v7-m/nofp\libcr_c.a(alloc.o)
                0x00003584                free
 .text._initio  0x000035b4       0x78 c:/nxp/mcuxpressoide_11.7.1_9221/ide/plugins/com.nxp.mcuxpresso.tools.win32_11.7.1.202301190959/tools/bin/../lib/gcc/arm-none-eabi/10.3.1/../../../../arm-none-eabi/lib/thumb/v7-m/nofp\libcr_c.a(initio.o)
                0x000035b4                _initio
 .text.itoa     0x0000362c       0x58 c:/nxp/mcuxpressoide_11.7.1_9221/ide/plugins/com.nxp.mcuxpresso.tools.win32_11.7.1.202301190959/tools/bin/../lib/gcc/arm-none-eabi/10.3.1/../../../../arm-none-eabi/lib/thumb/v7-m/nofp\libcr_c.a(itoa.o)
                0x0000362c                itoa
 .text.setvbuf  0x00003684       0x3e c:/nxp/mcuxpressoide_11.7.1_9221/ide/plugins/com.nxp.mcuxpresso.tools.win32_11.7.1.202301190959/tools/bin/../lib/gcc/arm-none-eabi/10.3.1/../../../../arm-none-eabi/lib/thumb/v7-m/nofp\libcr_c.a(setvbuf.o)
                0x00003684                setvbuf
 .text.strlen   0x000036c2       0x48 c:/nxp/mcuxpressoide_11.7.1_9221/ide/plugins/com.nxp.mcuxpresso.tools.win32_11.7.1.202301190959/tools/bin/../lib/gcc/arm-none-eabi/10.3.1/../../../../arm-none-eabi/lib/thumb/v7-m/nofp\libcr_c.a(strlen.o)
                0x000036c2                strlen
 *fill*         0x0000370a        0x2 ff
 .text._sbrk    0x0000370c       0x3c c:/nxp/mcuxpressoide_11.7.1_9221/ide/plugins/com.nxp.mcuxpresso.tools.win32_11.7.1.202301190959/tools/bin/../lib/gcc/arm-none-eabi/10.3.1/../../../../arm-none-eabi/lib/thumb/v7-m/nofp\libcr_c.a(_cr_sbrk.o)
                0x0000370c                _sbrk
 .text._deferredlazyseek
                0x00003748       0x40 c:/nxp/mcuxpressoide_11.7.1_9221/ide/plugins/com.nxp.mcuxpresso.tools.win32_11.7.1.202301190959/tools/bin/../lib/gcc/arm-none-eabi/10.3.1/../../../../arm-none-eabi/lib/thumb/v7-m/nofp\libcr_c.a(_deferredlazyseek.o)
                0x00003748                _deferredlazyseek
 .text._fdopen  0x00003788       0x68 c:/nxp/mcuxpressoide_11.7.1_9221/ide/plugins/com.nxp.mcuxpresso.tools.win32_11.7.1.202301190959/tools/bin/../lib/gcc/arm-none-eabi/10.3.1/../../../../arm-none-eabi/lib/thumb/v7-m/nofp\libcr_c.a(_fdopen.o)
                0x00003788                _fdopen
 .text._fflush  0x000037f0       0x52 c:/nxp/mcuxpressoide_11.7.1_9221/ide/plugins/com.nxp.mcuxpresso.tools.win32_11.7.1.202301190959/tools/bin/../lib/gcc/arm-none-eabi/10.3.1/../../../../arm-none-eabi/lib/thumb/v7-m/nofp\libcr_c.a(_fflush.o)
                0x000037f0                _fflush
 *fill*         0x00003842        0x2 ff
 .text._Cwritebuf
                0x00003844       0x6c c:/nxp/mcuxpressoide_11.7.1_9221/ide/plugins/com.nxp.mcuxpresso.tools.win32_11.7.1.202301190959/tools/bin/../lib/gcc/arm-none-eabi/10.3.1/../../../../arm-none-eabi/lib/thumb/v7-m/nofp\libcr_c.a(_writebuf.o)
                0x00003844                _Cwritebuf
 .text.fclose   0x000038b0       0x58 c:/nxp/mcuxpressoide_11.7.1_9221/ide/plugins/com.nxp.mcuxpresso.tools.win32_11.7.1.202301190959/tools/bin/../lib/gcc/arm-none-eabi/10.3.1/../../../../arm-none-eabi/lib/thumb/v7-m/nofp\libcr_c.a(fclose.o)
                0x000038b0                fclose
 .text.fflush   0x00003908       0x3c c:/nxp/mcuxpressoide_11.7.1_9221/ide/plugins/com.nxp.mcuxpresso.tools.win32_11.7.1.202301190959/tools/bin/../lib/gcc/arm-none-eabi/10.3.1/../../../../arm-none-eabi/lib/thumb/v7-m/nofp\libcr_c.a(fflush.o)
                0x00003908                fflush
 .text.fseek    0x00003944       0xfc c:/nxp/mcuxpressoide_11.7.1_9221/ide/plugins/com.nxp.mcuxpresso.tools.win32_11.7.1.202301190959/tools/bin/../lib/gcc/arm-none-eabi/10.3.1/../../../../arm-none-eabi/lib/thumb/v7-m/nofp\libcr_c.a(fseek.o)
                0x00003944                fseek
 .text.ftell    0x00003a40       0x44 c:/nxp/mcuxpressoide_11.7.1_9221/ide/plugins/com.nxp.mcuxpresso.tools.win32_11.7.1.202301190959/tools/bin/../lib/gcc/arm-none-eabi/10.3.1/../../../../arm-none-eabi/lib/thumb/v7-m/nofp\libcr_c.a(ftell.o)
                0x00003a40                ftell
 .text.remove   0x00003a84       0x14 c:/nxp/mcuxpressoide_11.7.1_9221/ide/plugins/com.nxp.mcuxpresso.tools.win32_11.7.1.202301190959/tools/bin/../lib/gcc/arm-none-eabi/10.3.1/../../../../arm-none-eabi/lib/thumb/v7-m/nofp\libcr_c.a(remove.o)
                0x00003a84                remove
 .text.__check_heap_overflow
                0x00003a98       0x14 c:/nxp/mcuxpressoide_11.7.1_9221/ide/plugins/com.nxp.mcuxpresso.tools.win32_11.7.1.202301190959/tools/bin/../lib/gcc/arm-none-eabi/10.3.1/../../../../arm-none-eabi/lib/thumb/v7-m/nofp\libcr_c.a(_cr_check_heap.o)
                0x00003a98                __check_heap_overflow
 .text._do_fflush
                0x00003aac       0x40 c:/nxp/mcuxpressoide_11.7.1_9221/ide/plugins/com.nxp.mcuxpresso.tools.win32_11.7.1.202301190959/tools/bin/../lib/gcc/arm-none-eabi/10.3.1/../../../../arm-none-eabi/lib/thumb/v7-m/nofp\libcr_c.a(_do_fflush.o)
                0x00003aac                _do_fflush
 .text.__aeabi_memcpy
                0x00003aec       0x34 c:/nxp/mcuxpressoide_11.7.1_9221/ide/plugins/com.nxp.mcuxpresso.tools.win32_11.7.1.202301190959/tools/bin/../lib/gcc/arm-none-eabi/10.3.1/thumb/v7-m/nofp\libcr_eabihelpers.a(memcpy.o)
                0x00003aec                __aeabi_memcpy
                0x00003af6                __aeabi_memcpy8
                0x00003af6                __aeabi_memcpy4
 .text.__aeabi_memset_lowlevel
                0x00003b20       0x32 c:/nxp/mcuxpressoide_11.7.1_9221/ide/plugins/com.nxp.mcuxpresso.tools.win32_11.7.1.202301190959/tools/bin/../lib/gcc/arm-none-eabi/10.3.1/thumb/v7-m/nofp\libcr_eabihelpers.a(memcpy.o)
                0x00003b20                __aeabi_lowlevel_memset
 .text.__sys_close
                0x00003b52        0x6 c:/nxp/mcuxpressoide_11.7.1_9221/ide/plugins/com.nxp.mcuxpresso.tools.win32_11.7.1.202301190959/tools/bin/../lib/gcc/arm-none-eabi/10.3.1/../../../../arm-none-eabi/lib/thumb/v7-m/nofp\libcr_nohost.a(__sys_close.o)
                0x00003b52                __sys_close
 .text.__sys_flen
                0x00003b58        0x6 c:/nxp/mcuxpressoide_11.7.1_9221/ide/plugins/com.nxp.mcuxpresso.tools.win32_11.7.1.202301190959/tools/bin/../lib/gcc/arm-none-eabi/10.3.1/../../../../arm-none-eabi/lib/thumb/v7-m/nofp\libcr_nohost.a(__sys_flen.o)
                0x00003b58                __sys_flen
 .text.__sys_istty
                0x00003b5e        0x6 c:/nxp/mcuxpressoide_11.7.1_9221/ide/plugins/com.nxp.mcuxpresso.tools.win32_11.7.1.202301190959/tools/bin/../lib/gcc/arm-none-eabi/10.3.1/../../../../arm-none-eabi/lib/thumb/v7-m/nofp\libcr_nohost.a(__sys_istty.o)
                0x00003b5e                __sys_istty
 .text.__sys_remove
                0x00003b64        0x6 c:/nxp/mcuxpressoide_11.7.1_9221/ide/plugins/com.nxp.mcuxpresso.tools.win32_11.7.1.202301190959/tools/bin/../lib/gcc/arm-none-eabi/10.3.1/../../../../arm-none-eabi/lib/thumb/v7-m/nofp\libcr_nohost.a(__sys_remove.o)
                0x00003b64                __sys_remove
 .text.__sys_seek
                0x00003b6a        0x6 c:/nxp/mcuxpressoide_11.7.1_9221/ide/plugins/com.nxp.mcuxpresso.tools.win32_11.7.1.202301190959/tools/bin/../lib/gcc/arm-none-eabi/10.3.1/../../../../arm-none-eabi/lib/thumb/v7-m/nofp\libcr_nohost.a(__sys_seek.o)
                0x00003b6a                __sys_seek
 .text.__sys_tmpnam
                0x00003b70        0x6 c:/nxp/mcuxpressoide_11.7.1_9221/ide/plugins/com.nxp.mcuxpresso.tools.win32_11.7.1.202301190959/tools/bin/../lib/gcc/arm-none-eabi/10.3.1/../../../../arm-none-eabi/lib/thumb/v7-m/nofp\libcr_nohost.a(__sys_tmpnam.o)
                0x00003b70                __sys_tmpnam
 *(.rodata .rodata.* .constdata .constdata.*)
 *fill*         0x00003b76        0x2 ff
 .rodata.vMensaje_Task.str1.4
                0x00003b78        0x8 ./sources/src/main.o
 .rodata.vPulsos_Task.str1.4
                0x00003b80       0x11 ./sources/src/main.o
 *fill*         0x00003b91        0x3 ff
 .rodata.main.str1.4
                0x00003b94       0x2a ./sources/src/main.o
 *fill*         0x00003bbe        0x2 ff
 .rodata.vTaskStartScheduler.str1.4
                0x00003bc0        0x5 ./freertos/src/tasks.o
 *fill*         0x00003bc5        0x3 ff
 .rodata.OscRateIn
                0x00003bc8        0x4 C:\Users\Juan Diego\OneDrive - UTN.BA\5to_-_TDIII\FRA\workspace\lpc_board_nxp_lpcxpresso_1769\Debug\liblpc_board_nxp_lpcxpresso_1769.a(board.o)
                0x00003bc8                OscRateIn
 .rodata.RTCOscRateIn
                0x00003bcc        0x4 C:\Users\Juan Diego\OneDrive - UTN.BA\5to_-_TDIII\FRA\workspace\lpc_board_nxp_lpcxpresso_1769\Debug\liblpc_board_nxp_lpcxpresso_1769.a(board.o)
                0x00003bcc                RTCOscRateIn
 .rodata.pinmuxing
                0x00003bd0       0x5c C:\Users\Juan Diego\OneDrive - UTN.BA\5to_-_TDIII\FRA\workspace\lpc_board_nxp_lpcxpresso_1769\Debug\liblpc_board_nxp_lpcxpresso_1769.a(board_sysinit.o)
 .rodata.I2C_PeriphClk
                0x00003c2c        0x3 C:\Users\Juan Diego\OneDrive - UTN.BA\5to_-_TDIII\FRA\workspace\lpc_chip_175x_6x\Debug\liblpc_chip_175x_6x.a(i2c_17xx_40xx.o)
 .rodata._initio.str1.1
                0x00003c2f        0x4 c:/nxp/mcuxpressoide_11.7.1_9221/ide/plugins/com.nxp.mcuxpresso.tools.win32_11.7.1.202301190959/tools/bin/../lib/gcc/arm-none-eabi/10.3.1/../../../../arm-none-eabi/lib/thumb/v7-m/nofp\libcr_c.a(initio.o)
 .rodata.digits
                0x00003c33       0x11 c:/nxp/mcuxpressoide_11.7.1_9221/ide/plugins/com.nxp.mcuxpresso.tools.win32_11.7.1.202301190959/tools/bin/../lib/gcc/arm-none-eabi/10.3.1/../../../../arm-none-eabi/lib/thumb/v7-m/nofp\libcr_c.a(itoa.o)
 .rodata.__num_Ciob_streams
                0x00003c44        0x4 c:/nxp/mcuxpressoide_11.7.1_9221/ide/plugins/com.nxp.mcuxpresso.tools.win32_11.7.1.202301190959/tools/bin/../lib/gcc/arm-none-eabi/10.3.1/../../../../arm-none-eabi/lib/thumb/v7-m/nofp\libcr_nohost.a(__ciob.o)
                0x00003c44                __num_Ciob_streams
                0x00003c48                . = ALIGN (0x4)

.glue_7         0x00003c48        0x0
 .glue_7        0x00003c48        0x0 linker stubs

.glue_7t        0x00003c48        0x0
 .glue_7t       0x00003c48        0x0 linker stubs

.vfp11_veneer   0x00003c48        0x0
 .vfp11_veneer  0x00003c48        0x0 linker stubs

.v4_bx          0x00003c48        0x0
 .v4_bx         0x00003c48        0x0 linker stubs

.iplt           0x00003c48        0x0
 .iplt          0x00003c48        0x0 ./sources/src/cr_startup_lpc175x_6x.o

.rel.dyn        0x00003c48        0x0
 .rel.iplt      0x00003c48        0x0 ./sources/src/cr_startup_lpc175x_6x.o

.ARM.extab
 *(.ARM.extab* .gnu.linkonce.armextab.*)

.ARM.exidx      0x00003c48        0x0
                0x00003c48                __exidx_start = .
 *(.ARM.exidx* .gnu.linkonce.armexidx.*)
                0x00003c48                __exidx_end = .
                0x00003c48                _etext = .

.data_RAM2      0x2007c000        0x0 load address 0x00003c48
 FILL mask 0xff
                [!provide]                PROVIDE (__start_data_RAM2 = .)
                [!provide]                PROVIDE (__start_data_RamAHB32 = .)
 *(.ramfunc.$RAM2)
 *(.ramfunc.$RamAHB32)
 *(.data.$RAM2)
 *(.data.$RamAHB32)
 *(.data.$RAM2.*)
 *(.data.$RamAHB32.*)
                0x2007c000                . = ALIGN (0x4)
                [!provide]                PROVIDE (__end_data_RAM2 = .)
                [!provide]                PROVIDE (__end_data_RamAHB32 = .)

.uninit_RESERVED
                0x10000000        0x0
                0x10000000                _start_uninit_RESERVED = .
 *(.bss.$RESERVED*)
                0x10000000                . = ALIGN (0x4)
                0x10000000                _end_uninit_RESERVED = .

.data           0x10000000       0x5c load address 0x00003c48
 FILL mask 0xff
                0x10000000                _data = .
                [!provide]                PROVIDE (__start_data_RAM = .)
                [!provide]                PROVIDE (__start_data_RamLoc32 = .)
 *(vtable)
 *(.ramfunc*)
 *(CodeQuickAccess)
 *(DataQuickAccess)
 *(RamFunction)
 *(.data*)
 .data.uxCriticalNesting
                0x10000000        0x4 ./freertos/src/port.o
 .data.xNextTaskUnblockTime
                0x10000004        0x4 ./freertos/src/tasks.o
 .data.i2c      0x10000008       0x54 C:\Users\Juan Diego\OneDrive - UTN.BA\5to_-_TDIII\FRA\workspace\lpc_chip_175x_6x\Debug\liblpc_chip_175x_6x.a(i2c_17xx_40xx.o)
                0x1000005c                . = ALIGN (0x4)
                0x1000005c                _edata = .
                [!provide]                PROVIDE (__end_data_RAM = .)
                [!provide]                PROVIDE (__end_data_RamLoc32 = .)

.igot.plt       0x1000005c        0x0 load address 0x00003ca4
 .igot.plt      0x1000005c        0x0 ./sources/src/cr_startup_lpc175x_6x.o

.bss_RAM2       0x2007c000        0x0
                [!provide]                PROVIDE (__start_bss_RAM2 = .)
                [!provide]                PROVIDE (__start_bss_RamAHB32 = .)
 *(.bss.$RAM2)
 *(.bss.$RamAHB32)
 *(.bss.$RAM2.*)
 *(.bss.$RamAHB32.*)
                0x2007c000                . = ALIGN ((. != 0x0)?0x4:0x1)
                [!provide]                PROVIDE (__end_bss_RAM2 = .)
                [!provide]                PROVIDE (__end_bss_RamAHB32 = .)

.bss            0x1000005c      0x348
                0x1000005c                _bss = .
                [!provide]                PROVIDE (__start_bss_RAM = .)
                [!provide]                PROVIDE (__start_bss_RamLoc32 = .)
 *(.bss*)
 .bss.i2c       0x1000005c        0x1 ./sources/src/lcd1602_i2c.o
                0x1000005c                i2c
 *fill*         0x1000005d        0x3 
 .bss.xQueueLCD
                0x10000060        0x4 ./sources/src/main.o
                0x10000060                xQueueLCD
 .bss.xSemaphorePulso
                0x10000064        0x4 ./sources/src/main.o
                0x10000064                xSemaphorePulso
 .bss.xHandleLedOn
                0x10000068        0x4 ./sources/src/main.o
                0x10000068                xHandleLedOn
 .bss.xHandleLedOff
                0x1000006c        0x4 ./sources/src/main.o
                0x1000006c                xHandleLedOff
 .bss.ulTimerCountsForOneTick
                0x10000070        0x4 ./freertos/src/port.o
 .bss.xMaximumPossibleSuppressedTicks
                0x10000074        0x4 ./freertos/src/port.o
 .bss.ulStoppedTimerCompensation
                0x10000078        0x4 ./freertos/src/port.o
 .bss.pxCurrentTCB
                0x1000007c        0x4 ./freertos/src/tasks.o
                0x1000007c                pxCurrentTCB
 .bss.pxReadyTasksLists
                0x10000080       0xa0 ./freertos/src/tasks.o
 .bss.xDelayedTaskList1
                0x10000120       0x14 ./freertos/src/tasks.o
 .bss.xDelayedTaskList2
                0x10000134       0x14 ./freertos/src/tasks.o
 .bss.pxDelayedTaskList
                0x10000148        0x4 ./freertos/src/tasks.o
 .bss.pxOverflowDelayedTaskList
                0x1000014c        0x4 ./freertos/src/tasks.o
 .bss.xPendingReadyList
                0x10000150       0x14 ./freertos/src/tasks.o
 .bss.xTasksWaitingTermination
                0x10000164       0x14 ./freertos/src/tasks.o
 .bss.uxTasksDeleted
                0x10000178        0x4 ./freertos/src/tasks.o
 .bss.xSuspendedTaskList
                0x1000017c       0x14 ./freertos/src/tasks.o
 .bss.uxCurrentNumberOfTasks
                0x10000190        0x4 ./freertos/src/tasks.o
 .bss.xTickCount
                0x10000194        0x4 ./freertos/src/tasks.o
 .bss.uxTopReadyPriority
                0x10000198        0x4 ./freertos/src/tasks.o
 .bss.xSchedulerRunning
                0x1000019c        0x4 ./freertos/src/tasks.o
 .bss.uxSchedulerSuspended
                0x100001a0        0x4 ./freertos/src/tasks.o
 .bss.uxPendedTicks
                0x100001a4        0x4 ./freertos/src/tasks.o
 .bss.xYieldPending
                0x100001a8        0x4 ./freertos/src/tasks.o
 .bss.xNumOfOverflows
                0x100001ac        0x4 ./freertos/src/tasks.o
 .bss.uxTaskNumber
                0x100001b0        0x4 ./freertos/src/tasks.o
 .bss.SystemCoreClock
                0x100001b4        0x4 C:\Users\Juan Diego\OneDrive - UTN.BA\5to_-_TDIII\FRA\workspace\lpc_chip_175x_6x\Debug\liblpc_chip_175x_6x.a(chip_17xx_40xx.o)
                0x100001b4                SystemCoreClock
 .bss.__end_of_heap
                0x100001b8        0x4 c:/nxp/mcuxpressoide_11.7.1_9221/ide/plugins/com.nxp.mcuxpresso.tools.win32_11.7.1.202301190959/tools/bin/../lib/gcc/arm-none-eabi/10.3.1/../../../../arm-none-eabi/lib/thumb/v7-m/nofp\libcr_c.a(__init_alloc.o)
                0x100001b8                __end_of_heap
 .bss.__heaps   0x100001bc        0x4 c:/nxp/mcuxpressoide_11.7.1_9221/ide/plugins/com.nxp.mcuxpresso.tools.win32_11.7.1.202301190959/tools/bin/../lib/gcc/arm-none-eabi/10.3.1/../../../../arm-none-eabi/lib/thumb/v7-m/nofp\libcr_c.a(__init_alloc.o)
                0x100001bc                __heaps
 .bss.errno     0x100001c0        0x4 c:/nxp/mcuxpressoide_11.7.1_9221/ide/plugins/com.nxp.mcuxpresso.tools.win32_11.7.1.202301190959/tools/bin/../lib/gcc/arm-none-eabi/10.3.1/../../../../arm-none-eabi/lib/thumb/v7-m/nofp\libcr_c.a(errno.o)
                0x100001c0                errno
 .bss.__Ciob    0x100001c4      0x1e0 c:/nxp/mcuxpressoide_11.7.1_9221/ide/plugins/com.nxp.mcuxpresso.tools.win32_11.7.1.202301190959/tools/bin/../lib/gcc/arm-none-eabi/10.3.1/../../../../arm-none-eabi/lib/thumb/v7-m/nofp\libcr_nohost.a(__ciob.o)
                0x100001c4                __Ciob
 *(COMMON)
                0x100003a4                . = ALIGN (0x4)
                0x100003a4                _ebss = .
                [!provide]                PROVIDE (__end_bss_RAM = .)
                [!provide]                PROVIDE (__end_bss_RamLoc32 = .)
                [!provide]                PROVIDE (end = .)

.noinit_RAM2    0x2007c000        0x0
                [!provide]                PROVIDE (__start_noinit_RAM2 = .)
                [!provide]                PROVIDE (__start_noinit_RamAHB32 = .)
 *(.noinit.$RAM2)
 *(.noinit.$RamAHB32)
 *(.noinit.$RAM2.*)
 *(.noinit.$RamAHB32.*)
                0x2007c000                . = ALIGN (0x4)
                [!provide]                PROVIDE (__end_noinit_RAM2 = .)
                [!provide]                PROVIDE (__end_noinit_RamAHB32 = .)

.noinit         0x100003a4        0x0
                0x100003a4                _noinit = .
                [!provide]                PROVIDE (__start_noinit_RAM = .)
                [!provide]                PROVIDE (__start_noinit_RamLoc32 = .)
 *(.noinit*)
                0x100003a4                . = ALIGN (0x4)
                0x100003a4                _end_noinit = .
                [!provide]                PROVIDE (__end_noinit_RAM = .)
                [!provide]                PROVIDE (__end_noinit_RamLoc32 = .)
                0x100003a4                PROVIDE (_pvHeapStart = DEFINED (__user_heap_base)?__user_heap_base:.)
                0x10008000                PROVIDE (_vStackTop = DEFINED (__user_stack_top)?__user_stack_top:(__top_RamLoc32 - 0x0))
                [!provide]                PROVIDE (__valid_user_code_checksum = (0x0 - ((((((_vStackTop + (ResetISR + 0x1)) + (NMI_Handler + 0x1)) + (HardFault_Handler + 0x1)) + (DEFINED (MemManage_Handler)?MemManage_Handler:0x0 + 0x1)) + (DEFINED (BusFault_Handler)?BusFault_Handler:0x0 + 0x1)) + (DEFINED (UsageFault_Handler)?UsageFault_Handler:0x0 + 0x1))))
                0x00000000                _image_start = LOADADDR (.text)
                0x00003ca4                _image_end = (LOADADDR (.data) + SIZEOF (.data))
                0x00003ca4                _image_size = (_image_end - _image_start)
OUTPUT(TDIII_TPx_Scarini_i2c.axf elf32-littlearm)
LOAD linker stubs

.debug_info     0x00000000     0x8992
 .debug_info    0x00000000      0x27f ./sources/src/cr_startup_lpc175x_6x.o
 .debug_info    0x0000027f      0x34e ./sources/src/lcd1602_i2c.o
 .debug_info    0x000005cd      0xa68 ./sources/src/main.o
 .debug_info    0x00001035       0xbb ./sources/src/sysinit.o
 .debug_info    0x000010f0      0x16f ./freertos/src/FreeRTOSCommonHooks.o
 .debug_info    0x0000125f       0xed ./freertos/src/heap_3.o
 .debug_info    0x0000134c      0x2a4 ./freertos/src/list.o
 .debug_info    0x000015f0      0x3c1 ./freertos/src/port.o
 .debug_info    0x000019b1      0xc3c ./freertos/src/queue.o
 .debug_info    0x000025ed     0x130f ./freertos/src/tasks.o
 .debug_info    0x000038fc     0x14e7 C:\Users\Juan Diego\OneDrive - UTN.BA\5to_-_TDIII\FRA\workspace\lpc_board_nxp_lpcxpresso_1769\Debug\liblpc_board_nxp_lpcxpresso_1769.a(board.o)
 .debug_info    0x00004de3      0x594 C:\Users\Juan Diego\OneDrive - UTN.BA\5to_-_TDIII\FRA\workspace\lpc_board_nxp_lpcxpresso_1769\Debug\liblpc_board_nxp_lpcxpresso_1769.a(board_sysinit.o)
 .debug_info    0x00005377      0x51e C:\Users\Juan Diego\OneDrive - UTN.BA\5to_-_TDIII\FRA\workspace\lpc_chip_175x_6x\Debug\liblpc_chip_175x_6x.a(chip_17xx_40xx.o)
 .debug_info    0x00005895      0xbc8 C:\Users\Juan Diego\OneDrive - UTN.BA\5to_-_TDIII\FRA\workspace\lpc_chip_175x_6x\Debug\liblpc_chip_175x_6x.a(clock_17xx_40xx.o)
 .debug_info    0x0000645d      0xee0 C:\Users\Juan Diego\OneDrive - UTN.BA\5to_-_TDIII\FRA\workspace\lpc_chip_175x_6x\Debug\liblpc_chip_175x_6x.a(i2c_17xx_40xx.o)
 .debug_info    0x0000733d      0x2c8 C:\Users\Juan Diego\OneDrive - UTN.BA\5to_-_TDIII\FRA\workspace\lpc_chip_175x_6x\Debug\liblpc_chip_175x_6x.a(iocon_17xx_40xx.o)
 .debug_info    0x00007605      0x431 C:\Users\Juan Diego\OneDrive - UTN.BA\5to_-_TDIII\FRA\workspace\lpc_chip_175x_6x\Debug\liblpc_chip_175x_6x.a(sysinit_17xx_40xx.o)
 .debug_info    0x00007a36      0xf5c C:\Users\Juan Diego\OneDrive - UTN.BA\5to_-_TDIII\FRA\workspace\lpc_chip_175x_6x\Debug\liblpc_chip_175x_6x.a(uart_17xx_40xx.o)

.debug_abbrev   0x00000000     0x209c
 .debug_abbrev  0x00000000      0x122 ./sources/src/cr_startup_lpc175x_6x.o
 .debug_abbrev  0x00000122      0x145 ./sources/src/lcd1602_i2c.o
 .debug_abbrev  0x00000267      0x275 ./sources/src/main.o
 .debug_abbrev  0x000004dc       0x7b ./sources/src/sysinit.o
 .debug_abbrev  0x00000557      0x10d ./freertos/src/FreeRTOSCommonHooks.o
 .debug_abbrev  0x00000664       0xae ./freertos/src/heap_3.o
 .debug_abbrev  0x00000712       0xeb ./freertos/src/list.o
 .debug_abbrev  0x000007fd      0x1e2 ./freertos/src/port.o
 .debug_abbrev  0x000009df      0x20c ./freertos/src/queue.o
 .debug_abbrev  0x00000beb      0x25f ./freertos/src/tasks.o
 .debug_abbrev  0x00000e4a      0x3e3 C:\Users\Juan Diego\OneDrive - UTN.BA\5to_-_TDIII\FRA\workspace\lpc_board_nxp_lpcxpresso_1769\Debug\liblpc_board_nxp_lpcxpresso_1769.a(board.o)
 .debug_abbrev  0x0000122d      0x156 C:\Users\Juan Diego\OneDrive - UTN.BA\5to_-_TDIII\FRA\workspace\lpc_board_nxp_lpcxpresso_1769\Debug\liblpc_board_nxp_lpcxpresso_1769.a(board_sysinit.o)
 .debug_abbrev  0x00001383      0x145 C:\Users\Juan Diego\OneDrive - UTN.BA\5to_-_TDIII\FRA\workspace\lpc_chip_175x_6x\Debug\liblpc_chip_175x_6x.a(chip_17xx_40xx.o)
 .debug_abbrev  0x000014c8      0x325 C:\Users\Juan Diego\OneDrive - UTN.BA\5to_-_TDIII\FRA\workspace\lpc_chip_175x_6x\Debug\liblpc_chip_175x_6x.a(clock_17xx_40xx.o)
 .debug_abbrev  0x000017ed      0x2e6 C:\Users\Juan Diego\OneDrive - UTN.BA\5to_-_TDIII\FRA\workspace\lpc_chip_175x_6x\Debug\liblpc_chip_175x_6x.a(i2c_17xx_40xx.o)
 .debug_abbrev  0x00001ad3      0x132 C:\Users\Juan Diego\OneDrive - UTN.BA\5to_-_TDIII\FRA\workspace\lpc_chip_175x_6x\Debug\liblpc_chip_175x_6x.a(iocon_17xx_40xx.o)
 .debug_abbrev  0x00001c05      0x175 C:\Users\Juan Diego\OneDrive - UTN.BA\5to_-_TDIII\FRA\workspace\lpc_chip_175x_6x\Debug\liblpc_chip_175x_6x.a(sysinit_17xx_40xx.o)
 .debug_abbrev  0x00001d7a      0x322 C:\Users\Juan Diego\OneDrive - UTN.BA\5to_-_TDIII\FRA\workspace\lpc_chip_175x_6x\Debug\liblpc_chip_175x_6x.a(uart_17xx_40xx.o)

.debug_aranges  0x00000000      0xad8
 .debug_aranges
                0x00000000       0x80 ./sources/src/cr_startup_lpc175x_6x.o
 .debug_aranges
                0x00000080       0x58 ./sources/src/lcd1602_i2c.o
 .debug_aranges
                0x000000d8       0x80 ./sources/src/main.o
 .debug_aranges
                0x00000158       0x20 ./sources/src/sysinit.o
 .debug_aranges
                0x00000178       0x40 ./freertos/src/FreeRTOSCommonHooks.o
 .debug_aranges
                0x000001b8       0x28 ./freertos/src/heap_3.o
 .debug_aranges
                0x000001e0       0x40 ./freertos/src/list.o
 .debug_aranges
                0x00000220       0x90 ./freertos/src/port.o
 .debug_aranges
                0x000002b0       0xf0 ./freertos/src/queue.o
 .debug_aranges
                0x000003a0      0x178 ./freertos/src/tasks.o
 .debug_aranges
                0x00000518      0x160 C:\Users\Juan Diego\OneDrive - UTN.BA\5to_-_TDIII\FRA\workspace\lpc_board_nxp_lpcxpresso_1769\Debug\liblpc_board_nxp_lpcxpresso_1769.a(board.o)
 .debug_aranges
                0x00000678       0x38 C:\Users\Juan Diego\OneDrive - UTN.BA\5to_-_TDIII\FRA\workspace\lpc_board_nxp_lpcxpresso_1769\Debug\liblpc_board_nxp_lpcxpresso_1769.a(board_sysinit.o)
 .debug_aranges
                0x000006b0       0x38 C:\Users\Juan Diego\OneDrive - UTN.BA\5to_-_TDIII\FRA\workspace\lpc_chip_175x_6x\Debug\liblpc_chip_175x_6x.a(chip_17xx_40xx.o)
 .debug_aranges
                0x000006e8      0x120 C:\Users\Juan Diego\OneDrive - UTN.BA\5to_-_TDIII\FRA\workspace\lpc_chip_175x_6x\Debug\liblpc_chip_175x_6x.a(clock_17xx_40xx.o)
 .debug_aranges
                0x00000808      0x118 C:\Users\Juan Diego\OneDrive - UTN.BA\5to_-_TDIII\FRA\workspace\lpc_chip_175x_6x\Debug\liblpc_chip_175x_6x.a(i2c_17xx_40xx.o)
 .debug_aranges
                0x00000920       0x30 C:\Users\Juan Diego\OneDrive - UTN.BA\5to_-_TDIII\FRA\workspace\lpc_chip_175x_6x\Debug\liblpc_chip_175x_6x.a(iocon_17xx_40xx.o)
 .debug_aranges
                0x00000950       0x60 C:\Users\Juan Diego\OneDrive - UTN.BA\5to_-_TDIII\FRA\workspace\lpc_chip_175x_6x\Debug\liblpc_chip_175x_6x.a(sysinit_17xx_40xx.o)
 .debug_aranges
                0x000009b0      0x128 C:\Users\Juan Diego\OneDrive - UTN.BA\5to_-_TDIII\FRA\workspace\lpc_chip_175x_6x\Debug\liblpc_chip_175x_6x.a(uart_17xx_40xx.o)

.debug_ranges   0x00000000      0x9b8
 .debug_ranges  0x00000000       0x70 ./sources/src/cr_startup_lpc175x_6x.o
 .debug_ranges  0x00000070       0x48 ./sources/src/lcd1602_i2c.o
 .debug_ranges  0x000000b8       0x70 ./sources/src/main.o
 .debug_ranges  0x00000128       0x10 ./sources/src/sysinit.o
 .debug_ranges  0x00000138       0x30 ./freertos/src/FreeRTOSCommonHooks.o
 .debug_ranges  0x00000168       0x18 ./freertos/src/heap_3.o
 .debug_ranges  0x00000180       0x30 ./freertos/src/list.o
 .debug_ranges  0x000001b0       0x80 ./freertos/src/port.o
 .debug_ranges  0x00000230       0xe0 ./freertos/src/queue.o
 .debug_ranges  0x00000310      0x168 ./freertos/src/tasks.o
 .debug_ranges  0x00000478      0x150 C:\Users\Juan Diego\OneDrive - UTN.BA\5to_-_TDIII\FRA\workspace\lpc_board_nxp_lpcxpresso_1769\Debug\liblpc_board_nxp_lpcxpresso_1769.a(board.o)
 .debug_ranges  0x000005c8       0x28 C:\Users\Juan Diego\OneDrive - UTN.BA\5to_-_TDIII\FRA\workspace\lpc_board_nxp_lpcxpresso_1769\Debug\liblpc_board_nxp_lpcxpresso_1769.a(board_sysinit.o)
 .debug_ranges  0x000005f0       0x28 C:\Users\Juan Diego\OneDrive - UTN.BA\5to_-_TDIII\FRA\workspace\lpc_chip_175x_6x\Debug\liblpc_chip_175x_6x.a(chip_17xx_40xx.o)
 .debug_ranges  0x00000618      0x110 C:\Users\Juan Diego\OneDrive - UTN.BA\5to_-_TDIII\FRA\workspace\lpc_chip_175x_6x\Debug\liblpc_chip_175x_6x.a(clock_17xx_40xx.o)
 .debug_ranges  0x00000728      0x108 C:\Users\Juan Diego\OneDrive - UTN.BA\5to_-_TDIII\FRA\workspace\lpc_chip_175x_6x\Debug\liblpc_chip_175x_6x.a(i2c_17xx_40xx.o)
 .debug_ranges  0x00000830       0x20 C:\Users\Juan Diego\OneDrive - UTN.BA\5to_-_TDIII\FRA\workspace\lpc_chip_175x_6x\Debug\liblpc_chip_175x_6x.a(iocon_17xx_40xx.o)
 .debug_ranges  0x00000850       0x50 C:\Users\Juan Diego\OneDrive - UTN.BA\5to_-_TDIII\FRA\workspace\lpc_chip_175x_6x\Debug\liblpc_chip_175x_6x.a(sysinit_17xx_40xx.o)
 .debug_ranges  0x000008a0      0x118 C:\Users\Juan Diego\OneDrive - UTN.BA\5to_-_TDIII\FRA\workspace\lpc_chip_175x_6x\Debug\liblpc_chip_175x_6x.a(uart_17xx_40xx.o)

.debug_macro    0x00000000     0x6d43
 .debug_macro   0x00000000       0x1d ./sources/src/cr_startup_lpc175x_6x.o
 .debug_macro   0x0000001d      0xa78 ./sources/src/cr_startup_lpc175x_6x.o
 .debug_macro   0x00000a95      0x1db ./sources/src/lcd1602_i2c.o
 .debug_macro   0x00000c70       0x10 ./sources/src/lcd1602_i2c.o
 .debug_macro   0x00000c80       0x10 ./sources/src/lcd1602_i2c.o
 .debug_macro   0x00000c90      0x12e ./sources/src/lcd1602_i2c.o
 .debug_macro   0x00000dbe      0x5b3 ./sources/src/lcd1602_i2c.o
 .debug_macro   0x00001371       0x22 ./sources/src/lcd1602_i2c.o
 .debug_macro   0x00001393       0x7b ./sources/src/lcd1602_i2c.o
 .debug_macro   0x0000140e       0x10 ./sources/src/lcd1602_i2c.o
 .debug_macro   0x0000141e       0x2d ./sources/src/lcd1602_i2c.o
 .debug_macro   0x0000144b       0x3a ./sources/src/lcd1602_i2c.o
 .debug_macro   0x00001485       0x2d ./sources/src/lcd1602_i2c.o
 .debug_macro   0x000014b2      0xbb1 ./sources/src/lcd1602_i2c.o
 .debug_macro   0x00002063      0x22c ./sources/src/lcd1602_i2c.o
 .debug_macro   0x0000228f       0x42 ./sources/src/lcd1602_i2c.o
 .debug_macro   0x000022d1       0x52 ./sources/src/lcd1602_i2c.o
 .debug_macro   0x00002323       0x78 ./sources/src/lcd1602_i2c.o
 .debug_macro   0x0000239b       0x82 ./sources/src/lcd1602_i2c.o
 .debug_macro   0x0000241d      0x48c ./sources/src/lcd1602_i2c.o
 .debug_macro   0x000028a9       0x34 ./sources/src/lcd1602_i2c.o
 .debug_macro   0x000028dd      0x4c5 ./sources/src/lcd1602_i2c.o
 .debug_macro   0x00002da2      0x1b7 ./sources/src/lcd1602_i2c.o
 .debug_macro   0x00002f59       0x10 ./sources/src/lcd1602_i2c.o
 .debug_macro   0x00002f69      0x21b ./sources/src/lcd1602_i2c.o
 .debug_macro   0x00003184      0x1b9 ./sources/src/lcd1602_i2c.o
 .debug_macro   0x0000333d       0x40 ./sources/src/lcd1602_i2c.o
 .debug_macro   0x0000337d       0x22 ./sources/src/lcd1602_i2c.o
 .debug_macro   0x0000339f      0x162 ./sources/src/lcd1602_i2c.o
 .debug_macro   0x00003501       0x94 ./sources/src/lcd1602_i2c.o
 .debug_macro   0x00003595       0xb8 ./sources/src/lcd1602_i2c.o
 .debug_macro   0x0000364d       0x4c ./sources/src/lcd1602_i2c.o
 .debug_macro   0x00003699       0x16 ./sources/src/lcd1602_i2c.o
 .debug_macro   0x000036af      0x328 ./sources/src/lcd1602_i2c.o
 .debug_macro   0x000039d7       0x49 ./sources/src/lcd1602_i2c.o
 .debug_macro   0x00003a20       0x16 ./sources/src/lcd1602_i2c.o
 .debug_macro   0x00003a36       0xca ./sources/src/lcd1602_i2c.o
 .debug_macro   0x00003b00       0x18 ./sources/src/lcd1602_i2c.o
 .debug_macro   0x00003b18       0xa0 ./sources/src/lcd1602_i2c.o
 .debug_macro   0x00003bb8      0x2fd ./sources/src/main.o
 .debug_macro   0x00003eb5       0x70 ./sources/src/main.o
 .debug_macro   0x00003f25       0x9a ./sources/src/main.o
 .debug_macro   0x00003fbf       0x20 ./sources/src/main.o
 .debug_macro   0x00003fdf       0x28 ./sources/src/main.o
 .debug_macro   0x00004007       0x10 ./sources/src/main.o
 .debug_macro   0x00004017       0x46 ./sources/src/main.o
 .debug_macro   0x0000405d       0xf4 ./sources/src/main.o
 .debug_macro   0x00004151       0xab ./sources/src/main.o
 .debug_macro   0x000041fc       0x12 ./sources/src/main.o
 .debug_macro   0x0000420e       0x1f ./sources/src/main.o
 .debug_macro   0x0000422d      0x257 ./sources/src/main.o
 .debug_macro   0x00004484       0x64 ./sources/src/main.o
 .debug_macro   0x000044e8       0x57 ./sources/src/main.o
 .debug_macro   0x0000453f       0xb0 ./sources/src/main.o
 .debug_macro   0x000045ef       0x77 ./sources/src/main.o
 .debug_macro   0x00004666       0xf4 ./sources/src/main.o
 .debug_macro   0x0000475a       0xac ./sources/src/main.o
 .debug_macro   0x00004806       0x1c ./sources/src/main.o
 .debug_macro   0x00004822      0x217 ./sources/src/sysinit.o
 .debug_macro   0x00004a39      0x29c ./freertos/src/FreeRTOSCommonHooks.o
 .debug_macro   0x00004cd5       0x16 ./freertos/src/FreeRTOSCommonHooks.o
 .debug_macro   0x00004ceb       0x74 ./freertos/src/FreeRTOSCommonHooks.o
 .debug_macro   0x00004d5f       0x11 ./freertos/src/FreeRTOSCommonHooks.o
 .debug_macro   0x00004d70       0xee ./freertos/src/FreeRTOSCommonHooks.o
 .debug_macro   0x00004e5e      0x2b2 ./freertos/src/heap_3.o
 .debug_macro   0x00005110       0x28 ./freertos/src/heap_3.o
 .debug_macro   0x00005138      0x297 ./freertos/src/list.o
 .debug_macro   0x000053cf      0x329 ./freertos/src/port.o
 .debug_macro   0x000056f8      0x2fa ./freertos/src/queue.o
 .debug_macro   0x000059f2      0x336 ./freertos/src/tasks.o
 .debug_macro   0x00005d28       0x5b ./freertos/src/tasks.o
 .debug_macro   0x00005d83       0x16 ./freertos/src/tasks.o
 .debug_macro   0x00005d99      0x2a1 C:\Users\Juan Diego\OneDrive - UTN.BA\5to_-_TDIII\FRA\workspace\lpc_board_nxp_lpcxpresso_1769\Debug\liblpc_board_nxp_lpcxpresso_1769.a(board.o)
 .debug_macro   0x0000603a       0x12 C:\Users\Juan Diego\OneDrive - UTN.BA\5to_-_TDIII\FRA\workspace\lpc_board_nxp_lpcxpresso_1769\Debug\liblpc_board_nxp_lpcxpresso_1769.a(board.o)
 .debug_macro   0x0000604c      0x217 C:\Users\Juan Diego\OneDrive - UTN.BA\5to_-_TDIII\FRA\workspace\lpc_board_nxp_lpcxpresso_1769\Debug\liblpc_board_nxp_lpcxpresso_1769.a(board_sysinit.o)
 .debug_macro   0x00006263      0x1cd C:\Users\Juan Diego\OneDrive - UTN.BA\5to_-_TDIII\FRA\workspace\lpc_chip_175x_6x\Debug\liblpc_chip_175x_6x.a(chip_17xx_40xx.o)
 .debug_macro   0x00006430      0x1cd C:\Users\Juan Diego\OneDrive - UTN.BA\5to_-_TDIII\FRA\workspace\lpc_chip_175x_6x\Debug\liblpc_chip_175x_6x.a(clock_17xx_40xx.o)
 .debug_macro   0x000065fd      0x1df C:\Users\Juan Diego\OneDrive - UTN.BA\5to_-_TDIII\FRA\workspace\lpc_chip_175x_6x\Debug\liblpc_chip_175x_6x.a(i2c_17xx_40xx.o)
 .debug_macro   0x000067dc      0x1cd C:\Users\Juan Diego\OneDrive - UTN.BA\5to_-_TDIII\FRA\workspace\lpc_chip_175x_6x\Debug\liblpc_chip_175x_6x.a(iocon_17xx_40xx.o)
 .debug_macro   0x000069a9      0x1cd C:\Users\Juan Diego\OneDrive - UTN.BA\5to_-_TDIII\FRA\workspace\lpc_chip_175x_6x\Debug\liblpc_chip_175x_6x.a(sysinit_17xx_40xx.o)
 .debug_macro   0x00006b76      0x1cd C:\Users\Juan Diego\OneDrive - UTN.BA\5to_-_TDIII\FRA\workspace\lpc_chip_175x_6x\Debug\liblpc_chip_175x_6x.a(uart_17xx_40xx.o)

.debug_line     0x00000000     0x94d6
 .debug_line    0x00000000      0x168 ./sources/src/cr_startup_lpc175x_6x.o
 .debug_line    0x00000168      0x63d ./sources/src/lcd1602_i2c.o
 .debug_line    0x000007a5      0x8e4 ./sources/src/main.o
 .debug_line    0x00001089      0x52c ./sources/src/sysinit.o
 .debug_line    0x000015b5      0x6fd ./freertos/src/FreeRTOSCommonHooks.o
 .debug_line    0x00001cb2      0x69c ./freertos/src/heap_3.o
 .debug_line    0x0000234e      0x763 ./freertos/src/list.o
 .debug_line    0x00002ab1      0x929 ./freertos/src/port.o
 .debug_line    0x000033da      0xda3 ./freertos/src/queue.o
 .debug_line    0x0000417d     0x139b ./freertos/src/tasks.o
 .debug_line    0x00005518      0xac3 C:\Users\Juan Diego\OneDrive - UTN.BA\5to_-_TDIII\FRA\workspace\lpc_board_nxp_lpcxpresso_1769\Debug\liblpc_board_nxp_lpcxpresso_1769.a(board.o)
 .debug_line    0x00005fdb      0x57d C:\Users\Juan Diego\OneDrive - UTN.BA\5to_-_TDIII\FRA\workspace\lpc_board_nxp_lpcxpresso_1769\Debug\liblpc_board_nxp_lpcxpresso_1769.a(board_sysinit.o)
 .debug_line    0x00006558      0x524 C:\Users\Juan Diego\OneDrive - UTN.BA\5to_-_TDIII\FRA\workspace\lpc_chip_175x_6x\Debug\liblpc_chip_175x_6x.a(chip_17xx_40xx.o)
 .debug_line    0x00006a7c      0x98b C:\Users\Juan Diego\OneDrive - UTN.BA\5to_-_TDIII\FRA\workspace\lpc_chip_175x_6x\Debug\liblpc_chip_175x_6x.a(clock_17xx_40xx.o)
 .debug_line    0x00007407      0xb2c C:\Users\Juan Diego\OneDrive - UTN.BA\5to_-_TDIII\FRA\workspace\lpc_chip_175x_6x\Debug\liblpc_chip_175x_6x.a(i2c_17xx_40xx.o)
 .debug_line    0x00007f33      0x540 C:\Users\Juan Diego\OneDrive - UTN.BA\5to_-_TDIII\FRA\workspace\lpc_chip_175x_6x\Debug\liblpc_chip_175x_6x.a(iocon_17xx_40xx.o)
 .debug_line    0x00008473      0x5fd C:\Users\Juan Diego\OneDrive - UTN.BA\5to_-_TDIII\FRA\workspace\lpc_chip_175x_6x\Debug\liblpc_chip_175x_6x.a(sysinit_17xx_40xx.o)
 .debug_line    0x00008a70      0xa66 C:\Users\Juan Diego\OneDrive - UTN.BA\5to_-_TDIII\FRA\workspace\lpc_chip_175x_6x\Debug\liblpc_chip_175x_6x.a(uart_17xx_40xx.o)

.debug_str      0x00000000    0x19a86
 .debug_str     0x00000000     0x2e7c ./sources/src/cr_startup_lpc175x_6x.o
                               0x2eba (size before relaxing)
 .debug_str     0x00002e7c     0xe3af ./sources/src/lcd1602_i2c.o
                              0x1115f (size before relaxing)
 .debug_str     0x0001122b     0x4299 ./sources/src/main.o
                              0x153c0 (size before relaxing)
 .debug_str     0x000154c4       0x23 ./sources/src/sysinit.o
                              0x1119d (size before relaxing)
 .debug_str     0x000154e7       0xe7 ./freertos/src/FreeRTOSCommonHooks.o
                              0x1335c (size before relaxing)
 .debug_str     0x000155ce       0x95 ./freertos/src/heap_3.o
                              0x13367 (size before relaxing)
 .debug_str     0x00015663      0x12e ./freertos/src/list.o
                              0x130ac (size before relaxing)
 .debug_str     0x00015791      0x757 ./freertos/src/port.o
                              0x13bbc (size before relaxing)
 .debug_str     0x00015ee8      0x6b5 ./freertos/src/queue.o
                              0x146bd (size before relaxing)
 .debug_str     0x0001659d     0x14db ./freertos/src/tasks.o
                              0x14b91 (size before relaxing)
 .debug_str     0x00017a78      0xa37 C:\Users\Juan Diego\OneDrive - UTN.BA\5to_-_TDIII\FRA\workspace\lpc_board_nxp_lpcxpresso_1769\Debug\liblpc_board_nxp_lpcxpresso_1769.a(board.o)
                              0x120df (size before relaxing)
 .debug_str     0x000184af      0x22d C:\Users\Juan Diego\OneDrive - UTN.BA\5to_-_TDIII\FRA\workspace\lpc_board_nxp_lpcxpresso_1769\Debug\liblpc_board_nxp_lpcxpresso_1769.a(board_sysinit.o)
                              0x115ae (size before relaxing)
 .debug_str     0x000186dc       0xca C:\Users\Juan Diego\OneDrive - UTN.BA\5to_-_TDIII\FRA\workspace\lpc_chip_175x_6x\Debug\liblpc_chip_175x_6x.a(chip_17xx_40xx.o)
                              0x112a6 (size before relaxing)
 .debug_str     0x000187a6      0x857 C:\Users\Juan Diego\OneDrive - UTN.BA\5to_-_TDIII\FRA\workspace\lpc_chip_175x_6x\Debug\liblpc_chip_175x_6x.a(clock_17xx_40xx.o)
                              0x1192b (size before relaxing)
 .debug_str     0x00018ffd      0x591 C:\Users\Juan Diego\OneDrive - UTN.BA\5to_-_TDIII\FRA\workspace\lpc_chip_175x_6x\Debug\liblpc_chip_175x_6x.a(i2c_17xx_40xx.o)
                              0x11924 (size before relaxing)
 .debug_str     0x0001958e       0x74 C:\Users\Juan Diego\OneDrive - UTN.BA\5to_-_TDIII\FRA\workspace\lpc_chip_175x_6x\Debug\liblpc_chip_175x_6x.a(iocon_17xx_40xx.o)
                              0x10d91 (size before relaxing)
 .debug_str     0x00019602       0xc4 C:\Users\Juan Diego\OneDrive - UTN.BA\5to_-_TDIII\FRA\workspace\lpc_chip_175x_6x\Debug\liblpc_chip_175x_6x.a(sysinit_17xx_40xx.o)
                              0x10f79 (size before relaxing)
 .debug_str     0x000196c6      0x3c0 C:\Users\Juan Diego\OneDrive - UTN.BA\5to_-_TDIII\FRA\workspace\lpc_chip_175x_6x\Debug\liblpc_chip_175x_6x.a(uart_17xx_40xx.o)
                              0x117e9 (size before relaxing)

.comment        0x00000000       0x49
 .comment       0x00000000       0x49 ./sources/src/cr_startup_lpc175x_6x.o
                                 0x4a (size before relaxing)
 .comment       0x00000049       0x4a ./sources/src/lcd1602_i2c.o
 .comment       0x00000049       0x4a ./sources/src/main.o
 .comment       0x00000049       0x4a ./sources/src/sysinit.o
 .comment       0x00000049       0x4a ./freertos/src/FreeRTOSCommonHooks.o
 .comment       0x00000049       0x4a ./freertos/src/heap_3.o
 .comment       0x00000049       0x4a ./freertos/src/list.o
 .comment       0x00000049       0x4a ./freertos/src/port.o
 .comment       0x00000049       0x4a ./freertos/src/queue.o
 .comment       0x00000049       0x4a ./freertos/src/tasks.o
 .comment       0x00000049       0x4a C:\Users\Juan Diego\OneDrive - UTN.BA\5to_-_TDIII\FRA\workspace\lpc_board_nxp_lpcxpresso_1769\Debug\liblpc_board_nxp_lpcxpresso_1769.a(board.o)
 .comment       0x00000049       0x4a C:\Users\Juan Diego\OneDrive - UTN.BA\5to_-_TDIII\FRA\workspace\lpc_board_nxp_lpcxpresso_1769\Debug\liblpc_board_nxp_lpcxpresso_1769.a(board_sysinit.o)
 .comment       0x00000049       0x4a C:\Users\Juan Diego\OneDrive - UTN.BA\5to_-_TDIII\FRA\workspace\lpc_chip_175x_6x\Debug\liblpc_chip_175x_6x.a(chip_17xx_40xx.o)
 .comment       0x00000049       0x4a C:\Users\Juan Diego\OneDrive - UTN.BA\5to_-_TDIII\FRA\workspace\lpc_chip_175x_6x\Debug\liblpc_chip_175x_6x.a(clock_17xx_40xx.o)
 .comment       0x00000049       0x4a C:\Users\Juan Diego\OneDrive - UTN.BA\5to_-_TDIII\FRA\workspace\lpc_chip_175x_6x\Debug\liblpc_chip_175x_6x.a(i2c_17xx_40xx.o)
 .comment       0x00000049       0x4a C:\Users\Juan Diego\OneDrive - UTN.BA\5to_-_TDIII\FRA\workspace\lpc_chip_175x_6x\Debug\liblpc_chip_175x_6x.a(iocon_17xx_40xx.o)
 .comment       0x00000049       0x4a C:\Users\Juan Diego\OneDrive - UTN.BA\5to_-_TDIII\FRA\workspace\lpc_chip_175x_6x\Debug\liblpc_chip_175x_6x.a(sysinit_17xx_40xx.o)
 .comment       0x00000049       0x4a C:\Users\Juan Diego\OneDrive - UTN.BA\5to_-_TDIII\FRA\workspace\lpc_chip_175x_6x\Debug\liblpc_chip_175x_6x.a(uart_17xx_40xx.o)
 .comment       0x00000049       0x4a c:/nxp/mcuxpressoide_11.7.1_9221/ide/plugins/com.nxp.mcuxpresso.tools.win32_11.7.1.202301190959/tools/bin/../lib/gcc/arm-none-eabi/10.3.1/../../../../arm-none-eabi/lib/thumb/v7-m/nofp\libcr_nohost.a(_cr__main.o)
 .comment       0x00000049       0x4a c:/nxp/mcuxpressoide_11.7.1_9221/ide/plugins/com.nxp.mcuxpresso.tools.win32_11.7.1.202301190959/tools/bin/../lib/gcc/arm-none-eabi/10.3.1/../../../../arm-none-eabi/lib/thumb/v7-m/nofp\libcr_c.a(memcpy.o)
 .comment       0x00000049       0x4a c:/nxp/mcuxpressoide_11.7.1_9221/ide/plugins/com.nxp.mcuxpresso.tools.win32_11.7.1.202301190959/tools/bin/../lib/gcc/arm-none-eabi/10.3.1/../../../../arm-none-eabi/lib/thumb/v7-m/nofp\libcr_c.a(memset.o)
 .comment       0x00000049       0x4a c:/nxp/mcuxpressoide_11.7.1_9221/ide/plugins/com.nxp.mcuxpresso.tools.win32_11.7.1.202301190959/tools/bin/../lib/gcc/arm-none-eabi/10.3.1/../../../../arm-none-eabi/lib/thumb/v7-m/nofp\libcr_c.a(alloc.o)
 .comment       0x00000049       0x4a c:/nxp/mcuxpressoide_11.7.1_9221/ide/plugins/com.nxp.mcuxpresso.tools.win32_11.7.1.202301190959/tools/bin/../lib/gcc/arm-none-eabi/10.3.1/../../../../arm-none-eabi/lib/thumb/v7-m/nofp\libcr_c.a(initio.o)
 .comment       0x00000049       0x4a c:/nxp/mcuxpressoide_11.7.1_9221/ide/plugins/com.nxp.mcuxpresso.tools.win32_11.7.1.202301190959/tools/bin/../lib/gcc/arm-none-eabi/10.3.1/../../../../arm-none-eabi/lib/thumb/v7-m/nofp\libcr_c.a(itoa.o)
 .comment       0x00000049       0x4a c:/nxp/mcuxpressoide_11.7.1_9221/ide/plugins/com.nxp.mcuxpresso.tools.win32_11.7.1.202301190959/tools/bin/../lib/gcc/arm-none-eabi/10.3.1/../../../../arm-none-eabi/lib/thumb/v7-m/nofp\libcr_c.a(setvbuf.o)
 .comment       0x00000049       0x4a c:/nxp/mcuxpressoide_11.7.1_9221/ide/plugins/com.nxp.mcuxpresso.tools.win32_11.7.1.202301190959/tools/bin/../lib/gcc/arm-none-eabi/10.3.1/../../../../arm-none-eabi/lib/thumb/v7-m/nofp\libcr_c.a(strlen.o)
 .comment       0x00000049       0x4a c:/nxp/mcuxpressoide_11.7.1_9221/ide/plugins/com.nxp.mcuxpresso.tools.win32_11.7.1.202301190959/tools/bin/../lib/gcc/arm-none-eabi/10.3.1/../../../../arm-none-eabi/lib/thumb/v7-m/nofp\libcr_c.a(__init_alloc.o)
 .comment       0x00000049       0x4a c:/nxp/mcuxpressoide_11.7.1_9221/ide/plugins/com.nxp.mcuxpresso.tools.win32_11.7.1.202301190959/tools/bin/../lib/gcc/arm-none-eabi/10.3.1/../../../../arm-none-eabi/lib/thumb/v7-m/nofp\libcr_c.a(_cr_sbrk.o)
 .comment       0x00000049       0x4a c:/nxp/mcuxpressoide_11.7.1_9221/ide/plugins/com.nxp.mcuxpresso.tools.win32_11.7.1.202301190959/tools/bin/../lib/gcc/arm-none-eabi/10.3.1/../../../../arm-none-eabi/lib/thumb/v7-m/nofp\libcr_c.a(_deferredlazyseek.o)
 .comment       0x00000049       0x4a c:/nxp/mcuxpressoide_11.7.1_9221/ide/plugins/com.nxp.mcuxpresso.tools.win32_11.7.1.202301190959/tools/bin/../lib/gcc/arm-none-eabi/10.3.1/../../../../arm-none-eabi/lib/thumb/v7-m/nofp\libcr_c.a(_fdopen.o)
 .comment       0x00000049       0x4a c:/nxp/mcuxpressoide_11.7.1_9221/ide/plugins/com.nxp.mcuxpresso.tools.win32_11.7.1.202301190959/tools/bin/../lib/gcc/arm-none-eabi/10.3.1/../../../../arm-none-eabi/lib/thumb/v7-m/nofp\libcr_c.a(_fflush.o)
 .comment       0x00000049       0x4a c:/nxp/mcuxpressoide_11.7.1_9221/ide/plugins/com.nxp.mcuxpresso.tools.win32_11.7.1.202301190959/tools/bin/../lib/gcc/arm-none-eabi/10.3.1/../../../../arm-none-eabi/lib/thumb/v7-m/nofp\libcr_c.a(_writebuf.o)
 .comment       0x00000049       0x4a c:/nxp/mcuxpressoide_11.7.1_9221/ide/plugins/com.nxp.mcuxpresso.tools.win32_11.7.1.202301190959/tools/bin/../lib/gcc/arm-none-eabi/10.3.1/../../../../arm-none-eabi/lib/thumb/v7-m/nofp\libcr_c.a(errno.o)
 .comment       0x00000049       0x4a c:/nxp/mcuxpressoide_11.7.1_9221/ide/plugins/com.nxp.mcuxpresso.tools.win32_11.7.1.202301190959/tools/bin/../lib/gcc/arm-none-eabi/10.3.1/../../../../arm-none-eabi/lib/thumb/v7-m/nofp\libcr_c.a(fclose.o)
 .comment       0x00000049       0x4a c:/nxp/mcuxpressoide_11.7.1_9221/ide/plugins/com.nxp.mcuxpresso.tools.win32_11.7.1.202301190959/tools/bin/../lib/gcc/arm-none-eabi/10.3.1/../../../../arm-none-eabi/lib/thumb/v7-m/nofp\libcr_c.a(fflush.o)
 .comment       0x00000049       0x4a c:/nxp/mcuxpressoide_11.7.1_9221/ide/plugins/com.nxp.mcuxpresso.tools.win32_11.7.1.202301190959/tools/bin/../lib/gcc/arm-none-eabi/10.3.1/../../../../arm-none-eabi/lib/thumb/v7-m/nofp\libcr_c.a(fseek.o)
 .comment       0x00000049       0x4a c:/nxp/mcuxpressoide_11.7.1_9221/ide/plugins/com.nxp.mcuxpresso.tools.win32_11.7.1.202301190959/tools/bin/../lib/gcc/arm-none-eabi/10.3.1/../../../../arm-none-eabi/lib/thumb/v7-m/nofp\libcr_c.a(ftell.o)
 .comment       0x00000049       0x4a c:/nxp/mcuxpressoide_11.7.1_9221/ide/plugins/com.nxp.mcuxpresso.tools.win32_11.7.1.202301190959/tools/bin/../lib/gcc/arm-none-eabi/10.3.1/../../../../arm-none-eabi/lib/thumb/v7-m/nofp\libcr_c.a(remove.o)
 .comment       0x00000049       0x4a c:/nxp/mcuxpressoide_11.7.1_9221/ide/plugins/com.nxp.mcuxpresso.tools.win32_11.7.1.202301190959/tools/bin/../lib/gcc/arm-none-eabi/10.3.1/../../../../arm-none-eabi/lib/thumb/v7-m/nofp\libcr_c.a(_cr_check_heap.o)
 .comment       0x00000049       0x4a c:/nxp/mcuxpressoide_11.7.1_9221/ide/plugins/com.nxp.mcuxpresso.tools.win32_11.7.1.202301190959/tools/bin/../lib/gcc/arm-none-eabi/10.3.1/../../../../arm-none-eabi/lib/thumb/v7-m/nofp\libcr_c.a(_do_fflush.o)
 .comment       0x00000049       0x4a c:/nxp/mcuxpressoide_11.7.1_9221/ide/plugins/com.nxp.mcuxpresso.tools.win32_11.7.1.202301190959/tools/bin/../lib/gcc/arm-none-eabi/10.3.1/../../../../arm-none-eabi/lib/thumb/v7-m/nofp\libcr_nohost.a(__ciob.o)
 .comment       0x00000049       0x4a c:/nxp/mcuxpressoide_11.7.1_9221/ide/plugins/com.nxp.mcuxpresso.tools.win32_11.7.1.202301190959/tools/bin/../lib/gcc/arm-none-eabi/10.3.1/../../../../arm-none-eabi/lib/thumb/v7-m/nofp\libcr_nohost.a(__sys_close.o)
 .comment       0x00000049       0x4a c:/nxp/mcuxpressoide_11.7.1_9221/ide/plugins/com.nxp.mcuxpresso.tools.win32_11.7.1.202301190959/tools/bin/../lib/gcc/arm-none-eabi/10.3.1/../../../../arm-none-eabi/lib/thumb/v7-m/nofp\libcr_nohost.a(__sys_flen.o)
 .comment       0x00000049       0x4a c:/nxp/mcuxpressoide_11.7.1_9221/ide/plugins/com.nxp.mcuxpresso.tools.win32_11.7.1.202301190959/tools/bin/../lib/gcc/arm-none-eabi/10.3.1/../../../../arm-none-eabi/lib/thumb/v7-m/nofp\libcr_nohost.a(__sys_istty.o)
 .comment       0x00000049       0x4a c:/nxp/mcuxpressoide_11.7.1_9221/ide/plugins/com.nxp.mcuxpresso.tools.win32_11.7.1.202301190959/tools/bin/../lib/gcc/arm-none-eabi/10.3.1/../../../../arm-none-eabi/lib/thumb/v7-m/nofp\libcr_nohost.a(__sys_remove.o)
 .comment       0x00000049       0x4a c:/nxp/mcuxpressoide_11.7.1_9221/ide/plugins/com.nxp.mcuxpresso.tools.win32_11.7.1.202301190959/tools/bin/../lib/gcc/arm-none-eabi/10.3.1/../../../../arm-none-eabi/lib/thumb/v7-m/nofp\libcr_nohost.a(__sys_seek.o)
 .comment       0x00000049       0x4a c:/nxp/mcuxpressoide_11.7.1_9221/ide/plugins/com.nxp.mcuxpresso.tools.win32_11.7.1.202301190959/tools/bin/../lib/gcc/arm-none-eabi/10.3.1/../../../../arm-none-eabi/lib/thumb/v7-m/nofp\libcr_nohost.a(__sys_tmpnam.o)

.ARM.attributes
                0x00000000       0x2b
 .ARM.attributes
                0x00000000       0x2d ./sources/src/cr_startup_lpc175x_6x.o
 .ARM.attributes
                0x0000002d       0x2d ./sources/src/lcd1602_i2c.o
 .ARM.attributes
                0x0000005a       0x2d ./sources/src/main.o
 .ARM.attributes
                0x00000087       0x2d ./sources/src/sysinit.o
 .ARM.attributes
                0x000000b4       0x2d ./freertos/src/FreeRTOSCommonHooks.o
 .ARM.attributes
                0x000000e1       0x2d ./freertos/src/heap_3.o
 .ARM.attributes
                0x0000010e       0x2d ./freertos/src/list.o
 .ARM.attributes
                0x0000013b       0x2d ./freertos/src/port.o
 .ARM.attributes
                0x00000168       0x2d ./freertos/src/queue.o
 .ARM.attributes
                0x00000195       0x2d ./freertos/src/tasks.o
 .ARM.attributes
                0x000001c2       0x2d C:\Users\Juan Diego\OneDrive - UTN.BA\5to_-_TDIII\FRA\workspace\lpc_board_nxp_lpcxpresso_1769\Debug\liblpc_board_nxp_lpcxpresso_1769.a(board.o)
 .ARM.attributes
                0x000001ef       0x2d C:\Users\Juan Diego\OneDrive - UTN.BA\5to_-_TDIII\FRA\workspace\lpc_board_nxp_lpcxpresso_1769\Debug\liblpc_board_nxp_lpcxpresso_1769.a(board_sysinit.o)
 .ARM.attributes
                0x0000021c       0x2d C:\Users\Juan Diego\OneDrive - UTN.BA\5to_-_TDIII\FRA\workspace\lpc_chip_175x_6x\Debug\liblpc_chip_175x_6x.a(chip_17xx_40xx.o)
 .ARM.attributes
                0x00000249       0x2d C:\Users\Juan Diego\OneDrive - UTN.BA\5to_-_TDIII\FRA\workspace\lpc_chip_175x_6x\Debug\liblpc_chip_175x_6x.a(clock_17xx_40xx.o)
 .ARM.attributes
                0x00000276       0x2d C:\Users\Juan Diego\OneDrive - UTN.BA\5to_-_TDIII\FRA\workspace\lpc_chip_175x_6x\Debug\liblpc_chip_175x_6x.a(i2c_17xx_40xx.o)
 .ARM.attributes
                0x000002a3       0x2d C:\Users\Juan Diego\OneDrive - UTN.BA\5to_-_TDIII\FRA\workspace\lpc_chip_175x_6x\Debug\liblpc_chip_175x_6x.a(iocon_17xx_40xx.o)
 .ARM.attributes
                0x000002d0       0x2d C:\Users\Juan Diego\OneDrive - UTN.BA\5to_-_TDIII\FRA\workspace\lpc_chip_175x_6x\Debug\liblpc_chip_175x_6x.a(sysinit_17xx_40xx.o)
 .ARM.attributes
                0x000002fd       0x2d C:\Users\Juan Diego\OneDrive - UTN.BA\5to_-_TDIII\FRA\workspace\lpc_chip_175x_6x\Debug\liblpc_chip_175x_6x.a(uart_17xx_40xx.o)
 .ARM.attributes
                0x0000032a       0x2d c:/nxp/mcuxpressoide_11.7.1_9221/ide/plugins/com.nxp.mcuxpresso.tools.win32_11.7.1.202301190959/tools/bin/../lib/gcc/arm-none-eabi/10.3.1/../../../../arm-none-eabi/lib/thumb/v7-m/nofp\libcr_nohost.a(_cr__main.o)
 .ARM.attributes
                0x00000357       0x2d c:/nxp/mcuxpressoide_11.7.1_9221/ide/plugins/com.nxp.mcuxpresso.tools.win32_11.7.1.202301190959/tools/bin/../lib/gcc/arm-none-eabi/10.3.1/../../../../arm-none-eabi/lib/thumb/v7-m/nofp\libcr_c.a(memcpy.o)
 .ARM.attributes
                0x00000384       0x2d c:/nxp/mcuxpressoide_11.7.1_9221/ide/plugins/com.nxp.mcuxpresso.tools.win32_11.7.1.202301190959/tools/bin/../lib/gcc/arm-none-eabi/10.3.1/../../../../arm-none-eabi/lib/thumb/v7-m/nofp\libcr_c.a(memset.o)
 .ARM.attributes
                0x000003b1       0x2d c:/nxp/mcuxpressoide_11.7.1_9221/ide/plugins/com.nxp.mcuxpresso.tools.win32_11.7.1.202301190959/tools/bin/../lib/gcc/arm-none-eabi/10.3.1/../../../../arm-none-eabi/lib/thumb/v7-m/nofp\libcr_c.a(alloc.o)
 .ARM.attributes
                0x000003de       0x2d c:/nxp/mcuxpressoide_11.7.1_9221/ide/plugins/com.nxp.mcuxpresso.tools.win32_11.7.1.202301190959/tools/bin/../lib/gcc/arm-none-eabi/10.3.1/../../../../arm-none-eabi/lib/thumb/v7-m/nofp\libcr_c.a(initio.o)
 .ARM.attributes
                0x0000040b       0x2d c:/nxp/mcuxpressoide_11.7.1_9221/ide/plugins/com.nxp.mcuxpresso.tools.win32_11.7.1.202301190959/tools/bin/../lib/gcc/arm-none-eabi/10.3.1/../../../../arm-none-eabi/lib/thumb/v7-m/nofp\libcr_c.a(itoa.o)
 .ARM.attributes
                0x00000438       0x2d c:/nxp/mcuxpressoide_11.7.1_9221/ide/plugins/com.nxp.mcuxpresso.tools.win32_11.7.1.202301190959/tools/bin/../lib/gcc/arm-none-eabi/10.3.1/../../../../arm-none-eabi/lib/thumb/v7-m/nofp\libcr_c.a(setvbuf.o)
 .ARM.attributes
                0x00000465       0x2d c:/nxp/mcuxpressoide_11.7.1_9221/ide/plugins/com.nxp.mcuxpresso.tools.win32_11.7.1.202301190959/tools/bin/../lib/gcc/arm-none-eabi/10.3.1/../../../../arm-none-eabi/lib/thumb/v7-m/nofp\libcr_c.a(strlen.o)
 .ARM.attributes
                0x00000492       0x2d c:/nxp/mcuxpressoide_11.7.1_9221/ide/plugins/com.nxp.mcuxpresso.tools.win32_11.7.1.202301190959/tools/bin/../lib/gcc/arm-none-eabi/10.3.1/../../../../arm-none-eabi/lib/thumb/v7-m/nofp\libcr_c.a(__init_alloc.o)
 .ARM.attributes
                0x000004bf       0x2d c:/nxp/mcuxpressoide_11.7.1_9221/ide/plugins/com.nxp.mcuxpresso.tools.win32_11.7.1.202301190959/tools/bin/../lib/gcc/arm-none-eabi/10.3.1/../../../../arm-none-eabi/lib/thumb/v7-m/nofp\libcr_c.a(_cr_sbrk.o)
 .ARM.attributes
                0x000004ec       0x2d c:/nxp/mcuxpressoide_11.7.1_9221/ide/plugins/com.nxp.mcuxpresso.tools.win32_11.7.1.202301190959/tools/bin/../lib/gcc/arm-none-eabi/10.3.1/../../../../arm-none-eabi/lib/thumb/v7-m/nofp\libcr_c.a(_deferredlazyseek.o)
 .ARM.attributes
                0x00000519       0x2d c:/nxp/mcuxpressoide_11.7.1_9221/ide/plugins/com.nxp.mcuxpresso.tools.win32_11.7.1.202301190959/tools/bin/../lib/gcc/arm-none-eabi/10.3.1/../../../../arm-none-eabi/lib/thumb/v7-m/nofp\libcr_c.a(_fdopen.o)
 .ARM.attributes
                0x00000546       0x2d c:/nxp/mcuxpressoide_11.7.1_9221/ide/plugins/com.nxp.mcuxpresso.tools.win32_11.7.1.202301190959/tools/bin/../lib/gcc/arm-none-eabi/10.3.1/../../../../arm-none-eabi/lib/thumb/v7-m/nofp\libcr_c.a(_fflush.o)
 .ARM.attributes
                0x00000573       0x2d c:/nxp/mcuxpressoide_11.7.1_9221/ide/plugins/com.nxp.mcuxpresso.tools.win32_11.7.1.202301190959/tools/bin/../lib/gcc/arm-none-eabi/10.3.1/../../../../arm-none-eabi/lib/thumb/v7-m/nofp\libcr_c.a(_writebuf.o)
 .ARM.attributes
                0x000005a0       0x2d c:/nxp/mcuxpressoide_11.7.1_9221/ide/plugins/com.nxp.mcuxpresso.tools.win32_11.7.1.202301190959/tools/bin/../lib/gcc/arm-none-eabi/10.3.1/../../../../arm-none-eabi/lib/thumb/v7-m/nofp\libcr_c.a(errno.o)
 .ARM.attributes
                0x000005cd       0x2d c:/nxp/mcuxpressoide_11.7.1_9221/ide/plugins/com.nxp.mcuxpresso.tools.win32_11.7.1.202301190959/tools/bin/../lib/gcc/arm-none-eabi/10.3.1/../../../../arm-none-eabi/lib/thumb/v7-m/nofp\libcr_c.a(fclose.o)
 .ARM.attributes
                0x000005fa       0x2d c:/nxp/mcuxpressoide_11.7.1_9221/ide/plugins/com.nxp.mcuxpresso.tools.win32_11.7.1.202301190959/tools/bin/../lib/gcc/arm-none-eabi/10.3.1/../../../../arm-none-eabi/lib/thumb/v7-m/nofp\libcr_c.a(fflush.o)
 .ARM.attributes
                0x00000627       0x2d c:/nxp/mcuxpressoide_11.7.1_9221/ide/plugins/com.nxp.mcuxpresso.tools.win32_11.7.1.202301190959/tools/bin/../lib/gcc/arm-none-eabi/10.3.1/../../../../arm-none-eabi/lib/thumb/v7-m/nofp\libcr_c.a(fseek.o)
 .ARM.attributes
                0x00000654       0x2d c:/nxp/mcuxpressoide_11.7.1_9221/ide/plugins/com.nxp.mcuxpresso.tools.win32_11.7.1.202301190959/tools/bin/../lib/gcc/arm-none-eabi/10.3.1/../../../../arm-none-eabi/lib/thumb/v7-m/nofp\libcr_c.a(ftell.o)
 .ARM.attributes
                0x00000681       0x2d c:/nxp/mcuxpressoide_11.7.1_9221/ide/plugins/com.nxp.mcuxpresso.tools.win32_11.7.1.202301190959/tools/bin/../lib/gcc/arm-none-eabi/10.3.1/../../../../arm-none-eabi/lib/thumb/v7-m/nofp\libcr_c.a(remove.o)
 .ARM.attributes