Archive member included to satisfy reference by file (symbol)

C:\Users\Juan Diego\Documents\MCUXpressoIDE_11.3.0_5222\workspace\lpc_board_nxp_lpcxpresso_1769\Debug\liblpc_board_nxp_lpcxpresso_1769.a(board.o)
                              ./freertos/src/FreeRTOSCommonHooks.o (Board_UARTPutSTR)
C:\Users\Juan Diego\Documents\MCUXpressoIDE_11.3.0_5222\workspace\lpc_board_nxp_lpcxpresso_1769\Debug\liblpc_board_nxp_lpcxpresso_1769.a(board_sysinit.o)
                              ./sources/src/sysinit.o (Board_SystemInit)
C:\Users\Juan Diego\Documents\MCUXpressoIDE_11.3.0_5222\workspace\lpc_chip_175x_6x\Debug\liblpc_chip_175x_6x.a(adc_17xx_40xx.o)
                              ./sources/src/main.o (Chip_ADC_Init)
C:\Users\Juan Diego\Documents\MCUXpressoIDE_11.3.0_5222\workspace\lpc_chip_175x_6x\Debug\liblpc_chip_175x_6x.a(chip_17xx_40xx.o)
                              ./freertos/src/port.o (SystemCoreClock)
C:\Users\Juan Diego\Documents\MCUXpressoIDE_11.3.0_5222\workspace\lpc_chip_175x_6x\Debug\liblpc_chip_175x_6x.a(clock_17xx_40xx.o)
                              C:\Users\Juan Diego\Documents\MCUXpressoIDE_11.3.0_5222\workspace\lpc_chip_175x_6x\Debug\liblpc_chip_175x_6x.a(chip_17xx_40xx.o) (Chip_Clock_EnablePLL)
C:\Users\Juan Diego\Documents\MCUXpressoIDE_11.3.0_5222\workspace\lpc_chip_175x_6x\Debug\liblpc_chip_175x_6x.a(i2c_17xx_40xx.o)
                              ./sources/src/main.o (Chip_I2C_EventHandlerPolling)
C:\Users\Juan Diego\Documents\MCUXpressoIDE_11.3.0_5222\workspace\lpc_chip_175x_6x\Debug\liblpc_chip_175x_6x.a(i2s_17xx_40xx.o)
                              C:\Users\Juan Diego\Documents\MCUXpressoIDE_11.3.0_5222\workspace\lpc_board_nxp_lpcxpresso_1769\Debug\liblpc_board_nxp_lpcxpresso_1769.a(board.o) (Chip_I2S_Init)
C:\Users\Juan Diego\Documents\MCUXpressoIDE_11.3.0_5222\workspace\lpc_chip_175x_6x\Debug\liblpc_chip_175x_6x.a(iocon_17xx_40xx.o)
                              ./sources/src/main.o (Chip_IOCON_PinMuxSet)
C:\Users\Juan Diego\Documents\MCUXpressoIDE_11.3.0_5222\workspace\lpc_chip_175x_6x\Debug\liblpc_chip_175x_6x.a(sysinit_17xx_40xx.o)
                              C:\Users\Juan Diego\Documents\MCUXpressoIDE_11.3.0_5222\workspace\lpc_board_nxp_lpcxpresso_1769\Debug\liblpc_board_nxp_lpcxpresso_1769.a(board_sysinit.o) (Chip_SetupXtalClocking)
C:\Users\Juan Diego\Documents\MCUXpressoIDE_11.3.0_5222\workspace\lpc_chip_175x_6x\Debug\liblpc_chip_175x_6x.a(timer_17xx_40xx.o)
                              ./sources/src/main.o (Chip_TIMER_Init)
C:\Users\Juan Diego\Documents\MCUXpressoIDE_11.3.0_5222\workspace\lpc_chip_175x_6x\Debug\liblpc_chip_175x_6x.a(uart_17xx_40xx.o)
                              C:\Users\Juan Diego\Documents\MCUXpressoIDE_11.3.0_5222\workspace\lpc_board_nxp_lpcxpresso_1769\Debug\liblpc_board_nxp_lpcxpresso_1769.a(board.o) (Chip_UART_Init)
C:\Users\Juan Diego\Documents\MCUXpressoIDE_11.3.0_5222\workspace\lpc_chip_175x_6x\Debug\liblpc_chip_175x_6x.a(ring_buffer.o)
                              C:\Users\Juan Diego\Documents\MCUXpressoIDE_11.3.0_5222\workspace\lpc_chip_175x_6x\Debug\liblpc_chip_175x_6x.a(uart_17xx_40xx.o) (RingBuffer_Insert)
c:/nxp/mcuxpressoide_11.3.0_5222/ide/plugins/com.nxp.mcuxpresso.tools.win32_11.3.0.202008311133/tools/bin/../lib/gcc/arm-none-eabi/9.3.1/../../../../arm-none-eabi/lib/thumb/v7-m/nofp\libcr_nohost.a(_cr__main.o)
                              ./sources/src/cr_startup_lpc175x_6x.o (__main)
c:/nxp/mcuxpressoide_11.3.0_5222/ide/plugins/com.nxp.mcuxpresso.tools.win32_11.3.0.202008311133/tools/bin/../lib/gcc/arm-none-eabi/9.3.1/../../../../arm-none-eabi/lib/thumb/v7-m/nofp\libcr_c.a(memcpy.o)
                              ./freertos/src/queue.o (memcpy)
c:/nxp/mcuxpressoide_11.3.0_5222/ide/plugins/com.nxp.mcuxpresso.tools.win32_11.3.0.202008311133/tools/bin/../lib/gcc/arm-none-eabi/9.3.1/../../../../arm-none-eabi/lib/thumb/v7-m/nofp\libcr_c.a(memset.o)
                              ./sources/src/main.o (memset)
c:/nxp/mcuxpressoide_11.3.0_5222/ide/plugins/com.nxp.mcuxpresso.tools.win32_11.3.0.202008311133/tools/bin/../lib/gcc/arm-none-eabi/9.3.1/../../../../arm-none-eabi/lib/thumb/v7-m/nofp\libcr_c.a(alloc.o)
                              ./freertos/src/heap_3.o (malloc)
c:/nxp/mcuxpressoide_11.3.0_5222/ide/plugins/com.nxp.mcuxpresso.tools.win32_11.3.0.202008311133/tools/bin/../lib/gcc/arm-none-eabi/9.3.1/../../../../arm-none-eabi/lib/thumb/v7-m/nofp\libcr_c.a(fpprintf.o)
                              ./sources/src/main.o (sprintf)
c:/nxp/mcuxpressoide_11.3.0_5222/ide/plugins/com.nxp.mcuxpresso.tools.win32_11.3.0.202008311133/tools/bin/../lib/gcc/arm-none-eabi/9.3.1/../../../../arm-none-eabi/lib/thumb/v7-m/nofp\libcr_c.a(initio.o)
                              c:/nxp/mcuxpressoide_11.3.0_5222/ide/plugins/com.nxp.mcuxpresso.tools.win32_11.3.0.202008311133/tools/bin/../lib/gcc/arm-none-eabi/9.3.1/../../../../arm-none-eabi/lib/thumb/v7-m/nofp\libcr_nohost.a(_cr__main.o) (_initio)
[...]
Memory Configuration

Name             Origin             Length             Attributes
MFlash512        0x00000000         0x00080000         xr
RamLoc32         0x10000000         0x00008000         xrw
RamAHB32         0x2007c000         0x00008000         xrw
*default*        0x00000000         0xffffffff

Linker script and memory map

LOAD ./sources/src/cr_startup_lpc175x_6x.o
LOAD ./sources/src/lcd1602_i2c.o
LOAD ./sources/src/main.o
LOAD ./sources/src/sysinit.o
LOAD ./freertos/src/FreeRTOSCommonHooks.o
LOAD ./freertos/src/croutine.o
LOAD ./freertos/src/event_groups.o
LOAD ./freertos/src/heap_3.o
LOAD ./freertos/src/list.o
LOAD ./freertos/src/port.o
LOAD ./freertos/src/queue.o
LOAD ./freertos/src/stream_buffer.o
LOAD ./freertos/src/tasks.o
LOAD ./freertos/src/timers.o
LOAD C:\Users\Juan Diego\Documents\MCUXpressoIDE_11.3.0_5222\workspace\lpc_board_nxp_lpcxpresso_1769\Debug\liblpc_board_nxp_lpcxpresso_1769.a
LOAD C:\Users\Juan Diego\Documents\MCUXpressoIDE_11.3.0_5222\workspace\lpc_chip_175x_6x\Debug\liblpc_chip_175x_6x.a
START GROUP
LOAD c:/nxp/mcuxpressoide_11.3.0_5222/ide/plugins/com.nxp.mcuxpresso.tools.win32_11.3.0.202008311133/tools/bin/../lib/gcc/arm-none-eabi/9.3.1/../../../../arm-none-eabi/lib/thumb/v7-m/nofp\libcr_nohost.a
LOAD c:/nxp/mcuxpressoide_11.3.0_5222/ide/plugins/com.nxp.mcuxpresso.tools.win32_11.3.0.202008311133/tools/bin/../lib/gcc/arm-none-eabi/9.3.1/../../../../arm-none-eabi/lib/thumb/v7-m/nofp\libcr_c.a
LOAD c:/nxp/mcuxpressoide_11.3.0_5222/ide/plugins/com.nxp.mcuxpresso.tools.win32_11.3.0.202008311133/tools/bin/../lib/gcc/arm-none-eabi/9.3.1/thumb/v7-m/nofp\libcr_eabihelpers.a
LOAD c:/nxp/mcuxpressoide_11.3.0_5222/ide/plugins/com.nxp.mcuxpresso.tools.win32_11.3.0.202008311133/tools/bin/../lib/gcc/arm-none-eabi/9.3.1/thumb/v7-m/nofp\libgcc.a
END GROUP
                0x00000000                __base_MFlash512 = 0x0
                0x00000000                __base_Flash = 0x0
                0x00080000                __top_MFlash512 = 0x80000
                0x00080000                __top_Flash = 0x80000
                0x10000000                __base_RamLoc32 = 0x10000000
                0x10000000                __base_RAM = 0x10000000
                0x10008000                __top_RamLoc32 = 0x10008000
                0x10008000                __top_RAM = 0x10008000
                0x2007c000                __base_RamAHB32 = 0x2007c000
                0x2007c000                __base_RAM2 = 0x2007c000
                0x20084000                __top_RamAHB32 = 0x20084000
                0x20084000                __top_RAM2 = 0x20084000

.text           0x00000000     0x73ac
 FILL mask 0xff
                0x00000000                __vectors_start__ = ABSOLUTE (.)
 *(.isr_vector)
 .isr_vector    0x00000000       0xcc ./sources/src/cr_startup_lpc175x_6x.o
                0x00000000                g_pfnVectors
                0x000000cc                . = ALIGN (0x4)
                0x000000cc                __section_table_start = .
                0x000000cc                __data_section_table = .
                0x000000cc        0x4 LONG 0x73ac LOADADDR (.data)
                0x000000d0        0x4 LONG 0x10000000 ADDR (.data)
                0x000000d4        0x4 LONG 0x5c SIZEOF (.data)
                0x000000d8        0x4 LONG 0x73ac LOADADDR (.data_RAM2)
                0x000000dc        0x4 LONG 0x2007c000 ADDR (.data_RAM2)
                0x000000e0        0x4 LONG 0x0 SIZEOF (.data_RAM2)
                0x000000e4                __data_section_table_end = .
                0x000000e4                __bss_section_table = .
                0x000000e4        0x4 LONG 0x1000005c ADDR (.bss)
                0x000000e8        0x4 LONG 0x428 SIZEOF (.bss)
                0x000000ec        0x4 LONG 0x2007c000 ADDR (.bss_RAM2)
                0x000000f0        0x4 LONG 0x0 SIZEOF (.bss_RAM2)
                0x000000f4                __bss_section_table_end = .
                0x000000f4                __section_table_end = .
 *(.after_vectors*)
 .after_vectors
                0x000000f4      0x130 ./sources/src/cr_startup_lpc175x_6x.o
                0x000000f4                data_init
                0x00000138                bss_init
                0x00000170                ResetISR
                0x000001e8                NMI_Handler
                0x000001ee                HardFault_Handler
                0x000001f4                MemManage_Handler
                0x000001fa                BusFault_Handler
                0x00000200                UsageFault_Handler
                0x0000020c                DebugMon_Handler
                0x0000021e                UART1_IRQHandler
                0x0000021e                CANActivity_IRQHandler
                0x0000021e                UART0_IRQHandler
                0x0000021e                USBActivity_IRQHandler
                0x0000021e                EINT2_IRQHandler
                0x0000021e                I2C1_IRQHandler
                0x0000021e                IntDefaultHandler
                0x0000021e                PLL0_IRQHandler
                0x0000021e                CAN_IRQHandler
                0x0000021e                PLL1_IRQHandler
                0x0000021e                I2C0_IRQHandler
                0x0000021e                I2S_IRQHandler
                0x0000021e                I2C2_IRQHandler
                0x0000021e                RTC_IRQHandler
                0x0000021e                TIMER0_IRQHandler
                0x0000021e                SPI_IRQHandler
                0x0000021e                RIT_IRQHandler
                0x0000021e                EINT1_IRQHandler
                0x0000021e                TIMER1_IRQHandler
                0x0000021e                UART2_IRQHandler
                0x0000021e                ADC_IRQHandler
                0x0000021e                SSP1_IRQHandler
                0x0000021e                USB_IRQHandler
                0x0000021e                BOD_IRQHandler
                0x0000021e                PWM1_IRQHandler
                0x0000021e                WDT_IRQHandler
                0x0000021e                QEI_IRQHandler
                0x0000021e                EINT0_IRQHandler
                0x0000021e                ETH_IRQHandler
                0x0000021e                SSP0_IRQHandler
                0x0000021e                DMA_IRQHandler
                0x0000021e                TIMER2_IRQHandler
                0x0000021e                UART3_IRQHandler
                0x0000021e                MCPWM_IRQHandler
 *(.text*)
 .text.lcd_char
                0x00000224       0x1c ./sources/src/lcd1602_i2c.o
 .text.i2c_write_byte
                0x00000240       0x24 ./sources/src/lcd1602_i2c.o
                0x00000240                i2c_write_byte
 .text.lcd_toggle_enable
                0x00000264       0x78 ./sources/src/lcd1602_i2c.o
                0x00000264                lcd_toggle_enable
 .text.lcd_send_byte
                0x000002dc       0x64 ./sources/src/lcd1602_i2c.o
                0x000002dc                lcd_send_byte
 .text.lcd_clear
                0x00000340       0x10 ./sources/src/lcd1602_i2c.o
                0x00000340                lcd_clear
 .text.lcd_set_cursor
                0x00000350       0x30 ./sources/src/lcd1602_i2c.o
                0x00000350                lcd_set_cursor
 .text.lcd_string
                0x00000380       0x2a ./sources/src/lcd1602_i2c.o
                0x00000380                lcd_string
 *fill*         0x000003aa        0x2 ff
 .text.lcd_init
                0x000003ac       0x58 ./sources/src/lcd1602_i2c.o
                0x000003ac                lcd_init
 .text.NVIC_EnableIRQ
                0x00000404       0x30 ./sources/src/main.o
 .text.NVIC_DisableIRQ
                0x00000434       0x34 ./sources/src/main.o
 .text.NVIC_ClearPendingIRQ
                0x00000468       0x34 ./sources/src/main.o
 .text.Chip_GPIO_SetPinState
                0x0000049c       0x64 ./sources/src/main.o
 .text.Chip_GPIO_SetPinDIROutput
                0x00000500       0x36 ./sources/src/main.o
 .text.Chip_GPIO_SetPinDIRInput
                0x00000536       0x3a ./sources/src/main.o
 .text.Chip_GPIO_SetPinDIR
                0x00000570       0x42 ./sources/src/main.o
 .text.Chip_GPIO_SetDir
                0x000005b2       0x34 ./sources/src/main.o
 .text.Chip_GPIOINT_Init
                0x000005e6       0x16 ./sources/src/main.o
 .text.Chip_GPIOINT_SetIntFalling
                0x000005fc       0x2c ./sources/src/main.o
 .text.Chip_GPIOINT_GetStatusFalling
                0x00000628       0x26 ./sources/src/main.o
 .text.Chip_GPIOINT_ClearIntStatus
                0x0000064e       0x2c ./sources/src/main.o
 .text.Chip_TIMER_CapturePending
                0x0000067a       0x34 ./sources/src/main.o
 .text.Chip_TIMER_ClearCapture
                0x000006ae       0x26 ./sources/src/main.o
 .text.Chip_TIMER_Enable
                0x000006d4       0x1e ./sources/src/main.o
 .text.Chip_TIMER_PrescaleSet
                0x000006f2       0x1a ./sources/src/main.o
 .text.Chip_TIMER_ReadCapture
                0x0000070c       0x24 ./sources/src/main.o
 .text.Chip_TIMER_CaptureFallingEdgeEnable
                0x00000730       0x34 ./sources/src/main.o
 .text.Chip_TIMER_CaptureEnableInt
                0x00000764       0x34 ./sources/src/main.o
 .text.prvSetupHardware
                0x00000798       0x38 ./sources/src/main.o
 .text.actualizarVelocidad
                0x000007d0       0x54 ./sources/src/main.o
                0x000007d0                actualizarVelocidad
 .text.vGiro_Task
                0x00000824      0x508 ./sources/src/main.o
 .text.vPulsos_Task
                0x00000d2c      0x1f8 ./sources/src/main.o
 .text.vLCD_Task
                0x00000f24       0x94 ./sources/src/main.o
 .text.vPulsadores_Task
                0x00000fb8       0x78 ./sources/src/main.o
 .text.main     0x00001030       0xd8 ./sources/src/main.o
                0x00001030                main
 .text.TIMER3_IRQHandler
                0x00001108       0x7c ./sources/src/main.o
                0x00001108                TIMER3_IRQHandler
 .text.EINT3_IRQHandler
                0x00001184       0xb8 ./sources/src/main.o
                0x00001184                EINT3_IRQHandler
 .text.SystemInit
                0x0000123c       0x24 ./sources/src/sysinit.o
                0x0000123c                SystemInit
 .text.vApplicationMallocFailedHook
                0x00001260       0x28 ./freertos/src/FreeRTOSCommonHooks.o
                0x00001260                vApplicationMallocFailedHook
 .text.vApplicationIdleHook
                0x00001288       0x10 ./freertos/src/FreeRTOSCommonHooks.o
                0x00001288                vApplicationIdleHook
 .text.pvPortMalloc
                0x00001298       0x2c ./freertos/src/heap_3.o
                0x00001298                pvPortMalloc
 .text.vPortFree
                0x000012c4       0x24 ./freertos/src/heap_3.o
                0x000012c4                vPortFree
 .text.vListInitialise
                0x000012e8       0x3e ./freertos/src/list.o
                0x000012e8                vListInitialise
 .text.vListInitialiseItem
                0x00001326       0x18 ./freertos/src/list.o
                0x00001326                vListInitialiseItem
 .text.vListInsertEnd
                0x0000133e       0x46 ./freertos/src/list.o
                0x0000133e                vListInsertEnd
 .text.vListInsert
                0x00001384       0x70 ./freertos/src/list.o
                0x00001384                vListInsert
 .text.uxListRemove
                0x000013f4       0x52 ./freertos/src/list.o
                0x000013f4                uxListRemove
 *fill*         0x00001446        0x2 ff
 .text.pxPortInitialiseStack
                0x00001448       0x58 ./freertos/src/port.o
                0x00001448                pxPortInitialiseStack
 .text.prvTaskExitError
                0x000014a0       0x32 ./freertos/src/port.o
 *fill*         0x000014d2        0xe ff
 .text.SVC_Handler
                0x000014e0       0x28 ./freertos/src/port.o
                0x000014e0                SVC_Handler
 .text.prvPortStartFirstTask
                0x00001508       0x24 ./freertos/src/port.o
 .text.xPortStartScheduler
                0x0000152c       0x40 ./freertos/src/port.o
                0x0000152c                xPortStartScheduler
 .text.vPortEnterCritical
                0x0000156c       0x34 ./freertos/src/port.o
                0x0000156c                vPortEnterCritical
 .text.vPortExitCritical
                0x000015a0       0x34 ./freertos/src/port.o
                0x000015a0                vPortExitCritical
 *fill*         0x000015d4        0xc ff
 .text.PendSV_Handler
                0x000015e0       0x48 ./freertos/src/port.o
                0x000015e0                PendSV_Handler
 .text.SysTick_Handler
                0x00001628       0x44 ./freertos/src/port.o
                0x00001628                SysTick_Handler
 .text.vPortSetupTimerInterrupt
                0x0000166c       0x44 ./freertos/src/port.o
                0x0000166c                vPortSetupTimerInterrupt
 .text.xQueueGenericReset
                0x000016b0       0xe8 ./freertos/src/queue.o
                0x000016b0                xQueueGenericReset
 .text.xQueueGenericCreate
                0x00001798       0x7e ./freertos/src/queue.o
                0x00001798                xQueueGenericCreate
 .text.prvInitialiseNewQueue
                0x00001816       0x46 ./freertos/src/queue.o
 .text.xQueueGenericSend
                0x0000185c      0x154 ./freertos/src/queue.o
                0x0000185c                xQueueGenericSend
 .text.xQueueGenericSendFromISR
                0x000019b0       0xca ./freertos/src/queue.o
                0x000019b0                xQueueGenericSendFromISR
 *fill*         0x00001a7a        0x2 ff
 .text.xQueueReceive
                0x00001a7c      0x144 ./freertos/src/queue.o
                0x00001a7c                xQueueReceive
 .text.prvCopyDataToQueue
                0x00001bc0       0xd4 ./freertos/src/queue.o
 .text.prvCopyDataFromQueue
                0x00001c94       0x4c ./freertos/src/queue.o
 .text.prvUnlockQueue
                0x00001ce0       0xa4 ./freertos/src/queue.o
 .text.prvIsQueueEmpty
                0x00001d84       0x2c ./freertos/src/queue.o
 .text.prvIsQueueFull
                0x00001db0       0x30 ./freertos/src/queue.o
 .text.vQueueAddToRegistry
                0x00001de0       0x80 ./freertos/src/queue.o
                0x00001de0                vQueueAddToRegistry
 .text.vQueueWaitForMessageRestricted
                0x00001e60       0x68 ./freertos/src/queue.o
                0x00001e60                vQueueWaitForMessageRestricted
 .text.xTaskCreate
                0x00001ec8       0x8c ./freertos/src/tasks.o
                0x00001ec8                xTaskCreate
 .text.prvInitialiseNewTask
                0x00001f54       0xe0 ./freertos/src/tasks.o
 .text.prvAddNewTaskToReadyList
                0x00002034      0x130 ./freertos/src/tasks.o
 .text.xTaskDelayUntil
                0x00002164       0xa4 ./freertos/src/tasks.o
                0x00002164                xTaskDelayUntil
 .text.vTaskDelay
                0x00002208       0x48 ./freertos/src/tasks.o
                0x00002208                vTaskDelay
 .text.vTaskSuspend
                0x00002250       0xe4 ./freertos/src/tasks.o
                0x00002250                vTaskSuspend
 .text.vTaskStartScheduler
                0x00002334       0x84 ./freertos/src/tasks.o
                0x00002334                vTaskStartScheduler
 .text.vTaskSuspendAll
                0x000023b8       0x1c ./freertos/src/tasks.o
                0x000023b8                vTaskSuspendAll
 .text.xTaskResumeAll
                0x000023d4      0x1dc ./freertos/src/tasks.o
                0x000023d4                xTaskResumeAll
 .text.xTaskGetTickCount
                0x000025b0       0x1c ./freertos/src/tasks.o
                0x000025b0                xTaskGetTickCount
 .text.uxTaskGetNumberOfTasks
                0x000025cc       0x14 ./freertos/src/tasks.o
                0x000025cc                uxTaskGetNumberOfTasks
 .text.xTaskIncrementTick
                0x000025e0      0x1f4 ./freertos/src/tasks.o
                0x000025e0                xTaskIncrementTick
 .text.vTaskSwitchContext
                0x000027d4       0x9c ./freertos/src/tasks.o
                0x000027d4                vTaskSwitchContext
 .text.vTaskPlaceOnEventList
                0x00002870       0x2c ./freertos/src/tasks.o
                0x00002870                vTaskPlaceOnEventList
 .text.vTaskPlaceOnEventListRestricted
                0x0000289c       0x70 ./freertos/src/tasks.o
                0x0000289c                vTaskPlaceOnEventListRestricted
 .text.xTaskRemoveFromEventList
                0x0000290c      0x190 ./freertos/src/tasks.o
                0x0000290c                xTaskRemoveFromEventList
 .text.vTaskInternalSetTimeOutState
                0x00002a9c       0x2c ./freertos/src/tasks.o
                0x00002a9c                vTaskInternalSetTimeOutState
 .text.xTaskCheckForTimeOut
                0x00002ac8       0xb4 ./freertos/src/tasks.o
                0x00002ac8                xTaskCheckForTimeOut
 .text.vTaskMissedYield
                0x00002b7c       0x18 ./freertos/src/tasks.o
                0x00002b7c                vTaskMissedYield
 .text.prvIdleTask
                0x00002b94       0x34 ./freertos/src/tasks.o
 .text.prvInitialiseTaskLists
                0x00002bc8       0x80 ./freertos/src/tasks.o
 .text.prvCheckTasksWaitingTermination
                0x00002c48       0x5c ./freertos/src/tasks.o
 .text.prvDeleteTCB
                0x00002ca4       0x20 ./freertos/src/tasks.o
 .text.prvResetNextTaskUnblockTime
                0x00002cc4       0x34 ./freertos/src/tasks.o
 .text.xTaskPriorityDisinherit
                0x00002cf8       0xe8 ./freertos/src/tasks.o
                0x00002cf8                xTaskPriorityDisinherit
 .text.prvAddCurrentTaskToDelayedList
                0x00002de0       0xe8 ./freertos/src/tasks.o
 .text.xTimerCreateTimerTask
                0x00002ec8       0x48 ./freertos/src/timers.o
                0x00002ec8                xTimerCreateTimerTask
 .text.prvReloadTimer
                0x00002f10       0x42 ./freertos/src/timers.o
 *fill*         0x00002f52        0x2 ff
 .text.prvProcessExpiredTimer
                0x00002f54       0x60 ./freertos/src/timers.o
 .text.prvTimerTask
                0x00002fb4       0x24 ./freertos/src/timers.o
 .text.prvProcessTimerOrBlockTask
                0x00002fd8       0x9c ./freertos/src/timers.o
 .text.prvGetNextExpireTime
                0x00003074       0x44 ./freertos/src/timers.o
 .text.prvSampleTimeNow
                0x000030b8       0x40 ./freertos/src/timers.o
 .text.prvInsertTimerInActiveList
                0x000030f8       0x84 ./freertos/src/timers.o
 .text.prvProcessReceivedCommands
                0x0000317c      0x178 ./freertos/src/timers.o
 .text.prvSwitchTimerLists
                0x000032f4       0x4c ./freertos/src/timers.o
 .text.prvCheckForValidListAndQueue
                0x00003340       0x6c ./freertos/src/timers.o
 .text.Chip_IOCON_Init
                0x000033ac       0x16 C:\Users\Juan Diego\Documents\MCUXpressoIDE_11.3.0_5222\workspace\lpc_board_nxp_lpcxpresso_1769\Debug\liblpc_board_nxp_lpcxpresso_1769.a(board.o)
 .text.Chip_IOCON_EnableOD
                0x000033c2       0x38 C:\Users\Juan Diego\Documents\MCUXpressoIDE_11.3.0_5222\workspace\lpc_board_nxp_lpcxpresso_1769\Debug\liblpc_board_nxp_lpcxpresso_1769.a(board.o)
 .text.Chip_IOCON_SetI2CPad
                0x000033fa       0x1c C:\Users\Juan Diego\Documents\MCUXpressoIDE_11.3.0_5222\workspace\lpc_board_nxp_lpcxpresso_1769\Debug\liblpc_board_nxp_lpcxpresso_1769.a(board.o)
 .text.Chip_GPIO_Init
                0x00003416       0x16 C:\Users\Juan Diego\Documents\MCUXpressoIDE_11.3.0_5222\workspace\lpc_board_nxp_lpcxpresso_1769\Debug\liblpc_board_nxp_lpcxpresso_1769.a(board.o)
 .text.Chip_GPIO_SetPinState
                0x0000342c       0x64 C:\Users\Juan Diego\Documents\MCUXpressoIDE_11.3.0_5222\workspace\lpc_board_nxp_lpcxpresso_1769\Debug\liblpc_board_nxp_lpcxpresso_1769.a(board.o)
 .text.Chip_GPIO_WritePortBit
                0x00003490       0x2c C:\Users\Juan Diego\Documents\MCUXpressoIDE_11.3.0_5222\workspace\lpc_board_nxp_lpcxpresso_1769\Debug\liblpc_board_nxp_lpcxpresso_1769.a(board.o)
 .text.Chip_GPIO_SetPinDIROutput
                0x000034bc       0x36 C:\Users\Juan Diego\Documents\MCUXpressoIDE_11.3.0_5222\workspace\lpc_board_nxp_lpcxpresso_1769\Debug\liblpc_board_nxp_lpcxpresso_1769.a(board.o)
 .text.Chip_GPIO_SetPinDIRInput
                0x000034f2       0x3a C:\Users\Juan Diego\Documents\MCUXpressoIDE_11.3.0_5222\workspace\lpc_board_nxp_lpcxpresso_1769\Debug\liblpc_board_nxp_lpcxpresso_1769.a(board.o)
 .text.Chip_GPIO_SetPinDIR
                0x0000352c       0x42 C:\Users\Juan Diego\Documents\MCUXpressoIDE_11.3.0_5222\workspace\lpc_board_nxp_lpcxpresso_1769\Debug\liblpc_board_nxp_lpcxpresso_1769.a(board.o)
 .text.Chip_GPIO_WriteDirBit
                0x0000356e       0x2e C:\Users\Juan Diego\Documents\MCUXpressoIDE_11.3.0_5222\workspace\lpc_board_nxp_lpcxpresso_1769\Debug\liblpc_board_nxp_lpcxpresso_1769.a(board.o)
 .text.Chip_UART_SendByte
                0x0000359c       0x1c C:\Users\Juan Diego\Documents\MCUXpressoIDE_11.3.0_5222\workspace\lpc_board_nxp_lpcxpresso_1769\Debug\liblpc_board_nxp_lpcxpresso_1769.a(board.o)
 .text.Chip_UART_ConfigData
                0x000035b8       0x1a C:\Users\Juan Diego\Documents\MCUXpressoIDE_11.3.0_5222\workspace\lpc_board_nxp_lpcxpresso_1769\Debug\liblpc_board_nxp_lpcxpresso_1769.a(board.o)
 .text.Chip_UART_ReadLineStatus
                0x000035d2       0x16 C:\Users\Juan Diego\Documents\MCUXpressoIDE_11.3.0_5222\workspace\lpc_board_nxp_lpcxpresso_1769\Debug\liblpc_board_nxp_lpcxpresso_1769.a(board.o)
 .text.__sys_write
                0x000035e8       0x38 C:\Users\Juan Diego\Documents\MCUXpressoIDE_11.3.0_5222\workspace\lpc_board_nxp_lpcxpresso_1769\Debug\liblpc_board_nxp_lpcxpresso_1769.a(board.o)
                0x000035e8                __sys_write
 .text.Board_LED_Init
                0x00003620       0x54 C:\Users\Juan Diego\Documents\MCUXpressoIDE_11.3.0_5222\workspace\lpc_board_nxp_lpcxpresso_1769\Debug\liblpc_board_nxp_lpcxpresso_1769.a(board.o)
 .text.Board_UART_Init
                0x00003674       0x12 C:\Users\Juan Diego\Documents\MCUXpressoIDE_11.3.0_5222\workspace\lpc_board_nxp_lpcxpresso_1769\Debug\liblpc_board_nxp_lpcxpresso_1769.a(board.o)
                0x00003674                Board_UART_Init
 *fill*         0x00003686        0x2 ff
 .text.Board_Debug_Init
                0x00003688       0x30 C:\Users\Juan Diego\Documents\MCUXpressoIDE_11.3.0_5222\workspace\lpc_board_nxp_lpcxpresso_1769\Debug\liblpc_board_nxp_lpcxpresso_1769.a(board.o)
                0x00003688                Board_Debug_Init
 .text.Board_UARTPutChar
                0x000036b8       0x34 C:\Users\Juan Diego\Documents\MCUXpressoIDE_11.3.0_5222\workspace\lpc_board_nxp_lpcxpresso_1769\Debug\liblpc_board_nxp_lpcxpresso_1769.a(board.o)
                0x000036b8                Board_UARTPutChar
 .text.Board_UARTPutSTR
                0x000036ec       0x2a C:\Users\Juan Diego\Documents\MCUXpressoIDE_11.3.0_5222\workspace\lpc_board_nxp_lpcxpresso_1769\Debug\liblpc_board_nxp_lpcxpresso_1769.a(board.o)
                0x000036ec                Board_UARTPutSTR
 *fill*         0x00003716        0x2 ff
 .text.Board_LED_Set
                0x00003718       0x54 C:\Users\Juan Diego\Documents\MCUXpressoIDE_11.3.0_5222\workspace\lpc_board_nxp_lpcxpresso_1769\Debug\liblpc_board_nxp_lpcxpresso_1769.a(board.o)
                0x00003718                Board_LED_Set
 .text.Board_Init
                0x0000376c       0x24 C:\Users\Juan Diego\Documents\MCUXpressoIDE_11.3.0_5222\workspace\lpc_board_nxp_lpcxpresso_1769\Debug\liblpc_board_nxp_lpcxpresso_1769.a(board.o)
                0x0000376c                Board_Init
 .text.Board_I2C_Init
                0x00003790       0xc0 C:\Users\Juan Diego\Documents\MCUXpressoIDE_11.3.0_5222\workspace\lpc_board_nxp_lpcxpresso_1769\Debug\liblpc_board_nxp_lpcxpresso_1769.a(board.o)
                0x00003790                Board_I2C_Init
 .text.Chip_SYSCTL_SetFLASHAccess
                0x00003850       0x30 C:\Users\Juan Diego\Documents\MCUXpressoIDE_11.3.0_5222\workspace\lpc_board_nxp_lpcxpresso_1769\Debug\liblpc_board_nxp_lpcxpresso_1769.a(board_sysinit.o)
 .text.Board_SetupMuxing
                0x00003880       0x1c C:\Users\Juan Diego\Documents\MCUXpressoIDE_11.3.0_5222\workspace\lpc_board_nxp_lpcxpresso_1769\Debug\liblpc_board_nxp_lpcxpresso_1769.a(board_sysinit.o)
                0x00003880                Board_SetupMuxing
 .text.Board_SetupClocking
                0x0000389c       0x12 C:\Users\Juan Diego\Documents\MCUXpressoIDE_11.3.0_5222\workspace\lpc_board_nxp_lpcxpresso_1769\Debug\liblpc_board_nxp_lpcxpresso_1769.a(board_sysinit.o)
                0x0000389c                Board_SetupClocking
 .text.Board_SystemInit
                0x000038ae       0x10 C:\Users\Juan Diego\Documents\MCUXpressoIDE_11.3.0_5222\workspace\lpc_board_nxp_lpcxpresso_1769\Debug\liblpc_board_nxp_lpcxpresso_1769.a(board_sysinit.o)
                0x000038ae                Board_SystemInit
 .text.getFullConvClk
                0x000038be        0xe C:\Users\Juan Diego\Documents\MCUXpressoIDE_11.3.0_5222\workspace\lpc_chip_175x_6x\Debug\liblpc_chip_175x_6x.a(adc_17xx_40xx.o)
 .text.getClkDiv
                0x000038cc       0x4c C:\Users\Juan Diego\Documents\MCUXpressoIDE_11.3.0_5222\workspace\lpc_chip_175x_6x\Debug\liblpc_chip_175x_6x.a(adc_17xx_40xx.o)
 .text.setStartMode
                0x00003918       0x2c C:\Users\Juan Diego\Documents\MCUXpressoIDE_11.3.0_5222\workspace\lpc_chip_175x_6x\Debug\liblpc_chip_175x_6x.a(adc_17xx_40xx.o)
                0x00003918                setStartMode
 .text.readAdcVal
                0x00003944       0x40 C:\Users\Juan Diego\Documents\MCUXpressoIDE_11.3.0_5222\workspace\lpc_chip_175x_6x\Debug\liblpc_chip_175x_6x.a(adc_17xx_40xx.o)
                0x00003944                readAdcVal
 .text.Chip_ADC_Init
                0x00003984       0x74 C:\Users\Juan Diego\Documents\MCUXpressoIDE_11.3.0_5222\workspace\lpc_chip_175x_6x\Debug\liblpc_chip_175x_6x.a(adc_17xx_40xx.o)
                0x00003984                Chip_ADC_Init
 .text.Chip_ADC_ReadValue
                0x000039f8       0x24 C:\Users\Juan Diego\Documents\MCUXpressoIDE_11.3.0_5222\workspace\lpc_chip_175x_6x\Debug\liblpc_chip_175x_6x.a(adc_17xx_40xx.o)
                0x000039f8                Chip_ADC_ReadValue
 .text.Chip_ADC_ReadStatus
                0x00003a1c       0x82 C:\Users\Juan Diego\Documents\MCUXpressoIDE_11.3.0_5222\workspace\lpc_chip_175x_6x\Debug\liblpc_chip_175x_6x.a(adc_17xx_40xx.o)
                0x00003a1c                Chip_ADC_ReadStatus
 .text.Chip_ADC_EnableChannel
                0x00003a9e       0x54 C:\Users\Juan Diego\Documents\MCUXpressoIDE_11.3.0_5222\workspace\lpc_chip_175x_6x\Debug\liblpc_chip_175x_6x.a(adc_17xx_40xx.o)
                0x00003a9e                Chip_ADC_EnableChannel
 .text.Chip_ADC_SetBurstCmd
                0x00003af2       0x3c C:\Users\Juan Diego\Documents\MCUXpressoIDE_11.3.0_5222\workspace\lpc_chip_175x_6x\Debug\liblpc_chip_175x_6x.a(adc_17xx_40xx.o)
                0x00003af2                Chip_ADC_SetBurstCmd
 *fill*         0x00003b2e        0x2 ff
 .text.SystemCoreClockUpdate
                0x00003b30       0x18 C:\Users\Juan Diego\Documents\MCUXpressoIDE_11.3.0_5222\workspace\lpc_chip_175x_6x\Debug\liblpc_chip_175x_6x.a(chip_17xx_40xx.o)
                0x00003b30                SystemCoreClockUpdate
 .text.Chip_Clock_IsMainPLLEnabled
                0x00003b48       0x24 C:\Users\Juan Diego\Documents\MCUXpressoIDE_11.3.0_5222\workspace\lpc_chip_175x_6x\Debug\liblpc_chip_175x_6x.a(clock_17xx_40xx.o)
 .text.Chip_Clock_IsMainPLLConnected
                0x00003b6c       0x24 C:\Users\Juan Diego\Documents\MCUXpressoIDE_11.3.0_5222\workspace\lpc_chip_175x_6x\Debug\liblpc_chip_175x_6x.a(clock_17xx_40xx.o)
 .text.Chip_Clock_FeedPLL
                0x00003b90       0x34 C:\Users\Juan Diego\Documents\MCUXpressoIDE_11.3.0_5222\workspace\lpc_chip_175x_6x\Debug\liblpc_chip_175x_6x.a(clock_17xx_40xx.o)
 .text.Chip_Clock_GetMainPLLSource
                0x00003bc4       0x20 C:\Users\Juan Diego\Documents\MCUXpressoIDE_11.3.0_5222\workspace\lpc_chip_175x_6x\Debug\liblpc_chip_175x_6x.a(clock_17xx_40xx.o)
 .text.Chip_Clock_GetMainOscRate
                0x00003be4       0x14 C:\Users\Juan Diego\Documents\MCUXpressoIDE_11.3.0_5222\workspace\lpc_chip_175x_6x\Debug\liblpc_chip_175x_6x.a(clock_17xx_40xx.o)
 .text.Chip_Clock_GetIntOscRate
                0x00003bf8       0x14 C:\Users\Juan Diego\Documents\MCUXpressoIDE_11.3.0_5222\workspace\lpc_chip_175x_6x\Debug\liblpc_chip_175x_6x.a(clock_17xx_40xx.o)
 .text.Chip_Clock_GetRTCOscRate
                0x00003c0c       0x14 C:\Users\Juan Diego\Documents\MCUXpressoIDE_11.3.0_5222\workspace\lpc_chip_175x_6x\Debug\liblpc_chip_175x_6x.a(clock_17xx_40xx.o)
 .text.Chip_Clock_GetMainPLLInClockRate
                0x00003c20        0xe C:\Users\Juan Diego\Documents\MCUXpressoIDE_11.3.0_5222\workspace\lpc_chip_175x_6x\Debug\liblpc_chip_175x_6x.a(clock_17xx_40xx.o)
 *fill*         0x00003c2e        0x2 ff
 .text.Chip_Clock_EnablePLL
                0x00003c30       0x44 C:\Users\Juan Diego\Documents\MCUXpressoIDE_11.3.0_5222\workspace\lpc_chip_175x_6x\Debug\liblpc_chip_175x_6x.a(clock_17xx_40xx.o)
                0x00003c30                Chip_Clock_EnablePLL
 .text.Chip_Clock_DisablePLL
                0x00003c74       0x48 C:\Users\Juan Diego\Documents\MCUXpressoIDE_11.3.0_5222\workspace\lpc_chip_175x_6x\Debug\liblpc_chip_175x_6x.a(clock_17xx_40xx.o)
                0x00003c74                Chip_Clock_DisablePLL
 .text.Chip_Clock_SetupPLL
                0x00003cbc       0x5c C:\Users\Juan Diego\Documents\MCUXpressoIDE_11.3.0_5222\workspace\lpc_chip_175x_6x\Debug\liblpc_chip_175x_6x.a(clock_17xx_40xx.o)
                0x00003cbc                Chip_Clock_SetupPLL
 .text.Chip_Clock_EnablePeriphClock
                0x00003d18       0x34 C:\Users\Juan Diego\Documents\MCUXpressoIDE_11.3.0_5222\workspace\lpc_chip_175x_6x\Debug\liblpc_chip_175x_6x.a(clock_17xx_40xx.o)
                0x00003d18                Chip_Clock_EnablePeriphClock
 .text.Chip_Clock_GetCPUClockSource
                0x00003d4c       0x24 C:\Users\Juan Diego\Documents\MCUXpressoIDE_11.3.0_5222\workspace\lpc_chip_175x_6x\Debug\liblpc_chip_175x_6x.a(clock_17xx_40xx.o)
                0x00003d4c                Chip_Clock_GetCPUClockSource
 .text.Chip_Clock_SetCPUClockDiv
                0x00003d70       0x20 C:\Users\Juan Diego\Documents\MCUXpressoIDE_11.3.0_5222\workspace\lpc_chip_175x_6x\Debug\liblpc_chip_175x_6x.a(clock_17xx_40xx.o)
                0x00003d70                Chip_Clock_SetCPUClockDiv
 .text.Chip_Clock_GetCPUClockDiv
                0x00003d90       0x1c C:\Users\Juan Diego\Documents\MCUXpressoIDE_11.3.0_5222\workspace\lpc_chip_175x_6x\Debug\liblpc_chip_175x_6x.a(clock_17xx_40xx.o)
                0x00003d90                Chip_Clock_GetCPUClockDiv
 .text.Chip_Clock_SetPCLKDiv
                0x00003dac       0x64 C:\Users\Juan Diego\Documents\MCUXpressoIDE_11.3.0_5222\workspace\lpc_chip_175x_6x\Debug\liblpc_chip_175x_6x.a(clock_17xx_40xx.o)
                0x00003dac                Chip_Clock_SetPCLKDiv
 .text.Chip_Clock_GetPCLKDiv
                0x00003e10       0x8c C:\Users\Juan Diego\Documents\MCUXpressoIDE_11.3.0_5222\workspace\lpc_chip_175x_6x\Debug\liblpc_chip_175x_6x.a(clock_17xx_40xx.o)
                0x00003e10                Chip_Clock_GetPCLKDiv
 .text.Chip_Clock_GetSYSCLKRate
                0x00003e9c       0x3a C:\Users\Juan Diego\Documents\MCUXpressoIDE_11.3.0_5222\workspace\lpc_chip_175x_6x\Debug\liblpc_chip_175x_6x.a(clock_17xx_40xx.o)
                0x00003e9c                Chip_Clock_GetSYSCLKRate
 *fill*         0x00003ed6        0x2 ff
 .text.Chip_Clock_GetMainPLLOutClockRate
                0x00003ed8       0x54 C:\Users\Juan Diego\Documents\MCUXpressoIDE_11.3.0_5222\workspace\lpc_chip_175x_6x\Debug\liblpc_chip_175x_6x.a(clock_17xx_40xx.o)
                0x00003ed8                Chip_Clock_GetMainPLLOutClockRate
 .text.Chip_Clock_GetMainClockRate
                0x00003f2c       0x28 C:\Users\Juan Diego\Documents\MCUXpressoIDE_11.3.0_5222\workspace\lpc_chip_175x_6x\Debug\liblpc_chip_175x_6x.a(clock_17xx_40xx.o)
                0x00003f2c                Chip_Clock_GetMainClockRate
 .text.Chip_Clock_GetSystemClockRate
                0x00003f54       0x18 C:\Users\Juan Diego\Documents\MCUXpressoIDE_11.3.0_5222\workspace\lpc_chip_175x_6x\Debug\liblpc_chip_175x_6x.a(clock_17xx_40xx.o)
                0x00003f54                Chip_Clock_GetSystemClockRate
 .text.Chip_Clock_GetPeripheralClockRate
                0x00003f6c       0x26 C:\Users\Juan Diego\Documents\MCUXpressoIDE_11.3.0_5222\workspace\lpc_chip_175x_6x\Debug\liblpc_chip_175x_6x.a(clock_17xx_40xx.o)
                0x00003f6c                Chip_Clock_GetPeripheralClockRate
 *fill*         0x00003f92        0x2 ff
 .text.enableClk
                0x00003f94       0x30 C:\Users\Juan Diego\Documents\MCUXpressoIDE_11.3.0_5222\workspace\lpc_chip_175x_6x\Debug\liblpc_chip_175x_6x.a(i2c_17xx_40xx.o)
 .text.getClkRate
                0x00003fc4       0x24 C:\Users\Juan Diego\Documents\MCUXpressoIDE_11.3.0_5222\workspace\lpc_chip_175x_6x\Debug\liblpc_chip_175x_6x.a(i2c_17xx_40xx.o)
 .text.startMasterXfer
                0x00003fe8       0x1e C:\Users\Juan Diego\Documents\MCUXpressoIDE_11.3.0_5222\workspace\lpc_chip_175x_6x\Debug\liblpc_chip_175x_6x.a(i2c_17xx_40xx.o)
 .text.startSlaverXfer
                0x00004006       0x1e C:\Users\Juan Diego\Documents\MCUXpressoIDE_11.3.0_5222\workspace\lpc_chip_175x_6x\Debug\liblpc_chip_175x_6x.a(i2c_17xx_40xx.o)
 .text.isI2CBusFree
                0x00004024       0x24 C:\Users\Juan Diego\Documents\MCUXpressoIDE_11.3.0_5222\workspace\lpc_chip_175x_6x\Debug\liblpc_chip_175x_6x.a(i2c_17xx_40xx.o)
 .text.getCurState
                0x00004048       0x1a C:\Users\Juan Diego\Documents\MCUXpressoIDE_11.3.0_5222\workspace\lpc_chip_175x_6x\Debug\liblpc_chip_175x_6x.a(i2c_17xx_40xx.o)
 *fill*         0x00004062        0x2 ff
 .text.handleMasterXferState
                0x00004064      0x284 C:\Users\Juan Diego\Documents\MCUXpressoIDE_11.3.0_5222\workspace\lpc_chip_175x_6x\Debug\liblpc_chip_175x_6x.a(i2c_17xx_40xx.o)
                0x00004064                handleMasterXferState
 .text.Chip_I2C_EventHandler
                0x000042e8       0x4c C:\Users\Juan Diego\Documents\MCUXpressoIDE_11.3.0_5222\workspace\lpc_chip_175x_6x\Debug\liblpc_chip_175x_6x.a(i2c_17xx_40xx.o)
                0x000042e8                Chip_I2C_EventHandler
 .text.Chip_I2C_EventHandlerPolling
                0x00004334       0x60 C:\Users\Juan Diego\Documents\MCUXpressoIDE_11.3.0_5222\workspace\lpc_chip_175x_6x\Debug\liblpc_chip_175x_6x.a(i2c_17xx_40xx.o)
                0x00004334                Chip_I2C_EventHandlerPolling
 .text.Chip_I2C_Init
                0x00004394       0x34 C:\Users\Juan Diego\Documents\MCUXpressoIDE_11.3.0_5222\workspace\lpc_chip_175x_6x\Debug\liblpc_chip_175x_6x.a(i2c_17xx_40xx.o)
                0x00004394                Chip_I2C_Init
 .text.Chip_I2C_SetClockRate
                0x000043c8       0x68 C:\Users\Juan Diego\Documents\MCUXpressoIDE_11.3.0_5222\workspace\lpc_chip_175x_6x\Debug\liblpc_chip_175x_6x.a(i2c_17xx_40xx.o)
                0x000043c8                Chip_I2C_SetClockRate
 .text.Chip_I2C_SetMasterEventHandler
                0x00004430       0x48 C:\Users\Juan Diego\Documents\MCUXpressoIDE_11.3.0_5222\workspace\lpc_chip_175x_6x\Debug\liblpc_chip_175x_6x.a(i2c_17xx_40xx.o)
                0x00004430                Chip_I2C_SetMasterEventHandler
 .text.Chip_I2C_MasterTransfer
                0x00004478       0x9c C:\Users\Juan Diego\Documents\MCUXpressoIDE_11.3.0_5222\workspace\lpc_chip_175x_6x\Debug\liblpc_chip_175x_6x.a(i2c_17xx_40xx.o)
                0x00004478                Chip_I2C_MasterTransfer
 .text.Chip_I2C_MasterSend
                0x00004514       0x58 C:\Users\Juan Diego\Documents\MCUXpressoIDE_11.3.0_5222\workspace\lpc_chip_175x_6x\Debug\liblpc_chip_175x_6x.a(i2c_17xx_40xx.o)
                0x00004514                Chip_I2C_MasterSend
 .text.Chip_I2C_MasterStateHandler
                0x0000456c       0x60 C:\Users\Juan Diego\Documents\MCUXpressoIDE_11.3.0_5222\workspace\lpc_chip_175x_6x\Debug\liblpc_chip_175x_6x.a(i2c_17xx_40xx.o)
                0x0000456c                Chip_I2C_MasterStateHandler
 .text.Chip_I2C_IsStateChanged
                0x000045cc       0x38 C:\Users\Juan Diego\Documents\MCUXpressoIDE_11.3.0_5222\workspace\lpc_chip_175x_6x\Debug\liblpc_chip_175x_6x.a(i2c_17xx_40xx.o)
                0x000045cc                Chip_I2C_IsStateChanged
 .text.Chip_IOCON_PinMuxSet
                0x00004604       0x36 C:\Users\Juan Diego\Documents\MCUXpressoIDE_11.3.0_5222\workspace\lpc_chip_175x_6x\Debug\liblpc_chip_175x_6x.a(iocon_17xx_40xx.o)
                0x00004604                Chip_IOCON_PinMuxSet
 .text.Chip_IOCON_PinMux
                0x0000463a       0x94 C:\Users\Juan Diego\Documents\MCUXpressoIDE_11.3.0_5222\workspace\lpc_chip_175x_6x\Debug\liblpc_chip_175x_6x.a(iocon_17xx_40xx.o)
                0x0000463a                Chip_IOCON_PinMux
 .text.Chip_IOCON_SetPinMuxing
                0x000046ce       0x64 C:\Users\Juan Diego\Documents\MCUXpressoIDE_11.3.0_5222\workspace\lpc_chip_175x_6x\Debug\liblpc_chip_175x_6x.a(iocon_17xx_40xx.o)
                0x000046ce                Chip_IOCON_SetPinMuxing
 *fill*         0x00004732        0x2 ff
 .text.Chip_Clock_IsMainPLLEnabled
                0x00004734       0x24 C:\Users\Juan Diego\Documents\MCUXpressoIDE_11.3.0_5222\workspace\lpc_chip_175x_6x\Debug\liblpc_chip_175x_6x.a(sysinit_17xx_40xx.o)
 .text.Chip_Clock_IsMainPLLLocked
                0x00004758       0x24 C:\Users\Juan Diego\Documents\MCUXpressoIDE_11.3.0_5222\workspace\lpc_chip_175x_6x\Debug\liblpc_chip_175x_6x.a(sysinit_17xx_40xx.o)
 .text.Chip_Clock_IsMainPLLConnected
                0x0000477c       0x24 C:\Users\Juan Diego\Documents\MCUXpressoIDE_11.3.0_5222\workspace\lpc_chip_175x_6x\Debug\liblpc_chip_175x_6x.a(sysinit_17xx_40xx.o)
 .text.Chip_Clock_EnableCrystal
                0x000047a0       0x20 C:\Users\Juan Diego\Documents\MCUXpressoIDE_11.3.0_5222\workspace\lpc_chip_175x_6x\Debug\liblpc_chip_175x_6x.a(sysinit_17xx_40xx.o)
 .text.Chip_Clock_IsCrystalEnabled
                0x000047c0       0x24 C:\Users\Juan Diego\Documents\MCUXpressoIDE_11.3.0_5222\workspace\lpc_chip_175x_6x\Debug\liblpc_chip_175x_6x.a(sysinit_17xx_40xx.o)
 .text.Chip_Clock_SetMainPLLSource
                0x000047e4       0x20 C:\Users\Juan Diego\Documents\MCUXpressoIDE_11.3.0_5222\workspace\lpc_chip_175x_6x\Debug\liblpc_chip_175x_6x.a(sysinit_17xx_40xx.o)
 .text.Chip_SetupXtalClocking
                0x00004804       0x90 C:\Users\Juan Diego\Documents\MCUXpressoIDE_11.3.0_5222\workspace\lpc_chip_175x_6x\Debug\liblpc_chip_175x_6x.a(sysinit_17xx_40xx.o)
                0x00004804                Chip_SetupXtalClocking
 .text.Chip_Timer_GetClockIndex
                0x00004894       0x50 C:\Users\Juan Diego\Documents\MCUXpressoIDE_11.3.0_5222\workspace\lpc_chip_175x_6x\Debug\liblpc_chip_175x_6x.a(timer_17xx_40xx.o)
 .text.Chip_TIMER_Init
                0x000048e4       0x1e C:\Users\Juan Diego\Documents\MCUXpressoIDE_11.3.0_5222\workspace\lpc_chip_175x_6x\Debug\liblpc_chip_175x_6x.a(timer_17xx_40xx.o)
                0x000048e4                Chip_TIMER_Init
 .text.Chip_TIMER_Reset
                0x00004902       0x3a C:\Users\Juan Diego\Documents\MCUXpressoIDE_11.3.0_5222\workspace\lpc_chip_175x_6x\Debug\liblpc_chip_175x_6x.a(timer_17xx_40xx.o)
                0x00004902                Chip_TIMER_Reset
 .text.Chip_UART_SetupFIFOS
                0x0000493c       0x1a C:\Users\Juan Diego\Documents\MCUXpressoIDE_11.3.0_5222\workspace\lpc_chip_175x_6x\Debug\liblpc_chip_175x_6x.a(uart_17xx_40xx.o)
 .text.Chip_UART_ConfigData
                0x00004956       0x1a C:\Users\Juan Diego\Documents\MCUXpressoIDE_11.3.0_5222\workspace\lpc_chip_175x_6x\Debug\liblpc_chip_175x_6x.a(uart_17xx_40xx.o)
 .text.Chip_UART_EnableDivisorAccess
                0x00004970       0x1e C:\Users\Juan Diego\Documents\MCUXpressoIDE_11.3.0_5222\workspace\lpc_chip_175x_6x\Debug\liblpc_chip_175x_6x.a(uart_17xx_40xx.o)
 .text.Chip_UART_DisableDivisorAccess
                0x0000498e       0x1e C:\Users\Juan Diego\Documents\MCUXpressoIDE_11.3.0_5222\workspace\lpc_chip_175x_6x\Debug\liblpc_chip_175x_6x.a(uart_17xx_40xx.o)
 .text.Chip_UART_SetDivisorLatches
                0x000049ac       0x26 C:\Users\Juan Diego\Documents\MCUXpressoIDE_11.3.0_5222\workspace\lpc_chip_175x_6x\Debug\liblpc_chip_175x_6x.a(uart_17xx_40xx.o)
 *fill*         0x000049d2        0x2 ff
 .text.Chip_UART_GetClockIndex
                0x000049d4       0x50 C:\Users\Juan Diego\Documents\MCUXpressoIDE_11.3.0_5222\workspace\lpc_chip_175x_6x\Debug\liblpc_chip_175x_6x.a(uart_17xx_40xx.o)
 .text.Chip_UART_GetClkIndex
                0x00004a24       0x50 C:\Users\Juan Diego\Documents\MCUXpressoIDE_11.3.0_5222\workspace\lpc_chip_175x_6x\Debug\liblpc_chip_175x_6x.a(uart_17xx_40xx.o)
 .text.Chip_UART_Init
                0x00004a74       0x78 C:\Users\Juan Diego\Documents\MCUXpressoIDE_11.3.0_5222\workspace\lpc_chip_175x_6x\Debug\liblpc_chip_175x_6x.a(uart_17xx_40xx.o)
                0x00004a74                Chip_UART_Init
 .text.Chip_UART_TXEnable
                0x00004aec       0x18 C:\Users\Juan Diego\Documents\MCUXpressoIDE_11.3.0_5222\workspace\lpc_chip_175x_6x\Debug\liblpc_chip_175x_6x.a(uart_17xx_40xx.o)
                0x00004aec                Chip_UART_TXEnable
 .text.Chip_UART_TXDisable
                0x00004b04       0x18 C:\Users\Juan Diego\Documents\MCUXpressoIDE_11.3.0_5222\workspace\lpc_chip_175x_6x\Debug\liblpc_chip_175x_6x.a(uart_17xx_40xx.o)
                0x00004b04                Chip_UART_TXDisable
 .text.Chip_UART_SetBaud
                0x00004b1c       0x62 C:\Users\Juan Diego\Documents\MCUXpressoIDE_11.3.0_5222\workspace\lpc_chip_175x_6x\Debug\liblpc_chip_175x_6x.a(uart_17xx_40xx.o)
                0x00004b1c                Chip_UART_SetBaud
 .text.__main   0x00004b7e        0xe c:/nxp/mcuxpressoide_11.3.0_5222/ide/plugins/com.nxp.mcuxpresso.tools.win32_11.3.0.202008311133/tools/bin/../lib/gcc/arm-none-eabi/9.3.1/../../../../arm-none-eabi/lib/thumb/v7-m/nofp\libcr_nohost.a(_cr__main.o)
                0x00004b7e                __main
 .text.memcpy   0x00004b8c        0x4 c:/nxp/mcuxpressoide_11.3.0_5222/ide/plugins/com.nxp.mcuxpresso.tools.win32_11.3.0.202008311133/tools/bin/../lib/gcc/arm-none-eabi/9.3.1/../../../../arm-none-eabi/lib/thumb/v7-m/nofp\libcr_c.a(memcpy.o)
                0x00004b8c                memcpy
 .text.memset   0x00004b90        0x4 c:/nxp/mcuxpressoide_11.3.0_5222/ide/plugins/com.nxp.mcuxpresso.tools.win32_11.3.0.202008311133/tools/bin/../lib/gcc/arm-none-eabi/9.3.1/../../../../arm-none-eabi/lib/thumb/v7-m/nofp\libcr_c.a(memset.o)
                0x00004b90                memset
 .text.malloc   0x00004b94       0xc8 c:/nxp/mcuxpressoide_11.3.0_5222/ide/plugins/com.nxp.mcuxpresso.tools.win32_11.3.0.202008311133/tools/bin/../lib/gcc/arm-none-eabi/9.3.1/../../../../arm-none-eabi/lib/thumb/v7-m/nofp\libcr_c.a(alloc.o)
                0x00004b94                malloc
 .text.free     0x00004c5c       0x30 c:/nxp/mcuxpressoide_11.3.0_5222/ide/plugins/com.nxp.mcuxpresso.tools.win32_11.3.0.202008311133/tools/bin/../lib/gcc/arm-none-eabi/9.3.1/../../../../arm-none-eabi/lib/thumb/v7-m/nofp\libcr_c.a(alloc.o)
                0x00004c5c                free
 .text._Csys_alloc
                0x00004c8c       0x20 c:/nxp/mcuxpressoide_11.3.0_5222/ide/plugins/com.nxp.mcuxpresso.tools.win32_11.3.0.202008311133/tools/bin/../lib/gcc/arm-none-eabi/9.3.1/../../../../arm-none-eabi/lib/thumb/v7-m/nofp\libcr_c.a(alloc.o)
                0x00004c8c                _Csys_alloc
 .text.fp_round
                0x00004cac       0x4c c:/nxp/mcuxpressoide_11.3.0_5222/ide/plugins/com.nxp.mcuxpresso.tools.win32_11.3.0.202008311133/tools/bin/../lib/gcc/arm-none-eabi/9.3.1/../../../../arm-none-eabi/lib/thumb/v7-m/nofp\libcr_c.a(fpprintf.o)
 .text.pr_dec.constprop.0
                0x00004cf8       0x26 c:/nxp/mcuxpressoide_11.3.0_5222/ide/plugins/com.nxp.mcuxpresso.tools.win32_11.3.0.202008311133/tools/bin/../lib/gcc/arm-none-eabi/9.3.1/../../../../arm-none-eabi/lib/thumb/v7-m/nofp\libcr_c.a(fpprintf.o)
 *fill*         0x00004d1e        0x2 ff
 .text.sprintf  0x00004d20       0x6c c:/nxp/mcuxpressoide_11.3.0_5222/ide/plugins/com.nxp.mcuxpresso.tools.win32_11.3.0.202008311133/tools/bin/../lib/gcc/arm-none-eabi/9.3.1/../../../../arm-none-eabi/lib/thumb/v7-m/nofp\libcr_c.a(fpprintf.o)
                0x00004d20                sprintf
 *fill*         0x00004d8c        0x4 ff
 .text.fp_display
                0x00004d90      0x950 c:/nxp/mcuxpressoide_11.3.0_5222/ide/plugins/com.nxp.mcuxpresso.tools.win32_11.3.0.202008311133/tools/bin/../lib/gcc/arm-none-eabi/9.3.1/../../../../arm-none-eabi/lib/thumb/v7-m/nofp\libcr_c.a(fpprintf.o)
 .text._initio  0x000056e0       0x78 c:/nxp/mcuxpressoide_11.3.0_5222/ide/plugins/com.nxp.mcuxpresso.tools.win32_11.3.0.202008311133/tools/bin/../lib/gcc/arm-none-eabi/9.3.1/../../../../arm-none-eabi/lib/thumb/v7-m/nofp\libcr_c.a(initio.o)
                0x000056e0                _initio
 .text.__vfprintf
                0x00005758      0xce0 c:/nxp/mcuxpressoide_11.3.0_5222/ide/plugins/com.nxp.mcuxpresso.tools.win32_11.3.0.202008311133/tools/bin/../lib/gcc/arm-none-eabi/9.3.1/../../../../arm-none-eabi/lib/thumb/v7-m/nofp\libcr_c.a(printf.o)
                0x00005758                __vfprintf
 .text.setvbuf  0x00006438       0x3e c:/nxp/mcuxpressoide_11.3.0_5222/ide/plugins/com.nxp.mcuxpresso.tools.win32_11.3.0.202008311133/tools/bin/../lib/gcc/arm-none-eabi/9.3.1/../../../../arm-none-eabi/lib/thumb/v7-m/nofp\libcr_c.a(setvbuf.o)
                0x00006438                setvbuf
 .text.strlen   0x00006476       0x4c c:/nxp/mcuxpressoide_11.3.0_5222/ide/plugins/com.nxp.mcuxpresso.tools.win32_11.3.0.202008311133/tools/bin/../lib/gcc/arm-none-eabi/9.3.1/../../../../arm-none-eabi/lib/thumb/v7-m/nofp\libcr_c.a(strlen.o)
                0x00006476                strlen
 *fill*         0x000064c2        0x2 ff
 .text._sbrk    0x000064c4       0x3c c:/nxp/mcuxpressoide_11.3.0_5222/ide/plugins/com.nxp.mcuxpresso.tools.win32_11.3.0.202008311133/tools/bin/../lib/gcc/arm-none-eabi/9.3.1/../../../../arm-none-eabi/lib/thumb/v7-m/nofp\libcr_c.a(_cr_sbrk.o)
                0x000064c4                _sbrk
 .text._deferredlazyseek
                0x00006500       0x40 c:/nxp/mcuxpressoide_11.3.0_5222/ide/plugins/com.nxp.mcuxpresso.tools.win32_11.3.0.202008311133/tools/bin/../lib/gcc/arm-none-eabi/9.3.1/../../../../arm-none-eabi/lib/thumb/v7-m/nofp\libcr_c.a(_deferredlazyseek.o)
                0x00006500                _deferredlazyseek
 .text.__flsbuf
                0x00006540      0x140 c:/nxp/mcuxpressoide_11.3.0_5222/ide/plugins/com.nxp.mcuxpresso.tools.win32_11.3.0.202008311133/tools/bin/../lib/gcc/arm-none-eabi/9.3.1/../../../../arm-none-eabi/lib/thumb/v7-m/nofp\libcr_c.a(_deferredlazyseek.o)
                0x00006540                __flsbuf
 .text._fdopen  0x00006680       0x68 c:/nxp/mcuxpressoide_11.3.0_5222/ide/plugins/com.nxp.mcuxpresso.tools.win32_11.3.0.202008311133/tools/bin/../lib/gcc/arm-none-eabi/9.3.1/../../../../arm-none-eabi/lib/thumb/v7-m/nofp\libcr_c.a(_fdopen.o)
                0x00006680                _fdopen
 .text._fflush  0x000066e8       0x52 c:/nxp/mcuxpressoide_11.3.0_5222/ide/plugins/com.nxp.mcuxpresso.tools.win32_11.3.0.202008311133/tools/bin/../lib/gcc/arm-none-eabi/9.3.1/../../../../arm-none-eabi/lib/thumb/v7-m/nofp\libcr_c.a(_fflush.o)
                0x000066e8                _fflush
 .text._frexpl  0x0000673a       0x56 c:/nxp/mcuxpressoide_11.3.0_5222/ide/plugins/com.nxp.mcuxpresso.tools.win32_11.3.0.202008311133/tools/bin/../lib/gcc/arm-none-eabi/9.3.1/../../../../arm-none-eabi/lib/thumb/v7-m/nofp\libcr_c.a(_frexpl.o)
                0x0000673a                _frexpl
 .text._ldexpl  0x00006790       0x48 c:/nxp/mcuxpressoide_11.3.0_5222/ide/plugins/com.nxp.mcuxpresso.tools.win32_11.3.0.202008311133/tools/bin/../lib/gcc/arm-none-eabi/9.3.1/../../../../arm-none-eabi/lib/thumb/v7-m/nofp\libcr_c.a(_ldexpl.o)
                0x00006790                _ldexpl
 .text._Cwritebuf
                0x000067d8       0x6c c:/nxp/mcuxpressoide_11.3.0_5222/ide/plugins/com.nxp.mcuxpresso.tools.win32_11.3.0.202008311133/tools/bin/../lib/gcc/arm-none-eabi/9.3.1/../../../../arm-none-eabi/lib/thumb/v7-m/nofp\libcr_c.a(_writebuf.o)
                0x000067d8                _Cwritebuf
 .text.fclose   0x00006844       0x58 c:/nxp/mcuxpressoide_11.3.0_5222/ide/plugins/com.nxp.mcuxpresso.tools.win32_11.3.0.202008311133/tools/bin/../lib/gcc/arm-none-eabi/9.3.1/../../../../arm-none-eabi/lib/thumb/v7-m/nofp\libcr_c.a(fclose.o)
                0x00006844                fclose
 .text.fflush   0x0000689c       0x44 c:/nxp/mcuxpressoide_11.3.0_5222/ide/plugins/com.nxp.mcuxpresso.tools.win32_11.3.0.202008311133/tools/bin/../lib/gcc/arm-none-eabi/9.3.1/../../../../arm-none-eabi/lib/thumb/v7-m/nofp\libcr_c.a(fflush.o)
                0x0000689c                fflush
 .text.fseek    0x000068e0      0x100 c:/nxp/mcuxpressoide_11.3.0_5222/ide/plugins/com.nxp.mcuxpresso.tools.win32_11.3.0.202008311133/tools/bin/../lib/gcc/arm-none-eabi/9.3.1/../../../../arm-none-eabi/lib/thumb/v7-m/nofp\libcr_c.a(fseek.o)
                0x000068e0                fseek
 .text.ftell    0x000069e0       0x44 c:/nxp/mcuxpressoide_11.3.0_5222/ide/plugins/com.nxp.mcuxpresso.tools.win32_11.3.0.202008311133/tools/bin/../lib/gcc/arm-none-eabi/9.3.1/../../../../arm-none-eabi/lib/thumb/v7-m/nofp\libcr_c.a(ftell.o)
                0x000069e0                ftell
 .text.remove   0x00006a24       0x14 c:/nxp/mcuxpressoide_11.3.0_5222/ide/plugins/com.nxp.mcuxpresso.tools.win32_11.3.0.202008311133/tools/bin/../lib/gcc/arm-none-eabi/9.3.1/../../../../arm-none-eabi/lib/thumb/v7-m/nofp\libcr_c.a(remove.o)
                0x00006a24                remove
 .text.__check_heap_overflow
                0x00006a38       0x14 c:/nxp/mcuxpressoide_11.3.0_5222/ide/plugins/com.nxp.mcuxpresso.tools.win32_11.3.0.202008311133/tools/bin/../lib/gcc/arm-none-eabi/9.3.1/../../../../arm-none-eabi/lib/thumb/v7-m/nofp\libcr_c.a(_cr_check_heap.o)
                0x00006a38                __check_heap_overflow
 .text._do_fflush
                0x00006a4c       0x40 c:/nxp/mcuxpressoide_11.3.0_5222/ide/plugins/com.nxp.mcuxpresso.tools.win32_11.3.0.202008311133/tools/bin/../lib/gcc/arm-none-eabi/9.3.1/../../../../arm-none-eabi/lib/thumb/v7-m/nofp\libcr_c.a(_do_fflush.o)
                0x00006a4c                _do_fflush
 .text.__aeabi_dmul
                0x00006a8c      0x114 c:/nxp/mcuxpressoide_11.3.0_5222/ide/plugins/com.nxp.mcuxpresso.tools.win32_11.3.0.202008311133/tools/bin/../lib/gcc/arm-none-eabi/9.3.1/thumb/v7-m/nofp\libcr_eabihelpers.a(double.o)
                0x00006a8c                __aeabi_dmul
 .text.__aeabi_ddiv
                0x00006ba0      0x144 c:/nxp/mcuxpressoide_11.3.0_5222/ide/plugins/com.nxp.mcuxpresso.tools.win32_11.3.0.202008311133/tools/bin/../lib/gcc/arm-none-eabi/9.3.1/thumb/v7-m/nofp\libcr_eabihelpers.a(double.o)
                0x00006ba0                __aeabi_ddiv
 .text.__aeabi_dsub
                0x00006ce4      0x1a8 c:/nxp/mcuxpressoide_11.3.0_5222/ide/plugins/com.nxp.mcuxpresso.tools.win32_11.3.0.202008311133/tools/bin/../lib/gcc/arm-none-eabi/9.3.1/thumb/v7-m/nofp\libcr_eabihelpers.a(double.o)
                0x00006ce4                __aeabi_dsub
 .text.__aeabi_dadd
                0x00006e8c      0x110 c:/nxp/mcuxpressoide_11.3.0_5222/ide/plugins/com.nxp.mcuxpresso.tools.win32_11.3.0.202008311133/tools/bin/../lib/gcc/arm-none-eabi/9.3.1/thumb/v7-m/nofp\libcr_eabihelpers.a(double.o)
                0x00006e8c                __aeabi_dadd
 .text.__aeabi_d2iz
                0x00006f9c       0x42 c:/nxp/mcuxpressoide_11.3.0_5222/ide/plugins/com.nxp.mcuxpresso.tools.win32_11.3.0.202008311133/tools/bin/../lib/gcc/arm-none-eabi/9.3.1/thumb/v7-m/nofp\libcr_eabihelpers.a(double.o)
                0x00006f9c                __aeabi_d2iz
 .text.__bhs_ui2d
                0x00006fde       0x46 c:/nxp/mcuxpressoide_11.3.0_5222/ide/plugins/com.nxp.mcuxpresso.tools.win32_11.3.0.202008311133/tools/bin/../lib/gcc/arm-none-eabi/9.3.1/thumb/v7-m/nofp\libcr_eabihelpers.a(double.o)
                0x00006fde                __bhs_ui2d
 .text.__aeabi_i2d
                0x00007024       0x12 c:/nxp/mcuxpressoide_11.3.0_5222/ide/plugins/com.nxp.mcuxpresso.tools.win32_11.3.0.202008311133/tools/bin/../lib/gcc/arm-none-eabi/9.3.1/thumb/v7-m/nofp\libcr_eabihelpers.a(double.o)
                0x00007024                __aeabi_i2d
 .text.__aeabi_dcmpeq
                0x00007036       0x3c c:/nxp/mcuxpressoide_11.3.0_5222/ide/plugins/com.nxp.mcuxpresso.tools.win32_11.3.0.202008311133/tools/bin/../lib/gcc/arm-none-eabi/9.3.1/thumb/v7-m/nofp\libcr_eabihelpers.a(double.o)
                0x00007036                __aeabi_dcmpeq
 .text.__aeabi_dcmplt
                0x00007072       0x58 c:/nxp/mcuxpressoide_11.3.0_5222/ide/plugins/com.nxp.mcuxpresso.tools.win32_11.3.0.202008311133/tools/bin/../lib/gcc/arm-none-eabi/9.3.1/thumb/v7-m/nofp\libcr_eabihelpers.a(double.o)
                0x00007072                __aeabi_dcmplt
 .text.__aeabi_dcmple
                0x000070ca       0x62 c:/nxp/mcuxpressoide_11.3.0_5222/ide/plugins/com.nxp.mcuxpresso.tools.win32_11.3.0.202008311133/tools/bin/../lib/gcc/arm-none-eabi/9.3.1/thumb/v7-m/nofp\libcr_eabihelpers.a(double.o)
                0x000070ca                __aeabi_dcmple
 .text.__aeabi_dcmpge
                0x0000712c       0x68 c:/nxp/mcuxpressoide_11.3.0_5222/ide/plugins/com.nxp.mcuxpresso.tools.win32_11.3.0.202008311133/tools/bin/../lib/gcc/arm-none-eabi/9.3.1/thumb/v7-m/nofp\libcr_eabihelpers.a(double.o)
                0x0000712c                __aeabi_dcmpge
 .text.__aeabi_memcpy
                0x00007194       0x34 c:/nxp/mcuxpressoide_11.3.0_5222/ide/plugins/com.nxp.mcuxpresso.tools.win32_11.3.0.202008311133/tools/bin/../lib/gcc/arm-none-eabi/9.3.1/thumb/v7-m/nofp\libcr_eabihelpers.a(memcpy.o)
                0x00007194                __aeabi_memcpy
                0x0000719e                __aeabi_memcpy8
                0x0000719e                __aeabi_memcpy4
 .text.__aeabi_memset_lowlevel
                0x000071c8       0x32 c:/nxp/mcuxpressoide_11.3.0_5222/ide/plugins/com.nxp.mcuxpresso.tools.win32_11.3.0.202008311133/tools/bin/../lib/gcc/arm-none-eabi/9.3.1/thumb/v7-m/nofp\libcr_eabihelpers.a(memcpy.o)
                0x000071c8                __aeabi_lowlevel_memset
 .text.__sys_appexit
                0x000071fa        0x2 c:/nxp/mcuxpressoide_11.3.0_5222/ide/plugins/com.nxp.mcuxpresso.tools.win32_11.3.0.202008311133/tools/bin/../lib/gcc/arm-none-eabi/9.3.1/../../../../arm-none-eabi/lib/thumb/v7-m/nofp\libcr_nohost.a(__sys_appexit.o)
                0x000071fa                __sys_appexit
                0x000071fa                __exit
 .text.__sys_close
                0x000071fc        0x6 c:/nxp/mcuxpressoide_11.3.0_5222/ide/plugins/com.nxp.mcuxpresso.tools.win32_11.3.0.202008311133/tools/bin/../lib/gcc/arm-none-eabi/9.3.1/../../../../arm-none-eabi/lib/thumb/v7-m/nofp\libcr_nohost.a(__sys_close.o)
                0x000071fc                __sys_close
 .text.__sys_flen
                0x00007202        0x6 c:/nxp/mcuxpressoide_11.3.0_5222/ide/plugins/com.nxp.mcuxpresso.tools.win32_11.3.0.202008311133/tools/bin/../lib/gcc/arm-none-eabi/9.3.1/../../../../arm-none-eabi/lib/thumb/v7-m/nofp\libcr_nohost.a(__sys_flen.o)
                0x00007202                __sys_flen
 .text.__sys_istty
                0x00007208        0x6 c:/nxp/mcuxpressoide_11.3.0_5222/ide/plugins/com.nxp.mcuxpresso.tools.win32_11.3.0.202008311133/tools/bin/../lib/gcc/arm-none-eabi/9.3.1/../../../../arm-none-eabi/lib/thumb/v7-m/nofp\libcr_nohost.a(__sys_istty.o)
                0x00007208                __sys_istty
 .text.__sys_remove
                0x0000720e        0x6 c:/nxp/mcuxpressoide_11.3.0_5222/ide/plugins/com.nxp.mcuxpresso.tools.win32_11.3.0.202008311133/tools/bin/../lib/gcc/arm-none-eabi/9.3.1/../../../../arm-none-eabi/lib/thumb/v7-m/nofp\libcr_nohost.a(__sys_remove.o)
                0x0000720e                __sys_remove
 .text.__sys_seek
                0x00007214        0x6 c:/nxp/mcuxpressoide_11.3.0_5222/ide/plugins/com.nxp.mcuxpresso.tools.win32_11.3.0.202008311133/tools/bin/../lib/gcc/arm-none-eabi/9.3.1/../../../../arm-none-eabi/lib/thumb/v7-m/nofp\libcr_nohost.a(__sys_seek.o)
                0x00007214                __sys_seek
 .text.__sys_tmpnam
                0x0000721a        0x6 c:/nxp/mcuxpressoide_11.3.0_5222/ide/plugins/com.nxp.mcuxpresso.tools.win32_11.3.0.202008311133/tools/bin/../lib/gcc/arm-none-eabi/9.3.1/../../../../arm-none-eabi/lib/thumb/v7-m/nofp\libcr_nohost.a(__sys_tmpnam.o)
                0x0000721a                __sys_tmpnam
 *(.rodata .rodata.* .constdata .constdata.*)
 .rodata.vGiro_Task.str1.4
                0x00007220       0x18 ./sources/src/main.o
 .rodata.vPulsos_Task.str1.4
                0x00007238        0xc ./sources/src/main.o
 .rodata.main.str1.4
                0x00007244       0x3a ./sources/src/main.o
 *fill*         0x0000727e        0x2 ff
 .rodata.vApplicationMallocFailedHook.str1.4
                0x00007280       0x26 ./freertos/src/FreeRTOSCommonHooks.o
 *fill*         0x000072a6        0x2 ff
 .rodata.vTaskStartScheduler.str1.4
                0x000072a8        0x5 ./freertos/src/tasks.o
 *fill*         0x000072ad        0x3 ff
 .rodata.xTimerCreateTimerTask.str1.4
                0x000072b0        0x8 ./freertos/src/timers.o
 .rodata.prvCheckForValidListAndQueue.str1.4
                0x000072b8        0x5 ./freertos/src/timers.o
 *fill*         0x000072bd        0x3 ff
 .rodata.OscRateIn
                0x000072c0        0x4 C:\Users\Juan Diego\Documents\MCUXpressoIDE_11.3.0_5222\workspace\lpc_board_nxp_lpcxpresso_1769\Debug\liblpc_board_nxp_lpcxpresso_1769.a(board.o)
                0x000072c0                OscRateIn
 .rodata.RTCOscRateIn
                0x000072c4        0x4 C:\Users\Juan Diego\Documents\MCUXpressoIDE_11.3.0_5222\workspace\lpc_board_nxp_lpcxpresso_1769\Debug\liblpc_board_nxp_lpcxpresso_1769.a(board.o)
                0x000072c4                RTCOscRateIn
 .rodata.pinmuxing
                0x000072c8       0x5c C:\Users\Juan Diego\Documents\MCUXpressoIDE_11.3.0_5222\workspace\lpc_board_nxp_lpcxpresso_1769\Debug\liblpc_board_nxp_lpcxpresso_1769.a(board_sysinit.o)
 .rodata.I2C_PeriphClk
                0x00007324        0x3 C:\Users\Juan Diego\Documents\MCUXpressoIDE_11.3.0_5222\workspace\lpc_chip_175x_6x\Debug\liblpc_chip_175x_6x.a(i2c_17xx_40xx.o)
 .rodata._Csys_alloc.str1.1
                0x00007327       0x18 c:/nxp/mcuxpressoide_11.3.0_5222/ide/plugins/com.nxp.mcuxpresso.tools.win32_11.3.0.202008311133/tools/bin/../lib/gcc/arm-none-eabi/9.3.1/../../../../arm-none-eabi/lib/thumb/v7-m/nofp\libcr_c.a(alloc.o)
 .rodata.fp_display.str1.1
                0x0000733f       0x34 c:/nxp/mcuxpressoide_11.3.0_5222/ide/plugins/com.nxp.mcuxpresso.tools.win32_11.3.0.202008311133/tools/bin/../lib/gcc/arm-none-eabi/9.3.1/../../../../arm-none-eabi/lib/thumb/v7-m/nofp\libcr_c.a(fpprintf.o)
                                 0x35 (size before relaxing)
 .rodata._initio.str1.1
                0x00007373        0x4 c:/nxp/mcuxpressoide_11.3.0_5222/ide/plugins/com.nxp.mcuxpresso.tools.win32_11.3.0.202008311133/tools/bin/../lib/gcc/arm-none-eabi/9.3.1/../../../../arm-none-eabi/lib/thumb/v7-m/nofp\libcr_c.a(initio.o)
 .rodata.__vfprintf.str1.1
                0x00007377       0x31 c:/nxp/mcuxpressoide_11.3.0_5222/ide/plugins/com.nxp.mcuxpresso.tools.win32_11.3.0.202008311133/tools/bin/../lib/gcc/arm-none-eabi/9.3.1/../../../../arm-none-eabi/lib/thumb/v7-m/nofp\libcr_c.a(printf.o)
                                 0x38 (size before relaxing)
 .rodata.__num_Ciob_streams
                0x000073a8        0x4 c:/nxp/mcuxpressoide_11.3.0_5222/ide/plugins/com.nxp.mcuxpresso.tools.win32_11.3.0.202008311133/tools/bin/../lib/gcc/arm-none-eabi/9.3.1/../../../../arm-none-eabi/lib/thumb/v7-m/nofp\libcr_nohost.a(__ciob.o)
                0x000073a8                __num_Ciob_streams
                0x000073ac                . = ALIGN (0x4)

.glue_7         0x000073ac        0x0
 .glue_7        0x000073ac        0x0 linker stubs

.glue_7t        0x000073ac        0x0
 .glue_7t       0x000073ac        0x0 linker stubs

.vfp11_veneer   0x000073ac        0x0
 .vfp11_veneer  0x000073ac        0x0 linker stubs

.v4_bx          0x000073ac        0x0
 .v4_bx         0x000073ac        0x0 linker stubs

.iplt           0x000073ac        0x0
 .iplt          0x000073ac        0x0 ./sources/src/cr_startup_lpc175x_6x.o

.rel.dyn        0x000073ac        0x0
 .rel.iplt      0x000073ac        0x0 ./sources/src/cr_startup_lpc175x_6x.o

.ARM.extab
 *(.ARM.extab* .gnu.linkonce.armextab.*)

.ARM.exidx      0x000073ac        0x0
                0x000073ac                __exidx_start = .
 *(.ARM.exidx* .gnu.linkonce.armexidx.*)
                0x000073ac                __exidx_end = .
                0x000073ac                _etext = .

.data_RAM2      0x2007c000        0x0 load address 0x000073ac
 FILL mask 0xff
                [!provide]                PROVIDE (__start_data_RAM2 = .)
                [!provide]                PROVIDE (__start_data_RamAHB32 = .)
 *(.ramfunc.$RAM2)
 *(.ramfunc.$RamAHB32)
 *(.data.$RAM2)
 *(.data.$RamAHB32)
 *(.data.$RAM2.*)
 *(.data.$RamAHB32.*)
                0x2007c000                . = ALIGN (0x4)
                [!provide]                PROVIDE (__end_data_RAM2 = .)
                [!provide]                PROVIDE (__end_data_RamAHB32 = .)

.uninit_RESERVED
                0x10000000        0x0
                0x10000000                _start_uninit_RESERVED = .
 *(.bss.$RESERVED*)
                0x10000000                . = ALIGN (0x4)
                0x10000000                _end_uninit_RESERVED = .

.data           0x10000000       0x5c load address 0x000073ac
 FILL mask 0xff
                0x10000000                _data = .
                [!provide]                PROVIDE (__start_data_RAM = .)
                [!provide]                PROVIDE (__start_data_RamLoc32 = .)
 *(vtable)
 *(.ramfunc*)
 *(CodeQuickAccess)
 *(DataQuickAccess)
 *(RamFunction)
 *(.data*)
 .data.uxCriticalNesting
                0x10000000        0x4 ./freertos/src/port.o
 .data.uxTopUsedPriority
                0x10000004        0x4 ./freertos/src/tasks.o
                0x10000004                uxTopUsedPriority
 .data.i2c      0x10000008       0x54 C:\Users\Juan Diego\Documents\MCUXpressoIDE_11.3.0_5222\workspace\lpc_chip_175x_6x\Debug\liblpc_chip_175x_6x.a(i2c_17xx_40xx.o)
                0x1000005c                . = ALIGN (0x4)
                0x1000005c                _edata = .
                [!provide]                PROVIDE (__end_data_RAM = .)
                [!provide]                PROVIDE (__end_data_RamLoc32 = .)

.igot.plt       0x1000005c        0x0 load address 0x00007408
 .igot.plt      0x1000005c        0x0 ./sources/src/cr_startup_lpc175x_6x.o

.bss_RAM2       0x2007c000        0x0
                [!provide]                PROVIDE (__start_bss_RAM2 = .)
                [!provide]                PROVIDE (__start_bss_RamAHB32 = .)
 *(.bss.$RAM2)
 *(.bss.$RamAHB32)
 *(.bss.$RAM2.*)
 *(.bss.$RamAHB32.*)
                0x2007c000                . = ALIGN ((. != 0x0)?0x4:0x1)
                [!provide]                PROVIDE (__end_bss_RAM2 = .)
                [!provide]                PROVIDE (__end_bss_RamAHB32 = .)

.bss            0x1000005c      0x428
                0x1000005c                _bss = .
                [!provide]                PROVIDE (__start_bss_RAM = .)
                [!provide]                PROVIDE (__start_bss_RamLoc32 = .)
 *(.bss*)
 .bss.ADCSetup.8029
                0x1000005c        0x8 ./sources/src/main.o
 .bss.pxCurrentTCB
                0x10000064        0x4 ./freertos/src/tasks.o
                0x10000064                pxCurrentTCB
 .bss.pxReadyTasksLists
                0x10000068       0xa0 ./freertos/src/tasks.o
 .bss.xDelayedTaskList1
                0x10000108       0x14 ./freertos/src/tasks.o
 .bss.xDelayedTaskList2
                0x1000011c       0x14 ./freertos/src/tasks.o
 .bss.pxDelayedTaskList
                0x10000130        0x4 ./freertos/src/tasks.o
 .bss.pxOverflowDelayedTaskList
                0x10000134        0x4 ./freertos/src/tasks.o
 .bss.xPendingReadyList
                0x10000138       0x14 ./freertos/src/tasks.o
 .bss.xTasksWaitingTermination
                0x1000014c       0x14 ./freertos/src/tasks.o
 .bss.uxDeletedTasksWaitingCleanUp
                0x10000160        0x4 ./freertos/src/tasks.o
 .bss.xSuspendedTaskList
                0x10000164       0x14 ./freertos/src/tasks.o
 .bss.uxCurrentNumberOfTasks
                0x10000178        0x4 ./freertos/src/tasks.o
 .bss.xTickCount
                0x1000017c        0x4 ./freertos/src/tasks.o
 .bss.uxTopReadyPriority
                0x10000180        0x4 ./freertos/src/tasks.o
 .bss.xSchedulerRunning
                0x10000184        0x4 ./freertos/src/tasks.o
 .bss.xPendedTicks
                0x10000188        0x4 ./freertos/src/tasks.o
 .bss.xYieldPending
                0x1000018c        0x4 ./freertos/src/tasks.o
 .bss.xNumOfOverflows
                0x10000190        0x4 ./freertos/src/tasks.o
 .bss.uxTaskNumber
                0x10000194        0x4 ./freertos/src/tasks.o
 .bss.xNextTaskUnblockTime
                0x10000198        0x4 ./freertos/src/tasks.o
 .bss.xIdleTaskHandle
                0x1000019c        0x4 ./freertos/src/tasks.o
 .bss.uxSchedulerSuspended
                0x100001a0        0x4 ./freertos/src/tasks.o
 .bss.xActiveTimerList1
                0x100001a4       0x14 ./freertos/src/timers.o
 .bss.xActiveTimerList2
                0x100001b8       0x14 ./freertos/src/timers.o
 .bss.pxCurrentTimerList
                0x100001cc        0x4 ./freertos/src/timers.o
 .bss.pxOverflowTimerList
                0x100001d0        0x4 ./freertos/src/timers.o
 .bss.xTimerQueue
                0x100001d4        0x4 ./freertos/src/timers.o
 .bss.xTimerTaskHandle
                0x100001d8        0x4 ./freertos/src/timers.o
 .bss.xLastTime.8195
                0x100001dc        0x4 ./freertos/src/timers.o
 .bss.__end_of_heap
                0x100001e0        0x4 c:/nxp/mcuxpressoide_11.3.0_5222/ide/plugins/com.nxp.mcuxpresso.tools.win32_11.3.0.202008311133/tools/bin/../lib/gcc/arm-none-eabi/9.3.1/../../../../arm-none-eabi/lib/thumb/v7-m/nofp\libcr_c.a(__init_alloc.o)
                0x100001e0                __end_of_heap
 .bss.__heaps   0x100001e4        0x4 c:/nxp/mcuxpressoide_11.3.0_5222/ide/plugins/com.nxp.mcuxpresso.tools.win32_11.3.0.202008311133/tools/bin/../lib/gcc/arm-none-eabi/9.3.1/../../../../arm-none-eabi/lib/thumb/v7-m/nofp\libcr_c.a(__init_alloc.o)
                0x100001e4                __heaps
 .bss.errno     0x100001e8        0x4 c:/nxp/mcuxpressoide_11.3.0_5222/ide/plugins/com.nxp.mcuxpresso.tools.win32_11.3.0.202008311133/tools/bin/../lib/gcc/arm-none-eabi/9.3.1/../../../../arm-none-eabi/lib/thumb/v7-m/nofp\libcr_c.a(errno.o)
                0x100001e8                errno
 .bss.__Ciob    0x100001ec      0x1e0 c:/nxp/mcuxpressoide_11.3.0_5222/ide/plugins/com.nxp.mcuxpresso.tools.win32_11.3.0.202008311133/tools/bin/../lib/gcc/arm-none-eabi/9.3.1/../../../../arm-none-eabi/lib/thumb/v7-m/nofp\libcr_nohost.a(__ciob.o)
                0x100001ec                __Ciob
 *(COMMON)
 COMMON         0x100003cc        0x1 ./sources/src/lcd1602_i2c.o
                0x100003cc                i2c
 *fill*         0x100003cd        0x3 
 COMMON         0x100003d0       0x10 ./sources/src/main.o
                0x100003d0                xQueueVelocidad
                0x100003d4                xQueueLCD
                0x100003d8                xQueueGiro
                0x100003dc                xQueueCapture
 COMMON         0x100003e0       0xa0 ./freertos/src/queue.o
                0x100003e0                xQueueRegistry
 COMMON         0x10000480        0x4 C:\Users\Juan Diego\Documents\MCUXpressoIDE_11.3.0_5222\workspace\lpc_chip_175x_6x\Debug\liblpc_chip_175x_6x.a(chip_17xx_40xx.o)
                0x10000480                SystemCoreClock
                0x10000484                . = ALIGN (0x4)
                0x10000484                _ebss = .
                [!provide]                PROVIDE (__end_bss_RAM = .)
                [!provide]                PROVIDE (__end_bss_RamLoc32 = .)
                [!provide]                PROVIDE (end = .)

.noinit_RAM2    0x2007c000        0x0
                [!provide]                PROVIDE (__start_noinit_RAM2 = .)
                [!provide]                PROVIDE (__start_noinit_RamAHB32 = .)
 *(.noinit.$RAM2)
 *(.noinit.$RamAHB32)
 *(.noinit.$RAM2.*)
 *(.noinit.$RamAHB32.*)
                0x2007c000                . = ALIGN (0x4)
                [!provide]                PROVIDE (__end_noinit_RAM2 = .)
                [!provide]                PROVIDE (__end_noinit_RamAHB32 = .)

.noinit         0x10000484        0x0
                0x10000484                _noinit = .
                [!provide]                PROVIDE (__start_noinit_RAM = .)
                [!provide]                PROVIDE (__start_noinit_RamLoc32 = .)
 *(.noinit*)
                0x10000484                . = ALIGN (0x4)
                0x10000484                _end_noinit = .
                [!provide]                PROVIDE (__end_noinit_RAM = .)
                [!provide]                PROVIDE (__end_noinit_RamLoc32 = .)
                0x10000484                PROVIDE (_pvHeapStart = DEFINED (__user_heap_base)?__user_heap_base:.)
                0x10008000                PROVIDE (_vStackTop = DEFINED (__user_stack_top)?__user_stack_top:(__top_RamLoc32 - 0x0))
                [!provide]                PROVIDE (__valid_user_code_checksum = (0x0 - ((((((_vStackTop + (ResetISR + 0x1)) + (NMI_Handler + 0x1)) + (HardFault_Handler + 0x1)) + (DEFINED (MemManage_Handler)?MemManage_Handler:0x0 + 0x1)) + (DEFINED (BusFault_Handler)?BusFault_Handler:0x0 + 0x1)) + (DEFINED (UsageFault_Handler)?UsageFault_Handler:0x0 + 0x1))))
                0x00000000                _image_start = LOADADDR (.text)
                0x00007408                _image_end = (LOADADDR (.data) + SIZEOF (.data))
                0x00007408                _image_size = (_image_end - _image_start)
OUTPUT(TDIII_Parcial.axf elf32-littlearm)
LOAD linker stubs

.debug_info     0x00000000     0xd905
 .debug_info    0x00000000      0x272 ./sources/src/cr_startup_lpc175x_6x.o
 .debug_info    0x00000272      0x3cd ./sources/src/lcd1602_i2c.o
 .debug_info    0x0000063f     0x154a ./sources/src/main.o
 .debug_info    0x00001b89      0x250 ./sources/src/sysinit.o
 .debug_info    0x00001dd9      0x352 ./freertos/src/FreeRTOSCommonHooks.o
 .debug_info    0x0000212b      0x294 ./freertos/src/heap_3.o
 .debug_info    0x000023bf      0x455 ./freertos/src/list.o
 .debug_info    0x00002814      0x519 ./freertos/src/port.o
 .debug_info    0x00002d2d     0x158c ./freertos/src/queue.o
 .debug_info    0x000042b9     0x238b ./freertos/src/tasks.o
 .debug_info    0x00006644      0xeda ./freertos/src/timers.o
 .debug_info    0x0000751e     0x1653 C:\Users\Juan Diego\Documents\MCUXpressoIDE_11.3.0_5222\workspace\lpc_board_nxp_lpcxpresso_1769\Debug\liblpc_board_nxp_lpcxpresso_1769.a(board.o)
 .debug_info    0x00008b71      0x71d C:\Users\Juan Diego\Documents\MCUXpressoIDE_11.3.0_5222\workspace\lpc_board_nxp_lpcxpresso_1769\Debug\liblpc_board_nxp_lpcxpresso_1769.a(board_sysinit.o)
 .debug_info    0x0000928e      0x934 C:\Users\Juan Diego\Documents\MCUXpressoIDE_11.3.0_5222\workspace\lpc_chip_175x_6x\Debug\liblpc_chip_175x_6x.a(adc_17xx_40xx.o)
 .debug_info    0x00009bc2      0x591 C:\Users\Juan Diego\Documents\MCUXpressoIDE_11.3.0_5222\workspace\lpc_chip_175x_6x\Debug\liblpc_chip_175x_6x.a(chip_17xx_40xx.o)
 .debug_info    0x0000a153      0xc2a C:\Users\Juan Diego\Documents\MCUXpressoIDE_11.3.0_5222\workspace\lpc_chip_175x_6x\Debug\liblpc_chip_175x_6x.a(clock_17xx_40xx.o)
 .debug_info    0x0000ad7d      0xf5f C:\Users\Juan Diego\Documents\MCUXpressoIDE_11.3.0_5222\workspace\lpc_chip_175x_6x\Debug\liblpc_chip_175x_6x.a(i2c_17xx_40xx.o)
 .debug_info    0x0000bcdc      0x347 C:\Users\Juan Diego\Documents\MCUXpressoIDE_11.3.0_5222\workspace\lpc_chip_175x_6x\Debug\liblpc_chip_175x_6x.a(iocon_17xx_40xx.o)
 .debug_info    0x0000c023      0x4b0 C:\Users\Juan Diego\Documents\MCUXpressoIDE_11.3.0_5222\workspace\lpc_chip_175x_6x\Debug\liblpc_chip_175x_6x.a(sysinit_17xx_40xx.o)
 .debug_info    0x0000c4d3      0x458 C:\Users\Juan Diego\Documents\MCUXpressoIDE_11.3.0_5222\workspace\lpc_chip_175x_6x\Debug\liblpc_chip_175x_6x.a(timer_17xx_40xx.o)
 .debug_info    0x0000c92b      0xfda C:\Users\Juan Diego\Documents\MCUXpressoIDE_11.3.0_5222\workspace\lpc_chip_175x_6x\Debug\liblpc_chip_175x_6x.a(uart_17xx_40xx.o)

.debug_abbrev   0x00000000     0x2d0f
 .debug_abbrev  0x00000000      0x117 ./sources/src/cr_startup_lpc175x_6x.o
 .debug_abbrev  0x00000117      0x187 ./sources/src/lcd1602_i2c.o
 .debug_abbrev  0x0000029e      0x342 ./sources/src/main.o
 .debug_abbrev  0x000005e0       0xeb ./sources/src/sysinit.o
 .debug_abbrev  0x000006cb      0x1a5 ./freertos/src/FreeRTOSCommonHooks.o
 .debug_abbrev  0x00000870      0x147 ./freertos/src/heap_3.o
 .debug_abbrev  0x000009b7      0x136 ./freertos/src/list.o
 .debug_abbrev  0x00000aed      0x26f ./freertos/src/port.o
 .debug_abbrev  0x00000d5c      0x2b3 ./freertos/src/queue.o
 .debug_abbrev  0x0000100f      0x31a ./freertos/src/tasks.o
 .debug_abbrev  0x00001329      0x276 ./freertos/src/timers.o
 .debug_abbrev  0x0000159f      0x413 C:\Users\Juan Diego\Documents\MCUXpressoIDE_11.3.0_5222\workspace\lpc_board_nxp_lpcxpresso_1769\Debug\liblpc_board_nxp_lpcxpresso_1769.a(board.o)
 .debug_abbrev  0x000019b2      0x1a2 C:\Users\Juan Diego\Documents\MCUXpressoIDE_11.3.0_5222\workspace\lpc_board_nxp_lpcxpresso_1769\Debug\liblpc_board_nxp_lpcxpresso_1769.a(board_sysinit.o)
 .debug_abbrev  0x00001b54      0x1f2 C:\Users\Juan Diego\Documents\MCUXpressoIDE_11.3.0_5222\workspace\lpc_chip_175x_6x\Debug\liblpc_chip_175x_6x.a(adc_17xx_40xx.o)
 .debug_abbrev  0x00001d46      0x16d C:\Users\Juan Diego\Documents\MCUXpressoIDE_11.3.0_5222\workspace\lpc_chip_175x_6x\Debug\liblpc_chip_175x_6x.a(chip_17xx_40xx.o)
 .debug_abbrev  0x00001eb3      0x34d C:\Users\Juan Diego\Documents\MCUXpressoIDE_11.3.0_5222\workspace\lpc_chip_175x_6x\Debug\liblpc_chip_175x_6x.a(clock_17xx_40xx.o)
 .debug_abbrev  0x00002200      0x318 C:\Users\Juan Diego\Documents\MCUXpressoIDE_11.3.0_5222\workspace\lpc_chip_175x_6x\Debug\liblpc_chip_175x_6x.a(i2c_17xx_40xx.o)
 .debug_abbrev  0x00002518      0x164 C:\Users\Juan Diego\Documents\MCUXpressoIDE_11.3.0_5222\workspace\lpc_chip_175x_6x\Debug\liblpc_chip_175x_6x.a(iocon_17xx_40xx.o)
 .debug_abbrev  0x0000267c      0x1b0 C:\Users\Juan Diego\Documents\MCUXpressoIDE_11.3.0_5222\workspace\lpc_chip_175x_6x\Debug\liblpc_chip_175x_6x.a(sysinit_17xx_40xx.o)
 .debug_abbrev  0x0000282c      0x18f C:\Users\Juan Diego\Documents\MCUXpressoIDE_11.3.0_5222\workspace\lpc_chip_175x_6x\Debug\liblpc_chip_175x_6x.a(timer_17xx_40xx.o)
 .debug_abbrev  0x000029bb      0x354 C:\Users\Juan Diego\Documents\MCUXpressoIDE_11.3.0_5222\workspace\lpc_chip_175x_6x\Debug\liblpc_chip_175x_6x.a(uart_17xx_40xx.o)

.debug_aranges  0x00000000      0xdf0
 .debug_aranges
                0x00000000       0x80 ./sources/src/cr_startup_lpc175x_6x.o
 .debug_aranges
                0x00000080       0x58 ./sources/src/lcd1602_i2c.o
 .debug_aranges
                0x000000d8       0xf8 ./sources/src/main.o
 .debug_aranges
                0x000001d0       0x20 ./sources/src/sysinit.o
 .debug_aranges
                0x000001f0       0x40 ./freertos/src/FreeRTOSCommonHooks.o
 .debug_aranges
                0x00000230       0x28 ./freertos/src/heap_3.o
 .debug_aranges
                0x00000258       0x40 ./freertos/src/list.o
 .debug_aranges
                0x00000298       0x70 ./freertos/src/port.o
 .debug_aranges
                0x00000308      0x140 ./freertos/src/queue.o
 .debug_aranges
                0x00000448      0x228 ./freertos/src/tasks.o
 .debug_aranges
                0x00000670       0xf8 ./freertos/src/timers.o
 .debug_aranges
                0x00000768      0x160 C:\Users\Juan Diego\Documents\MCUXpressoIDE_11.3.0_5222\workspace\lpc_board_nxp_lpcxpresso_1769\Debug\liblpc_board_nxp_lpcxpresso_1769.a(board.o)
 .debug_aranges
                0x000008c8       0x38 C:\Users\Juan Diego\Documents\MCUXpressoIDE_11.3.0_5222\workspace\lpc_board_nxp_lpcxpresso_1769\Debug\liblpc_board_nxp_lpcxpresso_1769.a(board_sysinit.o)
 .debug_aranges
                0x00000900       0x88 C:\Users\Juan Diego\Documents\MCUXpressoIDE_11.3.0_5222\workspace\lpc_chip_175x_6x\Debug\liblpc_chip_175x_6x.a(adc_17xx_40xx.o)
 .debug_aranges
                0x00000988       0x38 C:\Users\Juan Diego\Documents\MCUXpressoIDE_11.3.0_5222\workspace\lpc_chip_175x_6x\Debug\liblpc_chip_175x_6x.a(chip_17xx_40xx.o)
 .debug_aranges
                0x000009c0      0x120 C:\Users\Juan Diego\Documents\MCUXpressoIDE_11.3.0_5222\workspace\lpc_chip_175x_6x\Debug\liblpc_chip_175x_6x.a(clock_17xx_40xx.o)
 .debug_aranges
                0x00000ae0      0x118 C:\Users\Juan Diego\Documents\MCUXpressoIDE_11.3.0_5222\workspace\lpc_chip_175x_6x\Debug\liblpc_chip_175x_6x.a(i2c_17xx_40xx.o)
 .debug_aranges
                0x00000bf8       0x30 C:\Users\Juan Diego\Documents\MCUXpressoIDE_11.3.0_5222\workspace\lpc_chip_175x_6x\Debug\liblpc_chip_175x_6x.a(iocon_17xx_40xx.o)
 .debug_aranges
                0x00000c28       0x60 C:\Users\Juan Diego\Documents\MCUXpressoIDE_11.3.0_5222\workspace\lpc_chip_175x_6x\Debug\liblpc_chip_175x_6x.a(sysinit_17xx_40xx.o)
 .debug_aranges
                0x00000c88       0x40 C:\Users\Juan Diego\Documents\MCUXpressoIDE_11.3.0_5222\workspace\lpc_chip_175x_6x\Debug\liblpc_chip_175x_6x.a(timer_17xx_40xx.o)
 .debug_aranges
                0x00000cc8      0x128 C:\Users\Juan Diego\Documents\MCUXpressoIDE_11.3.0_5222\workspace\lpc_chip_175x_6x\Debug\liblpc_chip_175x_6x.a(uart_17xx_40xx.o)

.debug_ranges   0x00000000      0xca0
 .debug_ranges  0x00000000       0x70 ./sources/src/cr_startup_lpc175x_6x.o
 .debug_ranges  0x00000070       0x48 ./sources/src/lcd1602_i2c.o
 .debug_ranges  0x000000b8       0xe8 ./sources/src/main.o
 .debug_ranges  0x000001a0       0x10 ./sources/src/sysinit.o
 .debug_ranges  0x000001b0       0x30 ./freertos/src/FreeRTOSCommonHooks.o
 .debug_ranges  0x000001e0       0x18 ./freertos/src/heap_3.o
 .debug_ranges  0x000001f8       0x30 ./freertos/src/list.o
 .debug_ranges  0x00000228       0x60 ./freertos/src/port.o
 .debug_ranges  0x00000288      0x130 ./freertos/src/queue.o
 .debug_ranges  0x000003b8      0x218 ./freertos/src/tasks.o
 .debug_ranges  0x000005d0       0xe8 ./freertos/src/timers.o
 .debug_ranges  0x000006b8      0x150 C:\Users\Juan Diego\Documents\MCUXpressoIDE_11.3.0_5222\workspace\lpc_board_nxp_lpcxpresso_1769\Debug\liblpc_board_nxp_lpcxpresso_1769.a(board.o)
 .debug_ranges  0x00000808       0x28 C:\Users\Juan Diego\Documents\MCUXpressoIDE_11.3.0_5222\workspace\lpc_board_nxp_lpcxpresso_1769\Debug\liblpc_board_nxp_lpcxpresso_1769.a(board_sysinit.o)
 .debug_ranges  0x00000830       0x78 C:\Users\Juan Diego\Documents\MCUXpressoIDE_11.3.0_5222\workspace\lpc_chip_175x_6x\Debug\liblpc_chip_175x_6x.a(adc_17xx_40xx.o)
 .debug_ranges  0x000008a8       0x28 C:\Users\Juan Diego\Documents\MCUXpressoIDE_11.3.0_5222\workspace\lpc_chip_175x_6x\Debug\liblpc_chip_175x_6x.a(chip_17xx_40xx.o)
 .debug_ranges  0x000008d0      0x110 C:\Users\Juan Diego\Documents\MCUXpressoIDE_11.3.0_5222\workspace\lpc_chip_175x_6x\Debug\liblpc_chip_175x_6x.a(clock_17xx_40xx.o)
 .debug_ranges  0x000009e0      0x108 C:\Users\Juan Diego\Documents\MCUXpressoIDE_11.3.0_5222\workspace\lpc_chip_175x_6x\Debug\liblpc_chip_175x_6x.a(i2c_17xx_40xx.o)
 .debug_ranges  0x00000ae8       0x20 C:\Users\Juan Diego\Documents\MCUXpressoIDE_11.3.0_5222\workspace\lpc_chip_175x_6x\Debug\liblpc_chip_175x_6x.a(iocon_17xx_40xx.o)
 .debug_ranges  0x00000b08       0x50 C:\Users\Juan Diego\Documents\MCUXpressoIDE_11.3.0_5222\workspace\lpc_chip_175x_6x\Debug\liblpc_chip_175x_6x.a(sysinit_17xx_40xx.o)
 .debug_ranges  0x00000b58       0x30 C:\Users\Juan Diego\Documents\MCUXpressoIDE_11.3.0_5222\workspace\lpc_chip_175x_6x\Debug\liblpc_chip_175x_6x.a(timer_17xx_40xx.o)
 .debug_ranges  0x00000b88      0x118 C:\Users\Juan Diego\Documents\MCUXpressoIDE_11.3.0_5222\workspace\lpc_chip_175x_6x\Debug\liblpc_chip_175x_6x.a(uart_17xx_40xx.o)

.debug_macro    0x00000000     0x7cba
 .debug_macro   0x00000000       0x1d ./sources/src/cr_startup_lpc175x_6x.o
 .debug_macro   0x0000001d      0xaa8 ./sources/src/cr_startup_lpc175x_6x.o
 .debug_macro   0x00000ac5      0x1e5 ./sources/src/lcd1602_i2c.o
 .debug_macro   0x00000caa       0x10 ./sources/src/lcd1602_i2c.o
 .debug_macro   0x00000cba       0x10 ./sources/src/lcd1602_i2c.o
 .debug_macro   0x00000cca      0x12e ./sources/src/lcd1602_i2c.o
 .debug_macro   0x00000df8      0x5b3 ./sources/src/lcd1602_i2c.o
 .debug_macro   0x000013ab       0x22 ./sources/src/lcd1602_i2c.o
 .debug_macro   0x000013cd       0x7b ./sources/src/lcd1602_i2c.o
 .debug_macro   0x00001448       0x10 ./sources/src/lcd1602_i2c.o
 .debug_macro   0x00001458       0x2d ./sources/src/lcd1602_i2c.o
 .debug_macro   0x00001485       0x3a ./sources/src/lcd1602_i2c.o
 .debug_macro   0x000014bf       0x2d ./sources/src/lcd1602_i2c.o
 .debug_macro   0x000014ec      0xbb1 ./sources/src/lcd1602_i2c.o
 .debug_macro   0x0000209d      0x235 ./sources/src/lcd1602_i2c.o
 .debug_macro   0x000022d2       0x42 ./sources/src/lcd1602_i2c.o
 .debug_macro   0x00002314       0x52 ./sources/src/lcd1602_i2c.o
 .debug_macro   0x00002366       0x78 ./sources/src/lcd1602_i2c.o
 .debug_macro   0x000023de       0x82 ./sources/src/lcd1602_i2c.o
 .debug_macro   0x00002460      0x48c ./sources/src/lcd1602_i2c.o
 .debug_macro   0x000028ec       0x34 ./sources/src/lcd1602_i2c.o
 .debug_macro   0x00002920      0x4c5 ./sources/src/lcd1602_i2c.o
 .debug_macro   0x00002de5      0x1b7 ./sources/src/lcd1602_i2c.o
 .debug_macro   0x00002f9c       0x10 ./sources/src/lcd1602_i2c.o
 .debug_macro   0x00002fac      0x21b ./sources/src/lcd1602_i2c.o
 .debug_macro   0x000031c7      0x1b9 ./sources/src/lcd1602_i2c.o
 .debug_macro   0x00003380       0x40 ./sources/src/lcd1602_i2c.o
 .debug_macro   0x000033c0       0x22 ./sources/src/lcd1602_i2c.o
 .debug_macro   0x000033e2      0x162 ./sources/src/lcd1602_i2c.o
 .debug_macro   0x00003544       0x94 ./sources/src/lcd1602_i2c.o
 .debug_macro   0x000035d8       0xb8 ./sources/src/lcd1602_i2c.o
 .debug_macro   0x00003690       0x4c ./sources/src/lcd1602_i2c.o
 .debug_macro   0x000036dc       0x16 ./sources/src/lcd1602_i2c.o
 .debug_macro   0x000036f2      0x328 ./sources/src/lcd1602_i2c.o
 .debug_macro   0x00003a1a       0x49 ./sources/src/lcd1602_i2c.o
 .debug_macro   0x00003a63       0x16 ./sources/src/lcd1602_i2c.o
 .debug_macro   0x00003a79       0xca ./sources/src/lcd1602_i2c.o
 .debug_macro   0x00003b43       0x18 ./sources/src/lcd1602_i2c.o
 .debug_macro   0x00003b5b       0xac ./sources/src/lcd1602_i2c.o
 .debug_macro   0x00003c07       0xa0 ./sources/src/lcd1602_i2c.o
 .debug_macro   0x00003ca7      0x3a2 ./sources/src/main.o
 .debug_macro   0x00004049       0x70 ./sources/src/main.o
 .debug_macro   0x000040b9       0x9a ./sources/src/main.o
 .debug_macro   0x00004153       0x20 ./sources/src/main.o
 .debug_macro   0x00004173       0x28 ./sources/src/main.o
 .debug_macro   0x0000419b       0x10 ./sources/src/main.o
 .debug_macro   0x000041ab      0x159 ./sources/src/main.o
 .debug_macro   0x00004304      0x15a ./sources/src/main.o
 .debug_macro   0x0000445e       0xc8 ./sources/src/main.o
 .debug_macro   0x00004526       0x28 ./sources/src/main.o
 .debug_macro   0x0000454e       0x1f ./sources/src/main.o
 .debug_macro   0x0000456d       0x12 ./sources/src/main.o
 .debug_macro   0x0000457f      0x4f5 ./sources/src/main.o
 .debug_macro   0x00004a74       0xc3 ./sources/src/main.o
 .debug_macro   0x00004b37      0x120 ./sources/src/main.o
 .debug_macro   0x00004c57       0x80 ./sources/src/main.o
 .debug_macro   0x00004cd7       0x85 ./sources/src/main.o
 .debug_macro   0x00004d5c      0x112 ./sources/src/main.o
 .debug_macro   0x00004e6e       0xac ./sources/src/main.o
 .debug_macro   0x00004f1a       0x1c ./sources/src/main.o
 .debug_macro   0x00004f36      0x221 ./sources/src/sysinit.o
 .debug_macro   0x00005157      0x2ad ./freertos/src/FreeRTOSCommonHooks.o
 .debug_macro   0x00005404       0x16 ./freertos/src/FreeRTOSCommonHooks.o
 .debug_macro   0x0000541a       0x74 ./freertos/src/FreeRTOSCommonHooks.o
 .debug_macro   0x0000548e       0x11 ./freertos/src/FreeRTOSCommonHooks.o
 .debug_macro   0x0000549f      0x153 ./freertos/src/FreeRTOSCommonHooks.o
 .debug_macro   0x000055f2      0x2c3 ./freertos/src/heap_3.o
 .debug_macro   0x000058b5      0x2b4 ./freertos/src/list.o
 .debug_macro   0x00005b69      0x351 ./freertos/src/port.o
 .debug_macro   0x00005eba      0x329 ./freertos/src/queue.o
 .debug_macro   0x000061e3      0x37e ./freertos/src/tasks.o
 .debug_macro   0x00006561       0x17 ./freertos/src/tasks.o
 .debug_macro   0x00006578      0x303 ./freertos/src/timers.o
 .debug_macro   0x0000687b       0x97 ./freertos/src/timers.o
 .debug_macro   0x00006912      0x2ab C:\Users\Juan Diego\Documents\MCUXpressoIDE_11.3.0_5222\workspace\lpc_board_nxp_lpcxpresso_1769\Debug\liblpc_board_nxp_lpcxpresso_1769.a(board.o)
 .debug_macro   0x00006bbd       0x12 C:\Users\Juan Diego\Documents\MCUXpressoIDE_11.3.0_5222\workspace\lpc_board_nxp_lpcxpresso_1769\Debug\liblpc_board_nxp_lpcxpresso_1769.a(board.o)
 .debug_macro   0x00006bcf      0x221 C:\Users\Juan Diego\Documents\MCUXpressoIDE_11.3.0_5222\workspace\lpc_board_nxp_lpcxpresso_1769\Debug\liblpc_board_nxp_lpcxpresso_1769.a(board_sysinit.o)
 .debug_macro   0x00006df0      0x1d7 C:\Users\Juan Diego\Documents\MCUXpressoIDE_11.3.0_5222\workspace\lpc_chip_175x_6x\Debug\liblpc_chip_175x_6x.a(adc_17xx_40xx.o)
 .debug_macro   0x00006fc7      0x1d7 C:\Users\Juan Diego\Documents\MCUXpressoIDE_11.3.0_5222\workspace\lpc_chip_175x_6x\Debug\liblpc_chip_175x_6x.a(chip_17xx_40xx.o)
 .debug_macro   0x0000719e      0x1d7 C:\Users\Juan Diego\Documents\MCUXpressoIDE_11.3.0_5222\workspace\lpc_chip_175x_6x\Debug\liblpc_chip_175x_6x.a(clock_17xx_40xx.o)
 .debug_macro   0x00007375      0x1e9 C:\Users\Juan Diego\Documents\MCUXpressoIDE_11.3.0_5222\workspace\lpc_chip_175x_6x\Debug\liblpc_chip_175x_6x.a(i2c_17xx_40xx.o)
 .debug_macro   0x0000755e      0x1d7 C:\Users\Juan Diego\Documents\MCUXpressoIDE_11.3.0_5222\workspace\lpc_chip_175x_6x\Debug\liblpc_chip_175x_6x.a(iocon_17xx_40xx.o)
 .debug_macro   0x00007735      0x1d7 C:\Users\Juan Diego\Documents\MCUXpressoIDE_11.3.0_5222\workspace\lpc_chip_175x_6x\Debug\liblpc_chip_175x_6x.a(sysinit_17xx_40xx.o)
 .debug_macro   0x0000790c      0x1d7 C:\Users\Juan Diego\Documents\MCUXpressoIDE_11.3.0_5222\workspace\lpc_chip_175x_6x\Debug\liblpc_chip_175x_6x.a(timer_17xx_40xx.o)
 .debug_macro   0x00007ae3      0x1d7 C:\Users\Juan Diego\Documents\MCUXpressoIDE_11.3.0_5222\workspace\lpc_chip_175x_6x\Debug\liblpc_chip_175x_6x.a(uart_17xx_40xx.o)

.debug_line     0x00000000     0xbe8c
 .debug_line    0x00000000      0x168 ./sources/src/cr_startup_lpc175x_6x.o
 .debug_line    0x00000168      0x662 ./sources/src/lcd1602_i2c.o
 .debug_line    0x000007ca      0xd7d ./sources/src/main.o
 .debug_line    0x00001547      0x544 ./sources/src/sysinit.o
 .debug_line    0x00001a8b      0x747 ./freertos/src/FreeRTOSCommonHooks.o
 .debug_line    0x000021d2      0x6c8 ./freertos/src/heap_3.o
 .debug_line    0x0000289a      0x791 ./freertos/src/list.o
 .debug_line    0x0000302b      0x845 ./freertos/src/port.o
 .debug_line    0x00003870     0x11b6 ./freertos/src/queue.o
 .debug_line    0x00004a26     0x1bec ./freertos/src/tasks.o
 .debug_line    0x00006612      0xbdf ./freertos/src/timers.o
 .debug_line    0x000071f1      0xadb C:\Users\Juan Diego\Documents\MCUXpressoIDE_11.3.0_5222\workspace\lpc_board_nxp_lpcxpresso_1769\Debug\liblpc_board_nxp_lpcxpresso_1769.a(board.o)
 .debug_line    0x00007ccc      0x595 C:\Users\Juan Diego\Documents\MCUXpressoIDE_11.3.0_5222\workspace\lpc_board_nxp_lpcxpresso_1769\Debug\liblpc_board_nxp_lpcxpresso_1769.a(board_sysinit.o)
 .debug_line    0x00008261      0x6d7 C:\Users\Juan Diego\Documents\MCUXpressoIDE_11.3.0_5222\workspace\lpc_chip_175x_6x\Debug\liblpc_chip_175x_6x.a(adc_17xx_40xx.o)
 .debug_line    0x00008938      0x53a C:\Users\Juan Diego\Documents\MCUXpressoIDE_11.3.0_5222\workspace\lpc_chip_175x_6x\Debug\liblpc_chip_175x_6x.a(chip_17xx_40xx.o)
 .debug_line    0x00008e72      0x9a1 C:\Users\Juan Diego\Documents\MCUXpressoIDE_11.3.0_5222\workspace\lpc_chip_175x_6x\Debug\liblpc_chip_175x_6x.a(clock_17xx_40xx.o)
 .debug_line    0x00009813      0xb3c C:\Users\Juan Diego\Documents\MCUXpressoIDE_11.3.0_5222\workspace\lpc_chip_175x_6x\Debug\liblpc_chip_175x_6x.a(i2c_17xx_40xx.o)
 .debug_line    0x0000a34f      0x556 C:\Users\Juan Diego\Documents\MCUXpressoIDE_11.3.0_5222\workspace\lpc_chip_175x_6x\Debug\liblpc_chip_175x_6x.a(iocon_17xx_40xx.o)
 .debug_line    0x0000a8a5      0x613 C:\Users\Juan Diego\Documents\MCUXpressoIDE_11.3.0_5222\workspace\lpc_chip_175x_6x\Debug\liblpc_chip_175x_6x.a(sysinit_17xx_40xx.o)
 .debug_line    0x0000aeb8      0x559 C:\Users\Juan Diego\Documents\MCUXpressoIDE_11.3.0_5222\workspace\lpc_chip_175x_6x\Debug\liblpc_chip_175x_6x.a(timer_17xx_40xx.o)
 .debug_line    0x0000b411      0xa7b C:\Users\Juan Diego\Documents\MCUXpressoIDE_11.3.0_5222\workspace\lpc_chip_175x_6x\Debug\liblpc_chip_175x_6x.a(uart_17xx_40xx.o)

.debug_str      0x00000000    0x1e297
 .debug_str     0x00000000     0x2f68 ./sources/src/cr_startup_lpc175x_6x.o
                               0x2fa6 (size before relaxing)
 .debug_str     0x00002f68     0xe654 ./sources/src/lcd1602_i2c.o
                              0x114f7 (size before relaxing)
 .debug_str     0x000115bc     0x7554 ./sources/src/main.o
                              0x18a5a (size before relaxing)
 .debug_str     0x00018b10       0x23 ./sources/src/sysinit.o
                              0x115d6 (size before relaxing)
 .debug_str     0x00018b33      0x11a ./freertos/src/FreeRTOSCommonHooks.o
                              0x165bb (size before relaxing)
 .debug_str     0x00018c4d       0x77 ./freertos/src/heap_3.o
                              0x165ba (size before relaxing)
 .debug_str     0x00018cc4      0x121 ./freertos/src/list.o
                              0x15445 (size before relaxing)
 .debug_str     0x00018de5      0x692 ./freertos/src/port.o
                              0x16d67 (size before relaxing)
 .debug_str     0x00019477      0xb0c ./freertos/src/queue.o
                              0x17ac9 (size before relaxing)
 .debug_str     0x00019f83     0x1c2a ./freertos/src/tasks.o
                              0x18605 (size before relaxing)
 .debug_str     0x0001bbad      0x604 ./freertos/src/timers.o
                              0x17d80 (size before relaxing)
 .debug_str     0x0001c1b1      0x9ba C:\Users\Juan Diego\Documents\MCUXpressoIDE_11.3.0_5222\workspace\lpc_board_nxp_lpcxpresso_1769\Debug\liblpc_board_nxp_lpcxpresso_1769.a(board.o)
                              0x12500 (size before relaxing)
 .debug_str     0x0001cb6b      0x22d C:\Users\Juan Diego\Documents\MCUXpressoIDE_11.3.0_5222\workspace\lpc_board_nxp_lpcxpresso_1769\Debug\liblpc_board_nxp_lpcxpresso_1769.a(board_sysinit.o)
                              0x119e6 (size before relaxing)
 .debug_str     0x0001cd98      0x339 C:\Users\Juan Diego\Documents\MCUXpressoIDE_11.3.0_5222\workspace\lpc_chip_175x_6x\Debug\liblpc_chip_175x_6x.a(adc_17xx_40xx.o)
                              0x118e9 (size before relaxing)
 .debug_str     0x0001d0d1       0x73 C:\Users\Juan Diego\Documents\MCUXpressoIDE_11.3.0_5222\workspace\lpc_chip_175x_6x\Debug\liblpc_chip_175x_6x.a(chip_17xx_40xx.o)
                              0x11636 (size before relaxing)
 .debug_str     0x0001d144      0x5ce C:\Users\Juan Diego\Documents\MCUXpressoIDE_11.3.0_5222\workspace\lpc_chip_175x_6x\Debug\liblpc_chip_175x_6x.a(clock_17xx_40xx.o)
                              0x11cb4 (size before relaxing)
 .debug_str     0x0001d712      0x591 C:\Users\Juan Diego\Documents\MCUXpressoIDE_11.3.0_5222\workspace\lpc_chip_175x_6x\Debug\liblpc_chip_175x_6x.a(i2c_17xx_40xx.o)
                              0x11cc4 (size before relaxing)
 .debug_str     0x0001dca3       0x74 C:\Users\Juan Diego\Documents\MCUXpressoIDE_11.3.0_5222\workspace\lpc_chip_175x_6x\Debug\liblpc_chip_175x_6x.a(iocon_17xx_40xx.o)
                              0x11131 (size before relaxing)
 .debug_str     0x0001dd17       0xc4 C:\Users\Juan Diego\Documents\MCUXpressoIDE_11.3.0_5222\workspace\lpc_chip_175x_6x\Debug\liblpc_chip_175x_6x.a(sysinit_17xx_40xx.o)
                              0x11319 (size before relaxing)
 .debug_str     0x0001dddb      0x135 C:\Users\Juan Diego\Documents\MCUXpressoIDE_11.3.0_5222\workspace\lpc_chip_175x_6x\Debug\liblpc_chip_175x_6x.a(timer_17xx_40xx.o)
                              0x11462 (size before relaxing)
 .debug_str     0x0001df10      0x387 C:\Users\Juan Diego\Documents\MCUXpressoIDE_11.3.0_5222\workspace\lpc_chip_175x_6x\Debug\liblpc_chip_175x_6x.a(uart_17xx_40xx.o)
                              0x11b89 (size before relaxing)

.comment        0x00000000       0x4c
 .comment       0x00000000       0x4c ./sources/src/cr_startup_lpc175x_6x.o
                                 0x4d (size before relaxing)
 .comment       0x0000004c       0x4d ./sources/src/lcd1602_i2c.o
 .comment       0x0000004c       0x4d ./sources/src/main.o