../freertos/src/port.c:179:15:pxPortInitialiseStack	24	static
../freertos/src/port.c:199:13:prvTaskExitError	16	static
../freertos/src/port.c:225:6:SVC_Handler	0	static
../freertos/src/port.c:245:13:prvPortStartFirstTask	0	static
../freertos/src/port.c:266:12:xPortStartScheduler	8	static
../freertos/src/port.c:363:6:vPortEndScheduler	4	static
../freertos/src/port.c:371:6:vPortEnterCritical	16	static
../freertos/src/port.c:388:6:vPortExitCritical	16	static
../freertos/src/port.c:400:6:PendSV_Handler	0	static
../freertos/src/port.c:437:6:SysTick_Handler	16	static
../freertos/src/port.c:682:32:vPortSetupTimerInterrupt	4	static
